[31mWarning: [0m"smc_cp3-refactored.maude", line 140 (mod SMC_CP3): multiple distinct parses for statement
eq sumDiff (F F' FL) = (F' - F) + sumDiff (F' FL) .
[31mWarning: [0m"smc_cp3-refactored.maude", line 145 (mod SMC_CP3): multiple distinct parses for statement
eq avgDiff (FL) = if (len (FL) == 1) then 0.0 else sumDiff (FL) / float (len (FL) - 1) fi .
[31mWarning: [0m"smc_cp3-refactored.maude", line 150 (mod SMC_CP3): multiple distinct parses for statement
eq sumSquaredDiff (F FL, F') = (F - F') * (F - F') + sumSquaredDiff (FL, F') .
[31mWarning: [0m"smc_cp3-refactored.maude", line 225 (mod SMC_CP3): multiple distinct parses for statement
eq compLatency (Tsent, Trcvd) = Trcvd - Tsent .
[31mWarning: [0m"smc_cp3-refactored.maude", line 291 (mod SMC_CP3): multiple distinct parses for statement
eq getGoodput (< ADDR : IrcMonitor | msgRcvd: ircMTL, attrs >, Tstart, Tend) = collectGoodput (filterWindow (ircMTL, Tstart, Tend), Tstart, Tend) * 8.0 / (Tend - Tstart) .
[31mWarning: [0m"smc_cp3-refactored.maude", line 381 (mod SMC_CP3): multiple distinct parses for statement
eq normMED (NL, NL') = if max (lenMsgIdList (NL), lenMsgIdList (NL')) == 0 then 1.0 else 1.0 - (float (med (NL, NL')) / float (max (lenMsgIdList (NL), lenMsgIdList (NL')))) fi .
[31mWarning: [0m"smc_cp3-refactored.maude", line 500 (mod SMC_CP3): multiple distinct parses for statement
eq getMTBF (< ADDR : IrcMonitor | msgSent: ircMTL, msgRcvd: ircMTL', attrs >, Tn, Tstart, Tend) = getMTBFAux (filterWindow (ircMTL, Tstart - Tn, Tend + Tn), filterWindow (ircMTL', Tstart - Tn, Tend + Tn), Tn, Tstart, Tend) .
[31mWarning: [0m"smc_cp3-refactored.maude", line 560 (mod SMC_CP3): multiple distinct parses for statement
eq KsDistanceX (F FL, nil, I, J, invN, invN', D) = max2 (D, abs ((float (I) * invN) - 1.0)) .
[31mWarning: [0m"smc_cp3-refactored.maude", line 561 (mod SMC_CP3): multiple distinct parses for statement
eq KsDistanceX (nil, F' FL', I, J, invN, invN', D) = max2 (D, abs (1.0 - (float (J) * invN'))) .
[31mWarning: [0m"smc_cp3-refactored.maude", line 563 (mod SMC_CP3): multiple distinct parses for statement
ceq KsDistanceX (F FL, F' FL', I, J, invN, invN', D) = KsDistanceX (FL1, FL2, I + C1, J + C2, invN, invN', max2 (D, abs ((float (I + C1) * invN) - (float (J + C2) * invN')))) if F == F' /\ prefix (C1, FL1) := skipEqPrefix (F, F FL) /\ prefix (C2, FL2) := skipEqPrefix (F', F' FL') .
[31mWarning: [0m"smc_cp3-refactored.maude", line 569 (mod SMC_CP3): multiple distinct parses for statement
ceq KsDistanceX (F FL, F' FL', I, J, invN, invN', D) = KsDistanceX (FL, F' FL', I + 1, J, invN, invN', max2 (D, abs ((float (I + 1) * invN) - (float (J) * invN')))) if F < F' .
[31mWarning: [0m"smc_cp3-refactored.maude", line 573 (mod SMC_CP3): multiple distinct parses for statement
ceq KsDistanceX (F FL, F' FL', I, J, invN, invN', D) = KsDistanceX (F FL, FL', I, J + 1, invN, invN', max2 (D, abs ((float (I) * invN) - (float (J + 1) * invN')))) if F > F' .
[31mWarning: [0m"smc_cp3-refactored.maude", line 583 (mod SMC_CP3): multiple distinct parses for statement
eq KsStatisticZ (FL, FL', K) = KsDistance (FL, FL') - K .
[31mWarning: [0m"smc_cp3-refactored.maude", line 679 (mod SMC_CP3): multiple distinct parses for statement
eq compObsFeatureX (vp, dnsQueryRate, Fid, TOL, Tstart, Tend) = float (countDNSQuery (vp, Fid, TOL, Tstart, Tend)) / (Tend - Tstart) .
[31mWarning: [0m"smc_cp3-refactored.maude", line 693 (mod SMC_CP3): multiple distinct parses for statement
eq compObsFeatureX (vp, tcpUpRate, Fid, TOL, Tstart, Tend) = float (sizeTCPUpload (vp, Fid, TOL, Tstart, Tend)) / (Tend - Tstart) .
[31mWarning: [0m"smc_cp3-refactored.maude", line 695 (mod SMC_CP3): multiple distinct parses for statement
eq compObsFeatureX (vp, tcpDownRate, Fid, TOL, Tstart, Tend) = float (sizeTCPDownload (vp, Fid, TOL, Tstart, Tend)) / (Tend - Tstart) .
[31mWarning: [0m"smc_cp3-refactored.maude", line 703 (mod SMC_CP3): multiple distinct parses for statement
eq compObsFeatureX (vp, tcpOutPktRate, Fid, TOL, Tstart, Tend) = float (countTCPOutPkt (vp, Fid, TOL, Tstart, Tend)) / (Tend - Tstart) .
[31mWarning: [0m"smc_cp3-refactored.maude", line 705 (mod SMC_CP3): multiple distinct parses for statement
eq compObsFeatureX (vp, tcpInPktRate, Fid, TOL, Tstart, Tend) = float (countTCPInPkt (vp, Fid, TOL, Tstart, Tend)) / (Tend - Tstart) .
[31mWarning: [0m"smc_cp3-refactored.maude", line 724 (mod SMC_CP3): multiple distinct parses for statement
eq compObsFeatureX (vp, dnsQueryRate, TOL, Tstart, Tend) = float (countDNSQuery (vp, TOL, Tstart, Tend)) / (Tend - Tstart) .
[31mWarning: [0m"smc_cp3-refactored.maude", line 738 (mod SMC_CP3): multiple distinct parses for statement
eq compObsFeatureX (vp, tcpUpRate, TOL, Tstart, Tend) = float (sizeTCPUpload (vp, TOL, Tstart, Tend)) / (Tend - Tstart) .
[31mWarning: [0m"smc_cp3-refactored.maude", line 740 (mod SMC_CP3): multiple distinct parses for statement
eq compObsFeatureX (vp, tcpDownRate, TOL, Tstart, Tend) = float (sizeTCPDownload (vp, TOL, Tstart, Tend)) / (Tend - Tstart) .
[31mWarning: [0m"smc_cp3-refactored.maude", line 748 (mod SMC_CP3): multiple distinct parses for statement
eq compObsFeatureX (vp, tcpOutPktRate, TOL, Tstart, Tend) = float (countTCPOutPkt (vp, TOL, Tstart, Tend)) / (Tend - Tstart) .
[31mWarning: [0m"smc_cp3-refactored.maude", line 750 (mod SMC_CP3): multiple distinct parses for statement
eq compObsFeatureX (vp, tcpInPktRate, TOL, Tstart, Tend) = float (countTCPInPkt (vp, TOL, Tstart, Tend)) / (Tend - Tstart) .
[31mWarning: [0m"smc_cp3-refactored.maude", line 911 (mod SMC_CP3): multiple distinct parses for statement
ceq expectedKObsFeature (vp, obsF, baselineCDF, binECDFs, T, Tend, winSize, binSize, Ksum, N) = if KD >= 0.0 then expectedKObsFeature (vp, obsF, baselineCDF, binECDFs, T + binSize, Tend, winSize, binSize, Ksum + KD, N + 1) else expectedKObsFeature (vp, obsF, baselineCDF, binECDFs, T + binSize, Tend, winSize, binSize, Ksum, N) fi if (T + winSize) <= (Tend + Tesp) /\ ECDF := sort (getECDFObsFeatureRange (binECDFs, floor (rat (T / binSize)), (floor (rat (T / binSize)) + floor (rat (winSize / binSize))) - 1)) /\ KD := KsDistance (baselineCDF, ECDF) .
[31mWarning: [0m"smc_cp3-refactored.maude", line 1079 (mod SMC_CP3): multiple distinct parses for statement
eq getCUSUMZt (< ADDR : Adversary | gt: (bl (vp, obsF, K, Zt) :; blList), attrs >, vp, obsF, Tstart, Tend, winSize, binSize) = cusumRange (Zt, floor (rat (Tstart / binSize)), floor (rat ((Tend - winSize) / binSize))) .
  step=250 n=250 250 250 250 250 250 250 250 250 250 250 250 250 250 250 250 250 250 250 250 250 250 250 250 250 250 250 250 250 250 250 250 250 250 250 250 250 250 250 250 250 250 250 250 250 250 250 250 250 250 250 250 250 250 250 250 250 250 250 250 250 250 250 250 250 250 250 250 250 250 250 250 250 250 250 250 250 250 250 250 250 250 250 250 250 250 250 250 250 250 250 250 250 250 250 250 250 250 250 250 250 250 250 250 250 250 250 250 250 250 250 250 250 250 250 250 250 250 250 250 250 250 250 250 250 250 250 250 250 250 250 250 250 250 250 250 250 250 250 250 250 250 250 250 250 250 250 250 250 250 250 250 250 250 250 250 250 250 250 250 μ=25.02026041621629 1.2971098299557373 1.2971098299557373 3.8222118726534515 0.9195588133781898 25.502724406319555 1.29590766309348 3.7040494397916337 3.1206666998894543 12.479263291321983 25.02026041621629 1.2971098299557373 1.2971098299557373 3.8222118726534515 0.9195588133781898 25.502724406319555 1.29590766309348 3.7040494397916337 3.1206666998894543 12.479263291321983 20.278109854366416 0.8306908836544245 0.8306908836544245 2.568198806196588 1.1551206042279714 16.19440972029002 0.7809017433825477 4.36395901421202 1.8167168754726981 13.635707788369773 0.010881599877580106 0.04284333670652213 0.04284333670652213 0.07738081496624373 0.5436664673033869 0.05621513470756132 0.14164179926965192 1.1441350144113982 0.19015031346218772 0.9490918710281595 12.68874671344315 0.4663923310327901 0.4663923310327901 1.4630936804231471 1.1390380241802394 5.394969623476776 0.43578736310436006 4.326104728229632 0.8452523276513542 12.419739803401974 0.004662881481760962 0.03164064543458536 0.03164064543458536 0.06807180214359755 0.43568714839633765 0.041615774703323394 0.09306484716846367 0.7254560239634686 0.16505009312008703 0.5992108318736725 4.883876154781146 0.209803467655362 0.209803467655362 0.7739435309825776 1.408355539325408 0.2384280644385157 0.31066304015806245 4.193602603437214 0.5746721980596383 11.196918764291272 0.009683292556973448 0.04300138203917855 0.04300138203917855 0.0861653029118476 0.5656706337198972 0.05496442781691406 0.16015493798045582 0.65830649761454 0.20409894017592137 0.5620824764107046 0.7515829760101872 0.11380072860498719 0.11380072860498719 0.4823701877733891 3.9186122233702223 0.0791006466190135 0.9203237656447933 4.031572576973998 0.446379485658804 10.119096535271764 0.008737387246656061 0.047853253806292746 0.047853253806292746 0.08896895522506845 2.7368342637909713 0.0791006466190135 0.7004940570478281 0.6139958154959606 0.18092922651355733 0.5867174916924163 0.1197325917370859 0.12531346710892538 0.12531346710892538 0.7001798901618725 9.462607893872248 0.04532611133503763 1.5763892932361128 3.8542974088040083 0.5933818230235408 9.351257493537215 0.003034076322864125 0.08716939423455393 0.08716939423455393 0.4083847664925881 5.221979617903995 0.04532611133503763 0.7768762607643915 0.6012789103096634 0.35405872643609587 0.6109838046956328 0.137387017995424 0.11175834711147105 0.11175834711147105 3.0579648013090783 14.461765495621078 1.0704191733797852 2.5980595366402404 3.69377232918268 0.8546989175914927 8.168462021552912 0.12898808164613804 0.06360676723767698 0.06360676723767698 2.304483961162127 4.696653997766117 1.0704191733797852 1.1454568912507905 0.5861807774912302 0.48397612572169574 0.4128721473967202 0.8378450795608775 0.1244343274353377 0.1244343274353377 6.469810004998817 18.571616057941995 10.60878759899379 3.9920531918855415 5.50236288833412 0.9223876898355317 6.9194139296269315 0.6909738095799883 0.07187835343041948 0.07187835343041948 3.229969543185705 3.86748282276689 9.143413125779226 1.3840886905038108 1.9633984161011813 0.3775441803898045 0.2094695223267613 σ=0.9515828735271894 0.5252140053635141 0.5252140053635141 0.6177236087760807 0.84571234681457 1.7267925950671044 1.058277173653947 2.078746195853165 0.8662477351790828 0.9600373052847408 0.9515828735271894 0.5252140053635141 0.5252140053635141 0.6177236087760807 0.84571234681457 1.7267925950671044 1.058277173653947 2.078746195853165 0.8662477351790828 0.9600373052847408 1.6335968625356683 0.6499458865972277 0.6499458865972277 1.007799423342519 1.0941117065123775 2.625020128746996 1.0098552510645136 2.960571423997025 1.3718460038146456 2.122062566054677 0.04893899765476702 0.1072128261653898 0.1072128261653898 0.2627831830386425 0.6343201930799837 0.16414809190067228 0.28044483473059806 1.3505076435700147 0.47935061799273926 1.2986447490397681 2.5148809351476147 0.5559524970658625 0.5559524970658625 1.2101712403997504 1.1509775950321388 3.297505278569316 0.7961132960170468 3.4425463126099856 1.3711455321213304 3.1429231218674265 0.03098383551404538 0.09530291064166473 0.09530291064166473 0.24910849218437622 0.5533226293343626 0.12794913799278765 0.21315040528228332 1.1645209348534014 0.5040614237502933 1.0965785074188426 3.267001924635893 0.37633183485740107 0.37633183485740107 1.1286523755636952 1.3329087966339386 0.6967547854305394 0.6193406725030963 3.6093188266343676 1.207816361699865 3.799605290087294 0.06339619330926798 0.11257515481006801 0.11257515481006801 0.20935659964912232 0.6626354812016934 0.1518214125680017 0.3267658156576769 0.9255458882477268 0.5487691691955849 0.9277546285856982 1.9794969504855582 0.2975009679851283 0.2975009679851283 0.9024691396925321 1.8163304478894398 0.21927651712018967 1.228219790025959 3.6713369387165775 1.031302863437275 4.242377923033252 0.04972203100750516 0.12282739829956997 0.12282739829956997 0.21505817514478298 1.0286180457555523 0.21927651712018967 0.9094297991834239 0.8671020439269793 0.5263462615944631 0.947977411540574 0.7518986182115351 0.28643561360941155 0.28643561360941155 0.9692041908777381 2.4660516326462467 0.12817417277041793 1.7123755280491473 3.699789787402483 1.0945165658214575 4.6037024041479695 0.019866869779459638 0.20233066083437923 0.20233066083437923 0.5376010756254176 1.430872051292833 0.12817417277041793 1.0010737174860052 1.0306329602061302 0.6923695204027038 1.1166657490340244 0.449002104036704 0.28183126232312194 0.28183126232312194 1.5145563981451644 3.062190537512609 1.1206728936559087 2.0427113442822806 3.7313794790034764 1.264471412082054 4.954460198085258 0.43251075883664486 0.18761151241254218 0.18761151241254218 0.9187407975400059 1.2612639546550115 1.1206728936559087 1.053059387769204 0.8731373995579117 0.7035614993291768 0.8167176294993508 2.029786947183306 0.2389656246424603 0.2389656246424603 1.766923727177937 3.6545553851054855 1.7134748656275889 2.308513737629245 4.298849414597544 1.3472225179164248 5.044578386826388 1.6716480546506496 0.12679971865854972 0.12679971865854972 0.7102591058131438 1.3514734912186372 0.8077744807942472 0.8804122339873516 1.6838283447988258 0.6050581281598518 0.5866696502093338 r=0.11853339607923111 0.06542299305298922 0.06542299305298922 0.0769464008059988 0.10534569228058223 0.21509696770716846 0.13182371275910562 0.25893787397406093 0.10790367161203988 0.11958651771059058 0.11853339607923111 0.06542299305298922 0.06542299305298922 0.0769464008059988 0.10534569228058223 0.21509696770716846 0.13182371275910562 0.25893787397406093 0.10790367161203988 0.11958651771059058 0.20348809265869675 0.08096015108020434 0.08096015108020434 0.1255359796175086 0.13628742159076862 0.3269841852905431 0.1257920626644203 0.3687819474101387 0.1708832412327202 0.2643335537499893 0.006096059265160066 0.013354906590038362 0.013354906590038362 0.03273344233553033 0.07901374518091904 0.020447016580691407 0.03493345624252313 0.16822524015165527 0.05971004548741922 0.16176496728400422 0.31326475735425463 0.06925191632724623 0.06925191632724623 0.15074431345143308 0.14337088964681458 0.4107519272695737 0.09916741385955016 0.4288188837207321 0.1707959873623786 0.3914964861336806 0.003859484390914851 0.01187135452818681 0.01187135452818681 0.031030062007465317 0.06892432830299103 0.015937913841890885 0.026550962734462898 0.14505790830586096 0.06278813338473509 0.13659469728585422 0.40695229380188275 0.04687756755544586 0.04687756755544586 0.14058996099054324 0.16603304948445735 0.08679087575989042 0.07714782945774536 0.44959280999654627 0.15045097928431272 0.4732957384208223 0.007896911872309197 0.014022862101669885 0.014022862101669885 0.026078389427110025 0.0825408234369489 0.01891155056472032 0.0407034036971849 0.11529011336082742 0.06835712905090685 0.11556524388345496 0.2465749464361609 0.03705804407915112 0.03705804407915112 0.11241557089814663 0.22625020098608847 0.027314058478522092 0.15299252108632796 0.45731806194047664 0.12846367267660042 0.5284494673645659 0.00619359738309542 0.015299927160372973 0.015299927160372973 0.026788603035723772 0.12812923984208696 0.027314058478522092 0.11328262161055415 0.10801008811028245 0.0655640319262392 0.11808428369438545 0.09365983689212322 0.03567969431113545 0.03567969431113545 0.12072838576122095 0.30718236220540807 0.015965945174915595 0.21330111370150945 0.4608622753523551 0.1363378526674248 0.5734576521738838 0.0024747056824325144 0.025203207231712318 0.025203207231712318 0.0669659816317696 0.1782357882986312 0.015965945174915595 0.12469819577504879 0.12838022654989817 0.08624462763908292 0.1390968534645231 0.0559296995761558 0.03510615583131529 0.03510615583131529 0.18865988283315283 0.38144007626749765 0.13959600122540283 0.25444921255240716 0.46479722787276134 0.15750818440397688 0.6171496034198495 0.05387546425219263 0.023369724622501874 0.023369724622501874 0.11444244098813805 0.15710864923769371 0.13959600122540283 0.131173762136686 0.10876187885744945 0.08763875032446153 0.10173398130159936 0.2528392921523694 0.029766621303379606 0.029766621303379606 0.22009588005619926 0.455227676965771 0.21343805208095631 0.2875587411556487 0.5354838075812659 0.16781603028554695 0.628375125922583 0.2082279184287148 0.015794737056140908 0.015794737056140908 0.08847303398406987 0.16834555043158075 0.10061998291307411 0.10966806459788773 0.20974514955661663 0.07536873219490606 0.07307818157567963
  Query 1 has converged
  Query 2 has converged
  Query 3 has converged
  Query 4 has converged
  Query 5 has converged
  Query 6 has converged
  Query 7 has converged
  Query 8 has converged
  Query 9 has converged
  Query 10 has converged
  Query 11 has converged
  Query 12 has converged
  Query 13 has converged
  Query 14 has converged
  Query 15 has converged
  Query 16 has converged
  Query 17 has converged
  Query 18 has converged
  Query 19 has converged
  Query 20 has converged
  Query 21 has converged
  Query 22 has converged
  Query 23 has converged
  Query 24 has converged
  Query 25 has converged
  Query 26 has converged
  Query 27 has converged
  Query 28 has converged
  Query 29 has converged
  Query 30 has converged
  Query 31 has converged
  Query 32 has converged
  Query 33 has converged
  Query 34 has converged
  Query 35 has converged
  Query 36 has converged
  Query 37 has converged
  Query 38 has converged
  Query 39 has converged
  Query 40 has converged
  Query 41 has converged
  Query 42 has converged
  Query 43 has converged
  Query 44 has converged
  Query 45 has converged
  Query 46 has converged
  Query 47 has converged
  Query 48 has converged
  Query 49 has converged
  Query 50 has converged
  Query 51 has converged
  Query 52 has converged
  Query 53 has converged
  Query 54 has converged
  Query 55 has converged
  Query 56 has converged
  Query 57 has converged
  Query 58 has converged
  Query 59 has converged
  Query 60 has converged
  Query 61 has converged
  Query 62 has converged
  Query 63 has converged
  Query 64 has converged
  Query 65 has converged
  Query 66 has converged
  Query 67 has converged
  Query 68 has converged
  Query 69 has converged
  Query 70 has converged
  Query 71 has converged
  Query 72 has converged
  Query 73 has converged
  Query 74 has converged
  Query 75 has converged
  Query 76 has converged
  Query 77 has converged
  Query 78 has converged
  Query 79 has converged
  Query 80 has converged
  Query 81 has converged
  Query 82 has converged
  Query 83 has converged
  Query 84 has converged
  Query 85 has converged
  Query 86 has converged
  Query 87 has converged
  Query 88 has converged
  Query 89 has converged
  Query 91 has converged
  Query 92 has converged
  Query 93 has converged
  Query 94 has converged
  Query 95 has converged
  Query 96 has converged
  Query 97 has converged
  Query 98 has converged
  Query 99 has converged
  Query 100 has converged
  Query 101 has converged
  Query 102 has converged
  Query 103 has converged
  Query 104 has converged
  Query 105 has converged
  Query 106 has converged
  Query 107 has converged
  Query 108 has converged
  Query 109 has converged
  Query 111 has converged
  Query 112 has converged
  Query 113 has converged
  Query 114 has converged
  Query 115 has converged
  Query 116 has converged
  Query 117 has converged
  Query 118 has converged
  Query 119 has converged
  Query 120 has converged
  Query 121 has converged
  Query 122 has converged
  Query 123 has converged
  Query 124 has converged
  Query 125 has converged
  Query 126 has converged
  Query 127 has converged
  Query 128 has converged
  Query 129 has converged
  Query 131 has converged
  Query 132 has converged
  Query 133 has converged
  Query 134 has converged
  Query 135 has converged
  Query 136 has converged
  Query 137 has converged
  Query 138 has converged
  Query 139 has converged
  Query 140 has converged
  Query 141 has converged
  Query 142 has converged
  Query 143 has converged
  Query 144 has converged
  Query 145 has converged
  Query 146 has converged
  Query 147 has converged
  Query 149 has converged
  Query 151 has converged
  Query 152 has converged
  Query 153 has converged
  Query 154 has converged
  Query 155 has converged
  Query 156 has converged
  Query 157 has converged
  Query 158 has converged
  Query 159 has converged
  Query 160 has converged
{"nsims": 250, "queries": [{"mean": 25.02026041621629, "std": 0.9515828735271894, "radius": 0.11853339607923111, "file": "/home/dylan-l/maude-hcs/use-cases/challenge-problem-3/cp3_scenarios/scenario2/pwnd_cp3_scenario_2-quatex.maude", "line": 1, "column": 1, "nsims": 250, "discarded": 0}, {"mean": 1.2971098299557373, "std": 0.5252140053635141, "radius": 0.06542299305298922, "file": "/home/dylan-l/maude-hcs/use-cases/challenge-problem-3/cp3_scenarios/scenario2/pwnd_cp3_scenario_2-quatex.maude", "line": 2, "column": 1, "nsims": 250, "discarded": 0}, {"mean": 1.2971098299557373, "std": 0.5252140053635141, "radius": 0.06542299305298922, "file": "/home/dylan-l/maude-hcs/use-cases/challenge-problem-3/cp3_scenarios/scenario2/pwnd_cp3_scenario_2-quatex.maude", "line": 3, "column": 1, "nsims": 250, "discarded": 0}, {"mean": 3.8222118726534515, "std": 0.6177236087760807, "radius": 0.0769464008059988, "file": "/home/dylan-l/maude-hcs/use-cases/challenge-problem-3/cp3_scenarios/scenario2/pwnd_cp3_scenario_2-quatex.maude", "line": 4, "column": 1, "nsims": 250, "discarded": 0}, {"mean": 0.9195588133781898, "std": 0.84571234681457, "radius": 0.10534569228058223, "file": "/home/dylan-l/maude-hcs/use-cases/challenge-problem-3/cp3_scenarios/scenario2/pwnd_cp3_scenario_2-quatex.maude", "line": 5, "column": 1, "nsims": 250, "discarded": 0}, {"mean": 25.502724406319555, "std": 1.7267925950671044, "radius": 0.21509696770716846, "file": "/home/dylan-l/maude-hcs/use-cases/challenge-problem-3/cp3_scenarios/scenario2/pwnd_cp3_scenario_2-quatex.maude", "line": 6, "column": 1, "nsims": 250, "discarded": 0}, {"mean": 1.29590766309348, "std": 1.058277173653947, "radius": 0.13182371275910562, "file": "/home/dylan-l/maude-hcs/use-cases/challenge-problem-3/cp3_scenarios/scenario2/pwnd_cp3_scenario_2-quatex.maude", "line": 7, "column": 1, "nsims": 250, "discarded": 0}, {"mean": 3.7040494397916337, "std": 2.078746195853165, "radius": 0.25893787397406093, "file": "/home/dylan-l/maude-hcs/use-cases/challenge-problem-3/cp3_scenarios/scenario2/pwnd_cp3_scenario_2-quatex.maude", "line": 8, "column": 1, "nsims": 250, "discarded": 0}, {"mean": 3.1206666998894543, "std": 0.8662477351790828, "radius": 0.10790367161203988, "file": "/home/dylan-l/maude-hcs/use-cases/challenge-problem-3/cp3_scenarios/scenario2/pwnd_cp3_scenario_2-quatex.maude", "line": 9, "column": 1, "nsims": 250, "discarded": 0}, {"mean": 12.479263291321983, "std": 0.9600373052847408, "radius": 0.11958651771059058, "file": "/home/dylan-l/maude-hcs/use-cases/challenge-problem-3/cp3_scenarios/scenario2/pwnd_cp3_scenario_2-quatex.maude", "line": 10, "column": 1, "nsims": 250, "discarded": 0}, {"mean": 25.02026041621629, "std": 0.9515828735271894, "radius": 0.11853339607923111, "file": "/home/dylan-l/maude-hcs/use-cases/challenge-problem-3/cp3_scenarios/scenario2/pwnd_cp3_scenario_2-quatex.maude", "line": 11, "column": 1, "nsims": 250, "discarded": 0}, {"mean": 1.2971098299557373, "std": 0.5252140053635141, "radius": 0.06542299305298922, "file": "/home/dylan-l/maude-hcs/use-cases/challenge-problem-3/cp3_scenarios/scenario2/pwnd_cp3_scenario_2-quatex.maude", "line": 12, "column": 1, "nsims": 250, "discarded": 0}, {"mean": 1.2971098299557373, "std": 0.5252140053635141, "radius": 0.06542299305298922, "file": "/home/dylan-l/maude-hcs/use-cases/challenge-problem-3/cp3_scenarios/scenario2/pwnd_cp3_scenario_2-quatex.maude", "line": 13, "column": 1, "nsims": 250, "discarded": 0}, {"mean": 3.8222118726534515, "std": 0.6177236087760807, "radius": 0.0769464008059988, "file": "/home/dylan-l/maude-hcs/use-cases/challenge-problem-3/cp3_scenarios/scenario2/pwnd_cp3_scenario_2-quatex.maude", "line": 14, "column": 1, "nsims": 250, "discarded": 0}, {"mean": 0.9195588133781898, "std": 0.84571234681457, "radius": 0.10534569228058223, "file": "/home/dylan-l/maude-hcs/use-cases/challenge-problem-3/cp3_scenarios/scenario2/pwnd_cp3_scenario_2-quatex.maude", "line": 15, "column": 1, "nsims": 250, "discarded": 0}, {"mean": 25.502724406319555, "std": 1.7267925950671044, "radius": 0.21509696770716846, "file": "/home/dylan-l/maude-hcs/use-cases/challenge-problem-3/cp3_scenarios/scenario2/pwnd_cp3_scenario_2-quatex.maude", "line": 16, "column": 1, "nsims": 250, "discarded": 0}, {"mean": 1.29590766309348, "std": 1.058277173653947, "radius": 0.13182371275910562, "file": "/home/dylan-l/maude-hcs/use-cases/challenge-problem-3/cp3_scenarios/scenario2/pwnd_cp3_scenario_2-quatex.maude", "line": 17, "column": 1, "nsims": 250, "discarded": 0}, {"mean": 3.7040494397916337, "std": 2.078746195853165, "radius": 0.25893787397406093, "file": "/home/dylan-l/maude-hcs/use-cases/challenge-problem-3/cp3_scenarios/scenario2/pwnd_cp3_scenario_2-quatex.maude", "line": 18, "column": 1, "nsims": 250, "discarded": 0}, {"mean": 3.1206666998894543, "std": 0.8662477351790828, "radius": 0.10790367161203988, "file": "/home/dylan-l/maude-hcs/use-cases/challenge-problem-3/cp3_scenarios/scenario2/pwnd_cp3_scenario_2-quatex.maude", "line": 19, "column": 1, "nsims": 250, "discarded": 0}, {"mean": 12.479263291321983, "std": 0.9600373052847408, "radius": 0.11958651771059058, "file": "/home/dylan-l/maude-hcs/use-cases/challenge-problem-3/cp3_scenarios/scenario2/pwnd_cp3_scenario_2-quatex.maude", "line": 20, "column": 1, "nsims": 250, "discarded": 0}, {"mean": 20.278109854366416, "std": 1.6335968625356683, "radius": 0.20348809265869675, "file": "/home/dylan-l/maude-hcs/use-cases/challenge-problem-3/cp3_scenarios/scenario2/pwnd_cp3_scenario_2-quatex.maude", "line": 21, "column": 1, "nsims": 250, "discarded": 0}, {"mean": 0.8306908836544245, "std": 0.6499458865972277, "radius": 0.08096015108020434, "file": "/home/dylan-l/maude-hcs/use-cases/challenge-problem-3/cp3_scenarios/scenario2/pwnd_cp3_scenario_2-quatex.maude", "line": 22, "column": 1, "nsims": 250, "discarded": 0}, {"mean": 0.8306908836544245, "std": 0.6499458865972277, "radius": 0.08096015108020434, "file": "/home/dylan-l/maude-hcs/use-cases/challenge-problem-3/cp3_scenarios/scenario2/pwnd_cp3_scenario_2-quatex.maude", "line": 23, "column": 1, "nsims": 250, "discarded": 0}, {"mean": 2.568198806196588, "std": 1.007799423342519, "radius": 0.1255359796175086, "file": "/home/dylan-l/maude-hcs/use-cases/challenge-problem-3/cp3_scenarios/scenario2/pwnd_cp3_scenario_2-quatex.maude", "line": 24, "column": 1, "nsims": 250, "discarded": 0}, {"mean": 1.1551206042279714, "std": 1.0941117065123775, "radius": 0.13628742159076862, "file": "/home/dylan-l/maude-hcs/use-cases/challenge-problem-3/cp3_scenarios/scenario2/pwnd_cp3_scenario_2-quatex.maude", "line": 25, "column": 1, "nsims": 250, "discarded": 0}, {"mean": 16.19440972029002, "std": 2.625020128746996, "radius": 0.3269841852905431, "file": "/home/dylan-l/maude-hcs/use-cases/challenge-problem-3/cp3_scenarios/scenario2/pwnd_cp3_scenario_2-quatex.maude", "line": 26, "column": 1, "nsims": 250, "discarded": 0}, {"mean": 0.7809017433825477, "std": 1.0098552510645136, "radius": 0.1257920626644203, "file": "/home/dylan-l/maude-hcs/use-cases/challenge-problem-3/cp3_scenarios/scenario2/pwnd_cp3_scenario_2-quatex.maude", "line": 27, "column": 1, "nsims": 250, "discarded": 0}, {"mean": 4.36395901421202, "std": 2.960571423997025, "radius": 0.3687819474101387, "file": "/home/dylan-l/maude-hcs/use-cases/challenge-problem-3/cp3_scenarios/scenario2/pwnd_cp3_scenario_2-quatex.maude", "line": 28, "column": 1, "nsims": 250, "discarded": 0}, {"mean": 1.8167168754726981, "std": 1.3718460038146456, "radius": 0.1708832412327202, "file": "/home/dylan-l/maude-hcs/use-cases/challenge-problem-3/cp3_scenarios/scenario2/pwnd_cp3_scenario_2-quatex.maude", "line": 29, "column": 1, "nsims": 250, "discarded": 0}, {"mean": 13.635707788369773, "std": 2.122062566054677, "radius": 0.2643335537499893, "file": "/home/dylan-l/maude-hcs/use-cases/challenge-problem-3/cp3_scenarios/scenario2/pwnd_cp3_scenario_2-quatex.maude", "line": 30, "column": 1, "nsims": 250, "discarded": 0}, {"mean": 0.010881599877580106, "std": 0.04893899765476702, "radius": 0.006096059265160066, "file": "/home/dylan-l/maude-hcs/use-cases/challenge-problem-3/cp3_scenarios/scenario2/pwnd_cp3_scenario_2-quatex.maude", "line": 31, "column": 1, "nsims": 250, "discarded": 0}, {"mean": 0.04284333670652213, "std": 0.1072128261653898, "radius": 0.013354906590038362, "file": "/home/dylan-l/maude-hcs/use-cases/challenge-problem-3/cp3_scenarios/scenario2/pwnd_cp3_scenario_2-quatex.maude", "line": 32, "column": 1, "nsims": 250, "discarded": 0}, {"mean": 0.04284333670652213, "std": 0.1072128261653898, "radius": 0.013354906590038362, "file": "/home/dylan-l/maude-hcs/use-cases/challenge-problem-3/cp3_scenarios/scenario2/pwnd_cp3_scenario_2-quatex.maude", "line": 33, "column": 1, "nsims": 250, "discarded": 0}, {"mean": 0.07738081496624373, "std": 0.2627831830386425, "radius": 0.03273344233553033, "file": "/home/dylan-l/maude-hcs/use-cases/challenge-problem-3/cp3_scenarios/scenario2/pwnd_cp3_scenario_2-quatex.maude", "line": 34, "column": 1, "nsims": 250, "discarded": 0}, {"mean": 0.5436664673033869, "std": 0.6343201930799837, "radius": 0.07901374518091904, "file": "/home/dylan-l/maude-hcs/use-cases/challenge-problem-3/cp3_scenarios/scenario2/pwnd_cp3_scenario_2-quatex.maude", "line": 35, "column": 1, "nsims": 250, "discarded": 0}, {"mean": 0.05621513470756132, "std": 0.16414809190067228, "radius": 0.020447016580691407, "file": "/home/dylan-l/maude-hcs/use-cases/challenge-problem-3/cp3_scenarios/scenario2/pwnd_cp3_scenario_2-quatex.maude", "line": 36, "column": 1, "nsims": 250, "discarded": 0}, {"mean": 0.14164179926965192, "std": 0.28044483473059806, "radius": 0.03493345624252313, "file": "/home/dylan-l/maude-hcs/use-cases/challenge-problem-3/cp3_scenarios/scenario2/pwnd_cp3_scenario_2-quatex.maude", "line": 37, "column": 1, "nsims": 250, "discarded": 0}, {"mean": 1.1441350144113982, "std": 1.3505076435700147, "radius": 0.16822524015165527, "file": "/home/dylan-l/maude-hcs/use-cases/challenge-problem-3/cp3_scenarios/scenario2/pwnd_cp3_scenario_2-quatex.maude", "line": 38, "column": 1, "nsims": 250, "discarded": 0}, {"mean": 0.19015031346218772, "std": 0.47935061799273926, "radius": 0.05971004548741922, "file": "/home/dylan-l/maude-hcs/use-cases/challenge-problem-3/cp3_scenarios/scenario2/pwnd_cp3_scenario_2-quatex.maude", "line": 39, "column": 1, "nsims": 250, "discarded": 0}, {"mean": 0.9490918710281595, "std": 1.2986447490397681, "radius": 0.16176496728400422, "file": "/home/dylan-l/maude-hcs/use-cases/challenge-problem-3/cp3_scenarios/scenario2/pwnd_cp3_scenario_2-quatex.maude", "line": 40, "column": 1, "nsims": 250, "discarded": 0}, {"mean": 12.68874671344315, "std": 2.5148809351476147, "radius": 0.31326475735425463, "file": "/home/dylan-l/maude-hcs/use-cases/challenge-problem-3/cp3_scenarios/scenario2/pwnd_cp3_scenario_2-quatex.maude", "line": 41, "column": 1, "nsims": 250, "discarded": 0}, {"mean": 0.4663923310327901, "std": 0.5559524970658625, "radius": 0.06925191632724623, "file": "/home/dylan-l/maude-hcs/use-cases/challenge-problem-3/cp3_scenarios/scenario2/pwnd_cp3_scenario_2-quatex.maude", "line": 42, "column": 1, "nsims": 250, "discarded": 0}, {"mean": 0.4663923310327901, "std": 0.5559524970658625, "radius": 0.06925191632724623, "file": "/home/dylan-l/maude-hcs/use-cases/challenge-problem-3/cp3_scenarios/scenario2/pwnd_cp3_scenario_2-quatex.maude", "line": 43, "column": 1, "nsims": 250, "discarded": 0}, {"mean": 1.4630936804231471, "std": 1.2101712403997504, "radius": 0.15074431345143308, "file": "/home/dylan-l/maude-hcs/use-cases/challenge-problem-3/cp3_scenarios/scenario2/pwnd_cp3_scenario_2-quatex.maude", "line": 44, "column": 1, "nsims": 250, "discarded": 0}, {"mean": 1.1390380241802394, "std": 1.1509775950321388, "radius": 0.14337088964681458, "file": "/home/dylan-l/maude-hcs/use-cases/challenge-problem-3/cp3_scenarios/scenario2/pwnd_cp3_scenario_2-quatex.maude", "line": 45, "column": 1, "nsims": 250, "discarded": 0}, {"mean": 5.394969623476776, "std": 3.297505278569316, "radius": 0.4107519272695737, "file": "/home/dylan-l/maude-hcs/use-cases/challenge-problem-3/cp3_scenarios/scenario2/pwnd_cp3_scenario_2-quatex.maude", "line": 46, "column": 1, "nsims": 250, "discarded": 0}, {"mean": 0.43578736310436006, "std": 0.7961132960170468, "radius": 0.09916741385955016, "file": "/home/dylan-l/maude-hcs/use-cases/challenge-problem-3/cp3_scenarios/scenario2/pwnd_cp3_scenario_2-quatex.maude", "line": 47, "column": 1, "nsims": 250, "discarded": 0}, {"mean": 4.326104728229632, "std": 3.4425463126099856, "radius": 0.4288188837207321, "file": "/home/dylan-l/maude-hcs/use-cases/challenge-problem-3/cp3_scenarios/scenario2/pwnd_cp3_scenario_2-quatex.maude", "line": 48, "column": 1, "nsims": 250, "discarded": 0}, {"mean": 0.8452523276513542, "std": 1.3711455321213304, "radius": 0.1707959873623786, "file": "/home/dylan-l/maude-hcs/use-cases/challenge-problem-3/cp3_scenarios/scenario2/pwnd_cp3_scenario_2-quatex.maude", "line": 49, "column": 1, "nsims": 250, "discarded": 0}, {"mean": 12.419739803401974, "std": 3.1429231218674265, "radius": 0.3914964861336806, "file": "/home/dylan-l/maude-hcs/use-cases/challenge-problem-3/cp3_scenarios/scenario2/pwnd_cp3_scenario_2-quatex.maude", "line": 50, "column": 1, "nsims": 250, "discarded": 0}, {"mean": 0.004662881481760962, "std": 0.03098383551404538, "radius": 0.003859484390914851, "file": "/home/dylan-l/maude-hcs/use-cases/challenge-problem-3/cp3_scenarios/scenario2/pwnd_cp3_scenario_2-quatex.maude", "line": 51, "column": 1, "nsims": 250, "discarded": 0}, {"mean": 0.03164064543458536, "std": 0.09530291064166473, "radius": 0.01187135452818681, "file": "/home/dylan-l/maude-hcs/use-cases/challenge-problem-3/cp3_scenarios/scenario2/pwnd_cp3_scenario_2-quatex.maude", "line": 52, "column": 1, "nsims": 250, "discarded": 0}, {"mean": 0.03164064543458536, "std": 0.09530291064166473, "radius": 0.01187135452818681, "file": "/home/dylan-l/maude-hcs/use-cases/challenge-problem-3/cp3_scenarios/scenario2/pwnd_cp3_scenario_2-quatex.maude", "line": 53, "column": 1, "nsims": 250, "discarded": 0}, {"mean": 0.06807180214359755, "std": 0.24910849218437622, "radius": 0.031030062007465317, "file": "/home/dylan-l/maude-hcs/use-cases/challenge-problem-3/cp3_scenarios/scenario2/pwnd_cp3_scenario_2-quatex.maude", "line": 54, "column": 1, "nsims": 250, "discarded": 0}, {"mean": 0.43568714839633765, "std": 0.5533226293343626, "radius": 0.06892432830299103, "file": "/home/dylan-l/maude-hcs/use-cases/challenge-problem-3/cp3_scenarios/scenario2/pwnd_cp3_scenario_2-quatex.maude", "line": 55, "column": 1, "nsims": 250, "discarded": 0}, {"mean": 0.041615774703323394, "std": 0.12794913799278765, "radius": 0.015937913841890885, "file": "/home/dylan-l/maude-hcs/use-cases/challenge-problem-3/cp3_scenarios/scenario2/pwnd_cp3_scenario_2-quatex.maude", "line": 56, "column": 1, "nsims": 250, "discarded": 0}, {"mean": 0.09306484716846367, "std": 0.21315040528228332, "radius": 0.026550962734462898, "file": "/home/dylan-l/maude-hcs/use-cases/challenge-problem-3/cp3_scenarios/scenario2/pwnd_cp3_scenario_2-quatex.maude", "line": 57, "column": 1, "nsims": 250, "discarded": 0}, {"mean": 0.7254560239634686, "std": 1.1645209348534014, "radius": 0.14505790830586096, "file": "/home/dylan-l/maude-hcs/use-cases/challenge-problem-3/cp3_scenarios/scenario2/pwnd_cp3_scenario_2-quatex.maude", "line": 58, "column": 1, "nsims": 250, "discarded": 0}, {"mean": 0.16505009312008703, "std": 0.5040614237502933, "radius": 0.06278813338473509, "file": "/home/dylan-l/maude-hcs/use-cases/challenge-problem-3/cp3_scenarios/scenario2/pwnd_cp3_scenario_2-quatex.maude", "line": 59, "column": 1, "nsims": 250, "discarded": 0}, {"mean": 0.5992108318736725, "std": 1.0965785074188426, "radius": 0.13659469728585422, "file": "/home/dylan-l/maude-hcs/use-cases/challenge-problem-3/cp3_scenarios/scenario2/pwnd_cp3_scenario_2-quatex.maude", "line": 60, "column": 1, "nsims": 250, "discarded": 0}, {"mean": 4.883876154781146, "std": 3.267001924635893, "radius": 0.40695229380188275, "file": "/home/dylan-l/maude-hcs/use-cases/challenge-problem-3/cp3_scenarios/scenario2/pwnd_cp3_scenario_2-quatex.maude", "line": 61, "column": 1, "nsims": 250, "discarded": 0}, {"mean": 0.209803467655362, "std": 0.37633183485740107, "radius": 0.04687756755544586, "file": "/home/dylan-l/maude-hcs/use-cases/challenge-problem-3/cp3_scenarios/scenario2/pwnd_cp3_scenario_2-quatex.maude", "line": 62, "column": 1, "nsims": 250, "discarded": 0}, {"mean": 0.209803467655362, "std": 0.37633183485740107, "radius": 0.04687756755544586, "file": "/home/dylan-l/maude-hcs/use-cases/challenge-problem-3/cp3_scenarios/scenario2/pwnd_cp3_scenario_2-quatex.maude", "line": 63, "column": 1, "nsims": 250, "discarded": 0}, {"mean": 0.7739435309825776, "std": 1.1286523755636952, "radius": 0.14058996099054324, "file": "/home/dylan-l/maude-hcs/use-cases/challenge-problem-3/cp3_scenarios/scenario2/pwnd_cp3_scenario_2-quatex.maude", "line": 64, "column": 1, "nsims": 250, "discarded": 0}, {"mean": 1.408355539325408, "std": 1.3329087966339386, "radius": 0.16603304948445735, "file": "/home/dylan-l/maude-hcs/use-cases/challenge-problem-3/cp3_scenarios/scenario2/pwnd_cp3_scenario_2-quatex.maude", "line": 65, "column": 1, "nsims": 250, "discarded": 0}, {"mean": 0.2384280644385157, "std": 0.6967547854305394, "radius": 0.08679087575989042, "file": "/home/dylan-l/maude-hcs/use-cases/challenge-problem-3/cp3_scenarios/scenario2/pwnd_cp3_scenario_2-quatex.maude", "line": 66, "column": 1, "nsims": 250, "discarded": 0}, {"mean": 0.31066304015806245, "std": 0.6193406725030963, "radius": 0.07714782945774536, "file": "/home/dylan-l/maude-hcs/use-cases/challenge-problem-3/cp3_scenarios/scenario2/pwnd_cp3_scenario_2-quatex.maude", "line": 67, "column": 1, "nsims": 250, "discarded": 0}, {"mean": 4.193602603437214, "std": 3.6093188266343676, "radius": 0.44959280999654627, "file": "/home/dylan-l/maude-hcs/use-cases/challenge-problem-3/cp3_scenarios/scenario2/pwnd_cp3_scenario_2-quatex.maude", "line": 68, "column": 1, "nsims": 250, "discarded": 0}, {"mean": 0.5746721980596383, "std": 1.207816361699865, "radius": 0.15045097928431272, "file": "/home/dylan-l/maude-hcs/use-cases/challenge-problem-3/cp3_scenarios/scenario2/pwnd_cp3_scenario_2-quatex.maude", "line": 69, "column": 1, "nsims": 250, "discarded": 0}, {"mean": 11.196918764291272, "std": 3.799605290087294, "radius": 0.4732957384208223, "file": "/home/dylan-l/maude-hcs/use-cases/challenge-problem-3/cp3_scenarios/scenario2/pwnd_cp3_scenario_2-quatex.maude", "line": 70, "column": 1, "nsims": 250, "discarded": 0}, {"mean": 0.009683292556973448, "std": 0.06339619330926798, "radius": 0.007896911872309197, "file": "/home/dylan-l/maude-hcs/use-cases/challenge-problem-3/cp3_scenarios/scenario2/pwnd_cp3_scenario_2-quatex.maude", "line": 71, "column": 1, "nsims": 250, "discarded": 0}, {"mean": 0.04300138203917855, "std": 0.11257515481006801, "radius": 0.014022862101669885, "file": "/home/dylan-l/maude-hcs/use-cases/challenge-problem-3/cp3_scenarios/scenario2/pwnd_cp3_scenario_2-quatex.maude", "line": 72, "column": 1, "nsims": 250, "discarded": 0}, {"mean": 0.04300138203917855, "std": 0.11257515481006801, "radius": 0.014022862101669885, "file": "/home/dylan-l/maude-hcs/use-cases/challenge-problem-3/cp3_scenarios/scenario2/pwnd_cp3_scenario_2-quatex.maude", "line": 73, "column": 1, "nsims": 250, "discarded": 0}, {"mean": 0.0861653029118476, "std": 0.20935659964912232, "radius": 0.026078389427110025, "file": "/home/dylan-l/maude-hcs/use-cases/challenge-problem-3/cp3_scenarios/scenario2/pwnd_cp3_scenario_2-quatex.maude", "line": 74, "column": 1, "nsims": 250, "discarded": 0}, {"mean": 0.5656706337198972, "std": 0.6626354812016934, "radius": 0.0825408234369489, "file": "/home/dylan-l/maude-hcs/use-cases/challenge-problem-3/cp3_scenarios/scenario2/pwnd_cp3_scenario_2-quatex.maude", "line": 75, "column": 1, "nsims": 250, "discarded": 0}, {"mean": 0.05496442781691406, "std": 0.1518214125680017, "radius": 0.01891155056472032, "file": "/home/dylan-l/maude-hcs/use-cases/challenge-problem-3/cp3_scenarios/scenario2/pwnd_cp3_scenario_2-quatex.maude", "line": 76, "column": 1, "nsims": 250, "discarded": 0}, {"mean": 0.16015493798045582, "std": 0.3267658156576769, "radius": 0.0407034036971849, "file": "/home/dylan-l/maude-hcs/use-cases/challenge-problem-3/cp3_scenarios/scenario2/pwnd_cp3_scenario_2-quatex.maude", "line": 77, "column": 1, "nsims": 250, "discarded": 0}, {"mean": 0.65830649761454, "std": 0.9255458882477268, "radius": 0.11529011336082742, "file": "/home/dylan-l/maude-hcs/use-cases/challenge-problem-3/cp3_scenarios/scenario2/pwnd_cp3_scenario_2-quatex.maude", "line": 78, "column": 1, "nsims": 250, "discarded": 0}, {"mean": 0.20409894017592137, "std": 0.5487691691955849, "radius": 0.06835712905090685, "file": "/home/dylan-l/maude-hcs/use-cases/challenge-problem-3/cp3_scenarios/scenario2/pwnd_cp3_scenario_2-quatex.maude", "line": 79, "column": 1, "nsims": 250, "discarded": 0}, {"mean": 0.5620824764107046, "std": 0.9277546285856982, "radius": 0.11556524388345496, "file": "/home/dylan-l/maude-hcs/use-cases/challenge-problem-3/cp3_scenarios/scenario2/pwnd_cp3_scenario_2-quatex.maude", "line": 80, "column": 1, "nsims": 250, "discarded": 0}, {"mean": 0.7515829760101872, "std": 1.9794969504855582, "radius": 0.2465749464361609, "file": "/home/dylan-l/maude-hcs/use-cases/challenge-problem-3/cp3_scenarios/scenario2/pwnd_cp3_scenario_2-quatex.maude", "line": 81, "column": 1, "nsims": 250, "discarded": 0}, {"mean": 0.11380072860498719, "std": 0.2975009679851283, "radius": 0.03705804407915112, "file": "/home/dylan-l/maude-hcs/use-cases/challenge-problem-3/cp3_scenarios/scenario2/pwnd_cp3_scenario_2-quatex.maude", "line": 82, "column": 1, "nsims": 250, "discarded": 0}, {"mean": 0.11380072860498719, "std": 0.2975009679851283, "radius": 0.03705804407915112, "file": "/home/dylan-l/maude-hcs/use-cases/challenge-problem-3/cp3_scenarios/scenario2/pwnd_cp3_scenario_2-quatex.maude", "line": 83, "column": 1, "nsims": 250, "discarded": 0}, {"mean": 0.4823701877733891, "std": 0.9024691396925321, "radius": 0.11241557089814663, "file": "/home/dylan-l/maude-hcs/use-cases/challenge-problem-3/cp3_scenarios/scenario2/pwnd_cp3_scenario_2-quatex.maude", "line": 84, "column": 1, "nsims": 250, "discarded": 0}, {"mean": 3.9186122233702223, "std": 1.8163304478894398, "radius": 0.22625020098608847, "file": "/home/dylan-l/maude-hcs/use-cases/challenge-problem-3/cp3_scenarios/scenario2/pwnd_cp3_scenario_2-quatex.maude", "line": 85, "column": 1, "nsims": 250, "discarded": 0}, {"mean": 0.0791006466190135, "std": 0.21927651712018967, "radius": 0.027314058478522092, "file": "/home/dylan-l/maude-hcs/use-cases/challenge-problem-3/cp3_scenarios/scenario2/pwnd_cp3_scenario_2-quatex.maude", "line": 86, "column": 1, "nsims": 250, "discarded": 0}, {"mean": 0.9203237656447933, "std": 1.228219790025959, "radius": 0.15299252108632796, "file": "/home/dylan-l/maude-hcs/use-cases/challenge-problem-3/cp3_scenarios/scenario2/pwnd_cp3_scenario_2-quatex.maude", "line": 87, "column": 1, "nsims": 250, "discarded": 0}, {"mean": 4.031572576973998, "std": 3.6713369387165775, "radius": 0.45731806194047664, "file": "/home/dylan-l/maude-hcs/use-cases/challenge-problem-3/cp3_scenarios/scenario2/pwnd_cp3_scenario_2-quatex.maude", "line": 88, "column": 1, "nsims": 250, "discarded": 0}, {"mean": 0.446379485658804, "std": 1.031302863437275, "radius": 0.12846367267660042, "file": "/home/dylan-l/maude-hcs/use-cases/challenge-problem-3/cp3_scenarios/scenario2/pwnd_cp3_scenario_2-quatex.maude", "line": 89, "column": 1, "nsims": 250, "discarded": 0}, {"mean": 10.119096535271764, "std": 4.242377923033252, "radius": 0.5284494673645659, "file": "/home/dylan-l/maude-hcs/use-cases/challenge-problem-3/cp3_scenarios/scenario2/pwnd_cp3_scenario_2-quatex.maude", "line": 90, "column": 1, "nsims": 250, "discarded": 0}, {"mean": 0.008737387246656061, "std": 0.04972203100750516, "radius": 0.00619359738309542, "file": "/home/dylan-l/maude-hcs/use-cases/challenge-problem-3/cp3_scenarios/scenario2/pwnd_cp3_scenario_2-quatex.maude", "line": 91, "column": 1, "nsims": 250, "discarded": 0}, {"mean": 0.047853253806292746, "std": 0.12282739829956997, "radius": 0.015299927160372973, "file": "/home/dylan-l/maude-hcs/use-cases/challenge-problem-3/cp3_scenarios/scenario2/pwnd_cp3_scenario_2-quatex.maude", "line": 92, "column": 1, "nsims": 250, "discarded": 0}, {"mean": 0.047853253806292746, "std": 0.12282739829956997, "radius": 0.015299927160372973, "file": "/home/dylan-l/maude-hcs/use-cases/challenge-problem-3/cp3_scenarios/scenario2/pwnd_cp3_scenario_2-quatex.maude", "line": 93, "column": 1, "nsims": 250, "discarded": 0}, {"mean": 0.08896895522506845, "std": 0.21505817514478298, "radius": 0.026788603035723772, "file": "/home/dylan-l/maude-hcs/use-cases/challenge-problem-3/cp3_scenarios/scenario2/pwnd_cp3_scenario_2-quatex.maude", "line": 94, "column": 1, "nsims": 250, "discarded": 0}, {"mean": 2.7368342637909713, "std": 1.0286180457555523, "radius": 0.12812923984208696, "file": "/home/dylan-l/maude-hcs/use-cases/challenge-problem-3/cp3_scenarios/scenario2/pwnd_cp3_scenario_2-quatex.maude", "line": 95, "column": 1, "nsims": 250, "discarded": 0}, {"mean": 0.0791006466190135, "std": 0.21927651712018967, "radius": 0.027314058478522092, "file": "/home/dylan-l/maude-hcs/use-cases/challenge-problem-3/cp3_scenarios/scenario2/pwnd_cp3_scenario_2-quatex.maude", "line": 96, "column": 1, "nsims": 250, "discarded": 0}, {"mean": 0.7004940570478281, "std": 0.9094297991834239, "radius": 0.11328262161055415, "file": "/home/dylan-l/maude-hcs/use-cases/challenge-problem-3/cp3_scenarios/scenario2/pwnd_cp3_scenario_2-quatex.maude", "line": 97, "column": 1, "nsims": 250, "discarded": 0}, {"mean": 0.6139958154959606, "std": 0.8671020439269793, "radius": 0.10801008811028245, "file": "/home/dylan-l/maude-hcs/use-cases/challenge-problem-3/cp3_scenarios/scenario2/pwnd_cp3_scenario_2-quatex.maude", "line": 98, "column": 1, "nsims": 250, "discarded": 0}, {"mean": 0.18092922651355733, "std": 0.5263462615944631, "radius": 0.0655640319262392, "file": "/home/dylan-l/maude-hcs/use-cases/challenge-problem-3/cp3_scenarios/scenario2/pwnd_cp3_scenario_2-quatex.maude", "line": 99, "column": 1, "nsims": 250, "discarded": 0}, {"mean": 0.5867174916924163, "std": 0.947977411540574, "radius": 0.11808428369438545, "file": "/home/dylan-l/maude-hcs/use-cases/challenge-problem-3/cp3_scenarios/scenario2/pwnd_cp3_scenario_2-quatex.maude", "line": 100, "column": 1, "nsims": 250, "discarded": 0}, {"mean": 0.1197325917370859, "std": 0.7518986182115351, "radius": 0.09365983689212322, "file": "/home/dylan-l/maude-hcs/use-cases/challenge-problem-3/cp3_scenarios/scenario2/pwnd_cp3_scenario_2-quatex.maude", "line": 101, "column": 1, "nsims": 250, "discarded": 0}, {"mean": 0.12531346710892538, "std": 0.28643561360941155, "radius": 0.03567969431113545, "file": "/home/dylan-l/maude-hcs/use-cases/challenge-problem-3/cp3_scenarios/scenario2/pwnd_cp3_scenario_2-quatex.maude", "line": 102, "column": 1, "nsims": 250, "discarded": 0}, {"mean": 0.12531346710892538, "std": 0.28643561360941155, "radius": 0.03567969431113545, "file": "/home/dylan-l/maude-hcs/use-cases/challenge-problem-3/cp3_scenarios/scenario2/pwnd_cp3_scenario_2-quatex.maude", "line": 103, "column": 1, "nsims": 250, "discarded": 0}, {"mean": 0.7001798901618725, "std": 0.9692041908777381, "radius": 0.12072838576122095, "file": "/home/dylan-l/maude-hcs/use-cases/challenge-problem-3/cp3_scenarios/scenario2/pwnd_cp3_scenario_2-quatex.maude", "line": 104, "column": 1, "nsims": 250, "discarded": 0}, {"mean": 9.462607893872248, "std": 2.4660516326462467, "radius": 0.30718236220540807, "file": "/home/dylan-l/maude-hcs/use-cases/challenge-problem-3/cp3_scenarios/scenario2/pwnd_cp3_scenario_2-quatex.maude", "line": 105, "column": 1, "nsims": 250, "discarded": 0}, {"mean": 0.04532611133503763, "std": 0.12817417277041793, "radius": 0.015965945174915595, "file": "/home/dylan-l/maude-hcs/use-cases/challenge-problem-3/cp3_scenarios/scenario2/pwnd_cp3_scenario_2-quatex.maude", "line": 106, "column": 1, "nsims": 250, "discarded": 0}, {"mean": 1.5763892932361128, "std": 1.7123755280491473, "radius": 0.21330111370150945, "file": "/home/dylan-l/maude-hcs/use-cases/challenge-problem-3/cp3_scenarios/scenario2/pwnd_cp3_scenario_2-quatex.maude", "line": 107, "column": 1, "nsims": 250, "discarded": 0}, {"mean": 3.8542974088040083, "std": 3.699789787402483, "radius": 0.4608622753523551, "file": "/home/dylan-l/maude-hcs/use-cases/challenge-problem-3/cp3_scenarios/scenario2/pwnd_cp3_scenario_2-quatex.maude", "line": 108, "column": 1, "nsims": 250, "discarded": 0}, {"mean": 0.5933818230235408, "std": 1.0945165658214575, "radius": 0.1363378526674248, "file": "/home/dylan-l/maude-hcs/use-cases/challenge-problem-3/cp3_scenarios/scenario2/pwnd_cp3_scenario_2-quatex.maude", "line": 109, "column": 1, "nsims": 250, "discarded": 0}, {"mean": 9.351257493537215, "std": 4.6037024041479695, "radius": 0.5734576521738838, "file": "/home/dylan-l/maude-hcs/use-cases/challenge-problem-3/cp3_scenarios/scenario2/pwnd_cp3_scenario_2-quatex.maude", "line": 110, "column": 1, "nsims": 250, "discarded": 0}, {"mean": 0.003034076322864125, "std": 0.019866869779459638, "radius": 0.0024747056824325144, "file": "/home/dylan-l/maude-hcs/use-cases/challenge-problem-3/cp3_scenarios/scenario2/pwnd_cp3_scenario_2-quatex.maude", "line": 111, "column": 1, "nsims": 250, "discarded": 0}, {"mean": 0.08716939423455393, "std": 0.20233066083437923, "radius": 0.025203207231712318, "file": "/home/dylan-l/maude-hcs/use-cases/challenge-problem-3/cp3_scenarios/scenario2/pwnd_cp3_scenario_2-quatex.maude", "line": 112, "column": 1, "nsims": 250, "discarded": 0}, {"mean": 0.08716939423455393, "std": 0.20233066083437923, "radius": 0.025203207231712318, "file": "/home/dylan-l/maude-hcs/use-cases/challenge-problem-3/cp3_scenarios/scenario2/pwnd_cp3_scenario_2-quatex.maude", "line": 113, "column": 1, "nsims": 250, "discarded": 0}, {"mean": 0.4083847664925881, "std": 0.5376010756254176, "radius": 0.0669659816317696, "file": "/home/dylan-l/maude-hcs/use-cases/challenge-problem-3/cp3_scenarios/scenario2/pwnd_cp3_scenario_2-quatex.maude", "line": 114, "column": 1, "nsims": 250, "discarded": 0}, {"mean": 5.221979617903995, "std": 1.430872051292833, "radius": 0.1782357882986312, "file": "/home/dylan-l/maude-hcs/use-cases/challenge-problem-3/cp3_scenarios/scenario2/pwnd_cp3_scenario_2-quatex.maude", "line": 115, "column": 1, "nsims": 250, "discarded": 0}, {"mean": 0.04532611133503763, "std": 0.12817417277041793, "radius": 0.015965945174915595, "file": "/home/dylan-l/maude-hcs/use-cases/challenge-problem-3/cp3_scenarios/scenario2/pwnd_cp3_scenario_2-quatex.maude", "line": 116, "column": 1, "nsims": 250, "discarded": 0}, {"mean": 0.7768762607643915, "std": 1.0010737174860052, "radius": 0.12469819577504879, "file": "/home/dylan-l/maude-hcs/use-cases/challenge-problem-3/cp3_scenarios/scenario2/pwnd_cp3_scenario_2-quatex.maude", "line": 117, "column": 1, "nsims": 250, "discarded": 0}, {"mean": 0.6012789103096634, "std": 1.0306329602061302, "radius": 0.12838022654989817, "file": "/home/dylan-l/maude-hcs/use-cases/challenge-problem-3/cp3_scenarios/scenario2/pwnd_cp3_scenario_2-quatex.maude", "line": 118, "column": 1, "nsims": 250, "discarded": 0}, {"mean": 0.35405872643609587, "std": 0.6923695204027038, "radius": 0.08624462763908292, "file": "/home/dylan-l/maude-hcs/use-cases/challenge-problem-3/cp3_scenarios/scenario2/pwnd_cp3_scenario_2-quatex.maude", "line": 119, "column": 1, "nsims": 250, "discarded": 0}, {"mean": 0.6109838046956328, "std": 1.1166657490340244, "radius": 0.1390968534645231, "file": "/home/dylan-l/maude-hcs/use-cases/challenge-problem-3/cp3_scenarios/scenario2/pwnd_cp3_scenario_2-quatex.maude", "line": 120, "column": 1, "nsims": 250, "discarded": 0}, {"mean": 0.137387017995424, "std": 0.449002104036704, "radius": 0.0559296995761558, "file": "/home/dylan-l/maude-hcs/use-cases/challenge-problem-3/cp3_scenarios/scenario2/pwnd_cp3_scenario_2-quatex.maude", "line": 121, "column": 1, "nsims": 250, "discarded": 0}, {"mean": 0.11175834711147105, "std": 0.28183126232312194, "radius": 0.03510615583131529, "file": "/home/dylan-l/maude-hcs/use-cases/challenge-problem-3/cp3_scenarios/scenario2/pwnd_cp3_scenario_2-quatex.maude", "line": 122, "column": 1, "nsims": 250, "discarded": 0}, {"mean": 0.11175834711147105, "std": 0.28183126232312194, "radius": 0.03510615583131529, "file": "/home/dylan-l/maude-hcs/use-cases/challenge-problem-3/cp3_scenarios/scenario2/pwnd_cp3_scenario_2-quatex.maude", "line": 123, "column": 1, "nsims": 250, "discarded": 0}, {"mean": 3.0579648013090783, "std": 1.5145563981451644, "radius": 0.18865988283315283, "file": "/home/dylan-l/maude-hcs/use-cases/challenge-problem-3/cp3_scenarios/scenario2/pwnd_cp3_scenario_2-quatex.maude", "line": 124, "column": 1, "nsims": 250, "discarded": 0}, {"mean": 14.461765495621078, "std": 3.062190537512609, "radius": 0.38144007626749765, "file": "/home/dylan-l/maude-hcs/use-cases/challenge-problem-3/cp3_scenarios/scenario2/pwnd_cp3_scenario_2-quatex.maude", "line": 125, "column": 1, "nsims": 250, "discarded": 0}, {"mean": 1.0704191733797852, "std": 1.1206728936559087, "radius": 0.13959600122540283, "file": "/home/dylan-l/maude-hcs/use-cases/challenge-problem-3/cp3_scenarios/scenario2/pwnd_cp3_scenario_2-quatex.maude", "line": 126, "column": 1, "nsims": 250, "discarded": 0}, {"mean": 2.5980595366402404, "std": 2.0427113442822806, "radius": 0.25444921255240716, "file": "/home/dylan-l/maude-hcs/use-cases/challenge-problem-3/cp3_scenarios/scenario2/pwnd_cp3_scenario_2-quatex.maude", "line": 127, "column": 1, "nsims": 250, "discarded": 0}, {"mean": 3.69377232918268, "std": 3.7313794790034764, "radius": 0.46479722787276134, "file": "/home/dylan-l/maude-hcs/use-cases/challenge-problem-3/cp3_scenarios/scenario2/pwnd_cp3_scenario_2-quatex.maude", "line": 128, "column": 1, "nsims": 250, "discarded": 0}, {"mean": 0.8546989175914927, "std": 1.264471412082054, "radius": 0.15750818440397688, "file": "/home/dylan-l/maude-hcs/use-cases/challenge-problem-3/cp3_scenarios/scenario2/pwnd_cp3_scenario_2-quatex.maude", "line": 129, "column": 1, "nsims": 250, "discarded": 0}, {"mean": 8.168462021552912, "std": 4.954460198085258, "radius": 0.6171496034198495, "file": "/home/dylan-l/maude-hcs/use-cases/challenge-problem-3/cp3_scenarios/scenario2/pwnd_cp3_scenario_2-quatex.maude", "line": 130, "column": 1, "nsims": 250, "discarded": 0}, {"mean": 0.12898808164613804, "std": 0.43251075883664486, "radius": 0.05387546425219263, "file": "/home/dylan-l/maude-hcs/use-cases/challenge-problem-3/cp3_scenarios/scenario2/pwnd_cp3_scenario_2-quatex.maude", "line": 131, "column": 1, "nsims": 250, "discarded": 0}, {"mean": 0.06360676723767698, "std": 0.18761151241254218, "radius": 0.023369724622501874, "file": "/home/dylan-l/maude-hcs/use-cases/challenge-problem-3/cp3_scenarios/scenario2/pwnd_cp3_scenario_2-quatex.maude", "line": 132, "column": 1, "nsims": 250, "discarded": 0}, {"mean": 0.06360676723767698, "std": 0.18761151241254218, "radius": 0.023369724622501874, "file": "/home/dylan-l/maude-hcs/use-cases/challenge-problem-3/cp3_scenarios/scenario2/pwnd_cp3_scenario_2-quatex.maude", "line": 133, "column": 1, "nsims": 250, "discarded": 0}, {"mean": 2.304483961162127, "std": 0.9187407975400059, "radius": 0.11444244098813805, "file": "/home/dylan-l/maude-hcs/use-cases/challenge-problem-3/cp3_scenarios/scenario2/pwnd_cp3_scenario_2-quatex.maude", "line": 134, "column": 1, "nsims": 250, "discarded": 0}, {"mean": 4.696653997766117, "std": 1.2612639546550115, "radius": 0.15710864923769371, "file": "/home/dylan-l/maude-hcs/use-cases/challenge-problem-3/cp3_scenarios/scenario2/pwnd_cp3_scenario_2-quatex.maude", "line": 135, "column": 1, "nsims": 250, "discarded": 0}, {"mean": 1.0704191733797852, "std": 1.1206728936559087, "radius": 0.13959600122540283, "file": "/home/dylan-l/maude-hcs/use-cases/challenge-problem-3/cp3_scenarios/scenario2/pwnd_cp3_scenario_2-quatex.maude", "line": 136, "column": 1, "nsims": 250, "discarded": 0}, {"mean": 1.1454568912507905, "std": 1.053059387769204, "radius": 0.131173762136686, "file": "/home/dylan-l/maude-hcs/use-cases/challenge-problem-3/cp3_scenarios/scenario2/pwnd_cp3_scenario_2-quatex.maude", "line": 137, "column": 1, "nsims": 250, "discarded": 0}, {"mean": 0.5861807774912302, "std": 0.8731373995579117, "radius": 0.10876187885744945, "file": "/home/dylan-l/maude-hcs/use-cases/challenge-problem-3/cp3_scenarios/scenario2/pwnd_cp3_scenario_2-quatex.maude", "line": 138, "column": 1, "nsims": 250, "discarded": 0}, {"mean": 0.48397612572169574, "std": 0.7035614993291768, "radius": 0.08763875032446153, "file": "/home/dylan-l/maude-hcs/use-cases/challenge-problem-3/cp3_scenarios/scenario2/pwnd_cp3_scenario_2-quatex.maude", "line": 139, "column": 1, "nsims": 250, "discarded": 0}, {"mean": 0.4128721473967202, "std": 0.8167176294993508, "radius": 0.10173398130159936, "file": "/home/dylan-l/maude-hcs/use-cases/challenge-problem-3/cp3_scenarios/scenario2/pwnd_cp3_scenario_2-quatex.maude", "line": 140, "column": 1, "nsims": 250, "discarded": 0}, {"mean": 0.8378450795608775, "std": 2.029786947183306, "radius": 0.2528392921523694, "file": "/home/dylan-l/maude-hcs/use-cases/challenge-problem-3/cp3_scenarios/scenario2/pwnd_cp3_scenario_2-quatex.maude", "line": 141, "column": 1, "nsims": 250, "discarded": 0}, {"mean": 0.1244343274353377, "std": 0.2389656246424603, "radius": 0.029766621303379606, "file": "/home/dylan-l/maude-hcs/use-cases/challenge-problem-3/cp3_scenarios/scenario2/pwnd_cp3_scenario_2-quatex.maude", "line": 142, "column": 1, "nsims": 250, "discarded": 0}, {"mean": 0.1244343274353377, "std": 0.2389656246424603, "radius": 0.029766621303379606, "file": "/home/dylan-l/maude-hcs/use-cases/challenge-problem-3/cp3_scenarios/scenario2/pwnd_cp3_scenario_2-quatex.maude", "line": 143, "column": 1, "nsims": 250, "discarded": 0}, {"mean": 6.469810004998817, "std": 1.766923727177937, "radius": 0.22009588005619926, "file": "/home/dylan-l/maude-hcs/use-cases/challenge-problem-3/cp3_scenarios/scenario2/pwnd_cp3_scenario_2-quatex.maude", "line": 144, "column": 1, "nsims": 250, "discarded": 0}, {"mean": 18.571616057941995, "std": 3.6545553851054855, "radius": 0.455227676965771, "file": "/home/dylan-l/maude-hcs/use-cases/challenge-problem-3/cp3_scenarios/scenario2/pwnd_cp3_scenario_2-quatex.maude", "line": 145, "column": 1, "nsims": 250, "discarded": 0}, {"mean": 10.60878759899379, "std": 1.7134748656275889, "radius": 0.21343805208095631, "file": "/home/dylan-l/maude-hcs/use-cases/challenge-problem-3/cp3_scenarios/scenario2/pwnd_cp3_scenario_2-quatex.maude", "line": 146, "column": 1, "nsims": 250, "discarded": 0}, {"mean": 3.9920531918855415, "std": 2.308513737629245, "radius": 0.2875587411556487, "file": "/home/dylan-l/maude-hcs/use-cases/challenge-problem-3/cp3_scenarios/scenario2/pwnd_cp3_scenario_2-quatex.maude", "line": 147, "column": 1, "nsims": 250, "discarded": 0}, {"mean": 5.50236288833412, "std": 4.298849414597544, "radius": 0.5354838075812659, "file": "/home/dylan-l/maude-hcs/use-cases/challenge-problem-3/cp3_scenarios/scenario2/pwnd_cp3_scenario_2-quatex.maude", "line": 148, "column": 1, "nsims": 250, "discarded": 0}, {"mean": 0.9223876898355317, "std": 1.3472225179164248, "radius": 0.16781603028554695, "file": "/home/dylan-l/maude-hcs/use-cases/challenge-problem-3/cp3_scenarios/scenario2/pwnd_cp3_scenario_2-quatex.maude", "line": 149, "column": 1, "nsims": 250, "discarded": 0}, {"mean": 6.9194139296269315, "std": 5.044578386826388, "radius": 0.628375125922583, "file": "/home/dylan-l/maude-hcs/use-cases/challenge-problem-3/cp3_scenarios/scenario2/pwnd_cp3_scenario_2-quatex.maude", "line": 150, "column": 1, "nsims": 250, "discarded": 0}, {"mean": 0.6909738095799883, "std": 1.6716480546506496, "radius": 0.2082279184287148, "file": "/home/dylan-l/maude-hcs/use-cases/challenge-problem-3/cp3_scenarios/scenario2/pwnd_cp3_scenario_2-quatex.maude", "line": 151, "column": 1, "nsims": 250, "discarded": 0}, {"mean": 0.07187835343041948, "std": 0.12679971865854972, "radius": 0.015794737056140908, "file": "/home/dylan-l/maude-hcs/use-cases/challenge-problem-3/cp3_scenarios/scenario2/pwnd_cp3_scenario_2-quatex.maude", "line": 152, "column": 1, "nsims": 250, "discarded": 0}, {"mean": 0.07187835343041948, "std": 0.12679971865854972, "radius": 0.015794737056140908, "file": "/home/dylan-l/maude-hcs/use-cases/challenge-problem-3/cp3_scenarios/scenario2/pwnd_cp3_scenario_2-quatex.maude", "line": 153, "column": 1, "nsims": 250, "discarded": 0}, {"mean": 3.229969543185705, "std": 0.7102591058131438, "radius": 0.08847303398406987, "file": "/home/dylan-l/maude-hcs/use-cases/challenge-problem-3/cp3_scenarios/scenario2/pwnd_cp3_scenario_2-quatex.maude", "line": 154, "column": 1, "nsims": 250, "discarded": 0}, {"mean": 3.86748282276689, "std": 1.3514734912186372, "radius": 0.16834555043158075, "file": "/home/dylan-l/maude-hcs/use-cases/challenge-problem-3/cp3_scenarios/scenario2/pwnd_cp3_scenario_2-quatex.maude", "line": 155, "column": 1, "nsims": 250, "discarded": 0}, {"mean": 9.143413125779226, "std": 0.8077744807942472, "radius": 0.10061998291307411, "file": "/home/dylan-l/maude-hcs/use-cases/challenge-problem-3/cp3_scenarios/scenario2/pwnd_cp3_scenario_2-quatex.maude", "line": 156, "column": 1, "nsims": 250, "discarded": 0}, {"mean": 1.3840886905038108, "std": 0.8804122339873516, "radius": 0.10966806459788773, "file": "/home/dylan-l/maude-hcs/use-cases/challenge-problem-3/cp3_scenarios/scenario2/pwnd_cp3_scenario_2-quatex.maude", "line": 157, "column": 1, "nsims": 250, "discarded": 0}, {"mean": 1.9633984161011813, "std": 1.6838283447988258, "radius": 0.20974514955661663, "file": "/home/dylan-l/maude-hcs/use-cases/challenge-problem-3/cp3_scenarios/scenario2/pwnd_cp3_scenario_2-quatex.maude", "line": 158, "column": 1, "nsims": 250, "discarded": 0}, {"mean": 0.3775441803898045, "std": 0.6050581281598518, "radius": 0.07536873219490606, "file": "/home/dylan-l/maude-hcs/use-cases/challenge-problem-3/cp3_scenarios/scenario2/pwnd_cp3_scenario_2-quatex.maude", "line": 159, "column": 1, "nsims": 250, "discarded": 0}, {"mean": 0.2094695223267613, "std": 0.5866696502093338, "radius": 0.07307818157567963, "file": "/home/dylan-l/maude-hcs/use-cases/challenge-problem-3/cp3_scenarios/scenario2/pwnd_cp3_scenario_2-quatex.maude", "line": 160, "column": 1, "nsims": 250, "discarded": 0}]}
