[31mWarning: [0m"smc_cp3-refactored.maude", line 159 (mod SMC_CP3): multiple distinct parses for statement
eq sumDiff (F F' FL) = (F' - F) + sumDiff (F' FL) .
[31mWarning: [0m"smc_cp3-refactored.maude", line 164 (mod SMC_CP3): multiple distinct parses for statement
eq avgDiff (FL) = if (len (FL) == 1) then 0.0 else sumDiff (FL) / float (len (FL) - 1) fi .
[31mWarning: [0m"smc_cp3-refactored.maude", line 168 (mod SMC_CP3): multiple distinct parses for statement
eq sumSquaredDiff (F FL, F') = (F - F') * (F - F') + sumSquaredDiff (FL, F') .
[31mWarning: [0m"smc_cp3-refactored.maude", line 258 (mod SMC_CP3): multiple distinct parses for statement
eq compLatency (Tsent, Trcvd) = Trcvd - Tsent .
[31mWarning: [0m"smc_cp3-refactored.maude", line 389 (mod SMC_CP3): multiple distinct parses for statement
ceq getGoodput (< ADDR : IrcMonitor | msgRcvd: ircMTL, attrs >, Tstart, Tend) = collectGoodput (filterWindow (ircMTL, Tstart, Tend), Tstart, Tend) * 8.0 / (Tend - Tstart) if Tend > Tstart .
[31mWarning: [0m"smc_cp3-refactored.maude", line 519 (mod SMC_CP3): multiple distinct parses for statement
eq normMED (NL, NL') = if max (lenMsgIdList (NL), lenMsgIdList (NL')) == 0 then 1.0 else 1.0 - (float (med (NL, NL')) / float (max (lenMsgIdList (NL), lenMsgIdList (NL')))) fi .
[31mWarning: [0m"smc_cp3-refactored.maude", line 648 (mod SMC_CP3): multiple distinct parses for statement
eq getMTBF (< ADDR : IrcMonitor | msgSent: ircMTL, msgRcvd: ircMTL', attrs >, Tn, Tstart, Tend) = getMTBFAux (filterWindow (ircMTL, Tstart - Tn, Tend), dropBefore (ircMTL', Tstart - Tn), Tn, Tstart, Tend) .
[31mWarning: [0m"smc_cp3-refactored.maude", line 708 (mod SMC_CP3): multiple distinct parses for statement
eq KsDistanceX (F FL, nil, I, J, invN, invN', D) = max2 (D, abs ((float (I) * invN) - 1.0)) .
[31mWarning: [0m"smc_cp3-refactored.maude", line 709 (mod SMC_CP3): multiple distinct parses for statement
eq KsDistanceX (nil, F' FL', I, J, invN, invN', D) = max2 (D, abs (1.0 - (float (J) * invN'))) .
[31mWarning: [0m"smc_cp3-refactored.maude", line 711 (mod SMC_CP3): multiple distinct parses for statement
ceq KsDistanceX (F FL, F' FL', I, J, invN, invN', D) = KsDistanceX (FL1, FL2, I + C1, J + C2, invN, invN', max2 (D, abs ((float (I + C1) * invN) - (float (J + C2) * invN')))) if F == F' /\ prefix (C1, FL1) := skipEqPrefix (F, F FL) /\ prefix (C2, FL2) := skipEqPrefix (F', F' FL') .
[31mWarning: [0m"smc_cp3-refactored.maude", line 717 (mod SMC_CP3): multiple distinct parses for statement
ceq KsDistanceX (F FL, F' FL', I, J, invN, invN', D) = KsDistanceX (FL, F' FL', I + 1, J, invN, invN', max2 (D, abs ((float (I + 1) * invN) - (float (J) * invN')))) if F < F' .
[31mWarning: [0m"smc_cp3-refactored.maude", line 721 (mod SMC_CP3): multiple distinct parses for statement
ceq KsDistanceX (F FL, F' FL', I, J, invN, invN', D) = KsDistanceX (F FL, FL', I, J + 1, invN, invN', max2 (D, abs ((float (I) * invN) - (float (J + 1) * invN')))) if F > F' .
[31mWarning: [0m"smc_cp3-refactored.maude", line 731 (mod SMC_CP3): multiple distinct parses for statement
eq KsStatisticZ (FL, FL', K) = KsDistance (FL, FL') - K .
[31mWarning: [0m"smc_cp3-refactored.maude", line 828 (mod SMC_CP3): multiple distinct parses for statement
eq compObsFeatureX (vp, dnsQueryRate, Fid, TOL, Tstart, Tend) = float (countDNSQuery (vp, Fid, TOL, Tstart, Tend)) / (Tend - Tstart) .
[31mWarning: [0m"smc_cp3-refactored.maude", line 842 (mod SMC_CP3): multiple distinct parses for statement
eq compObsFeatureX (vp, tcpUpRate, Fid, TOL, Tstart, Tend) = float (sizeTCPUpload (vp, Fid, TOL, Tstart, Tend)) / (Tend - Tstart) .
[31mWarning: [0m"smc_cp3-refactored.maude", line 844 (mod SMC_CP3): multiple distinct parses for statement
eq compObsFeatureX (vp, tcpDownRate, Fid, TOL, Tstart, Tend) = float (sizeTCPDownload (vp, Fid, TOL, Tstart, Tend)) / (Tend - Tstart) .
[31mWarning: [0m"smc_cp3-refactored.maude", line 852 (mod SMC_CP3): multiple distinct parses for statement
eq compObsFeatureX (vp, tcpOutPktRate, Fid, TOL, Tstart, Tend) = float (countTCPOutPkt (vp, Fid, TOL, Tstart, Tend)) / (Tend - Tstart) .
[31mWarning: [0m"smc_cp3-refactored.maude", line 854 (mod SMC_CP3): multiple distinct parses for statement
eq compObsFeatureX (vp, tcpInPktRate, Fid, TOL, Tstart, Tend) = float (countTCPInPkt (vp, Fid, TOL, Tstart, Tend)) / (Tend - Tstart) .
[31mWarning: [0m"smc_cp3-refactored.maude", line 883 (mod SMC_CP3): multiple distinct parses for statement
eq compObsFeatureX (vp, dnsQueryRate, TOL, Tstart, Tend) = float (countDNSQuery (vp, TOL, Tstart, Tend)) / (Tend - Tstart) .
[31mWarning: [0m"smc_cp3-refactored.maude", line 897 (mod SMC_CP3): multiple distinct parses for statement
eq compObsFeatureX (vp, tcpUpRate, TOL, Tstart, Tend) = float (sizeTCPUpload (vp, TOL, Tstart, Tend)) / (Tend - Tstart) .
[31mWarning: [0m"smc_cp3-refactored.maude", line 899 (mod SMC_CP3): multiple distinct parses for statement
eq compObsFeatureX (vp, tcpDownRate, TOL, Tstart, Tend) = float (sizeTCPDownload (vp, TOL, Tstart, Tend)) / (Tend - Tstart) .
[31mWarning: [0m"smc_cp3-refactored.maude", line 907 (mod SMC_CP3): multiple distinct parses for statement
eq compObsFeatureX (vp, tcpOutPktRate, TOL, Tstart, Tend) = float (countTCPOutPkt (vp, TOL, Tstart, Tend)) / (Tend - Tstart) .
[31mWarning: [0m"smc_cp3-refactored.maude", line 909 (mod SMC_CP3): multiple distinct parses for statement
eq compObsFeatureX (vp, tcpInPktRate, TOL, Tstart, Tend) = float (countTCPInPkt (vp, TOL, Tstart, Tend)) / (Tend - Tstart) .
[31mWarning: [0m"smc_cp3-refactored.maude", line 1060 (mod SMC_CP3): multiple distinct parses for statement
ceq expectedKObsFeature (vp, obsF, baselineCDF, binECDFs, T, Tend, winSize, binSize, Ksum, N) = if KD >= 0.0 then expectedKObsFeature (vp, obsF, baselineCDF, binECDFs, T + binSize, Tend, winSize, binSize, Ksum + KD, N + 1) else expectedKObsFeature (vp, obsF, baselineCDF, binECDFs, T + binSize, Tend, winSize, binSize, Ksum, N) fi if (T + winSize) <= (Tend + Tesp) /\ ECDF := getECDFObsFeatureRange (binECDFs, floor (rat (T / binSize)), (floor (rat (T / binSize)) + floor (rat (winSize / binSize))) - 1) /\ KD := KsDistance (baselineCDF, ECDF) .
[31mWarning: [0m"smc_cp3-refactored.maude", line 1229 (mod SMC_CP3): multiple distinct parses for statement
eq getCUSUMZt (< ADDR : Adversary | gt: (bl (vp, obsF, K, Zt) :; blList), attrs >, vp, obsF, Tstart, Tend, winSize, binSize) = if (Tstart + winSize) <= Tend then cusumRange (Zt, floor (rat (Tstart / binSize)), floor (rat ((Tend - winSize) / binSize))) else 0.0 fi .
  step=256 n=256 256 256 256 256 256 256 256 256 256 256 256 256 256 256 256 256 256 256 256 256 256 256 256 256 256 256 256 256 256 256 256 256 256 256 256 256 256 256 256 256 256 256 256 256 256 256 256 256 256 256 256 256 256 256 256 256 256 256 256 256 256 256 256 256 256 256 256 256 256 256 256 256 256 256 256 256 256 256 256 256 256 256 256 256 256 256 256 256 256 256 256 256 256 256 256 256 256 256 256 256 256 256 256 256 256 256 256 256 256 256 256 256 256 256 256 256 256 256 256 256 256 256 256 256 256 256 256 256 256 256 256 256 256 256 256 256 256 256 256 256 256 256 256 256 256 256 256 256 256 256 256 256 256 256 256 256 256 256 256 256 256 256 256 256 256 256 256 256 256 256 256 256 256 256 256 256 256 256 256 256 256 256 256 256 256 256 256 256 256 256 256 256 256 256 256 256 256 256 256 256 256 256 256 256 256 256 256 256 256 256 256 256 256 256 256 256 256 256 256 256 256 256 256 256 256 256 256 256 256 256 256 256 256 256 256 256 256 256 256 256 256 256 256 256 256 256 256 256 256 256 256 256 256 256 256 256 256 256 256 256 256 256 256 256 256 256 256 256 256 256 256 256 256 256 256 256 256 256 256 256 256 256 256 256 256 256 256 256 256 256 256 256 256 256 256 256 256 256 256 μ=0.0 0.0 14.279502710152938 3.780778703371529 20.79409019945699 28.48403162800784 0.019824834712273046 0.16788987090207128 6.2268466879014674 4.755720091329039 0.0 0.0 5.943754224494857 19.289644893569136 4.847602018607665 15.858211007397692 0.2041694853765362 5.858799643045798 3.413220461948819 4.033836711907484 0.0 0.0 28.36475681660457 3.715046499308505 42.038462461788924 18.632549558756846 2.349016714131052 0.1284847815722302 8.082537506933924 8.163916252885947 0.0 0.0 3.037728354217486 46.95377670689064 4.2414595301937705 6.977952785504042 0.18499048567041912 4.637756787377445 3.5308099370555692 5.71814826349596 0.0 0.0 13.314464205803237 0.5897230953350576 20.051511446703884 0.014272520344070037 2.3435748012589253 0.1263421527362254 1.7783238156773509 4.943949181216744 0.0 0.0 0.865917104882953 26.518169443764865 2.0535521757009634 0.0422007416116461 0.18499048567041912 0.47010320158809454 0.6185928519953084 3.498206273520849 0.0 0.0 42.29849735857902 3.211886533989678 63.353983022186 6.133803060699357 3.8481445252769357 0.10221965675094119 9.65910554266557 11.549743705486618 0.0 0.0 2.353558860276843 53.38588222551333 4.192580754042115 0.48212766409670627 0.190657460704838 3.404455734139528 3.3477364473483306 7.146401656492967 0.0 0.0 13.157277047755588 0.5037775855840313 20.14140786150984 0.01746241039320199 2.425646387712243 0.10217187414107642 1.5365040403638663 4.921020209408992 0.0 0.0 0.9677003554301288 4.825346553289161 2.0692493576074047 0.04469948524386923 0.190657460704838 0.3902550038661299 0.47800021677642524 3.242413877184159 0.0 0.0 56.182479953962336 2.7339476203702464 84.53386558489004 0.03710343266989423 5.203902556534996 0.12730608457537512 11.297026057137973 14.906070910610515 0.0 0.0 1.5808458607000566 51.894203398680176 4.37109532216471 0.03578390727181543 0.1745772102127322 2.647033810970184 3.185429126309697 8.306854761939231 0.0 0.0 13.123889449749898 0.48450135967017965 20.005343919695076 0.017889398326389902 2.316351005951626 0.12205183064582609 1.614654597226544 5.0997263187547714 0.0 0.0 0.7260948996109062 0.9468986452103815 2.2511434726726547 0.03578390727181543 0.17413583910821537 0.4154459335655409 0.48561483615120193 3.361926894768636 0.0 0.0 70.16298668569287 5.816929494224582 105.79936754409673 0.016118695674925035 6.356849756304928 0.12876156233912012 13.001140185359041 17.72239789741473 0.0 0.0 1.0557391330111814 45.96144130599241 4.4123502453821875 0.028777537951399416 0.22240836520674337 1.8759580657330215 2.868887778068528 9.568123223381647 0.0 0.0 13.222942077063069 3.6883768802782595 20.087985870215316 0.016118695674925035 2.2967854878765666 0.12524555622332417 1.6570730964562639 4.690855421718983 0.0 0.0 0.5369696416859857 0.03693382870538581 2.0627598497148325 0.028777537951399416 0.2176012248487352 0.3263645172368689 0.34389920314610983 3.5771616907796817 0.0 0.0 84.2255628935594 13.708846624439177 126.96842358619053 0.017651731286298444 7.601030813586819 0.1440404181891113 14.666979171285197 20.919462237285025 0.0 0.0 3.4775699982156514 35.17870503701786 4.214000963437629 0.050494415982680854 0.19579832598380179 1.652130342522078 2.676795800481211 10.58829754870285 0.0 0.0 13.28098932329902 7.442145805100796 20.005305461807932 0.017651731286298444 2.4236522288615028 0.13612296574978894 1.6241665856518843 5.508050501480067 0.0 0.0 2.915879875972436 0.03589387949159753 1.9154336322094239 0.050494415982680854 0.19579832598380179 0.5016553367180284 0.42625515291095434 3.300372956210714 0.0 0.0 108.54030651384053 23.339891896918687 148.21432114614137 0.008574759282212697 8.771227422628277 0.13539866612170307 15.876644079688452 24.19645637750654 0.0 0.0 17.2068676202319 24.423193305703023 4.275492696711992 4.917653664671466 3.0532245194603047 2.2693037422398343 2.433115296009695 11.155652401197257 0.0 0.0 23.52181889411858 9.228634690212512 20.057036000275314 0.008574759282212697 2.3812010023921224 0.133905421865114 1.199106565280059 5.468335792135029 0.0 0.0 13.2819264163507 0.011146650153692077 2.1462391614377214 4.900282775522927 3.008390616935494 1.0556109376753857 0.37043439349754836 3.254893980897688 0.0 0.0 144.0539573279079 38.52338160867009 169.22209108827875 0.01907250560198926 10.158659043830358 0.12910746090610986 16.480015768575804 26.940806201852364 0.0 0.0 35.764542522569485 13.96173500737917 4.463590742888544 11.933153090656194 7.091226995951495 3.4413065048261577 2.3628200314022045 11.913065559412129 0.0 0.0 33.723370993342364 14.426727697484282 19.83456556281803 0.01907250560198926 2.5154572793577867 0.11749577484073453 0.7695377019896119 5.037295726908464 0.0 0.0 17.610547563118608 0.021281790853141882 2.1838289215705418 6.610719712554495 3.8446148835306375 1.4315148774195943 0.4501685927728529 3.2673664296353695 σ=0.0 0.0 0.9116097074180977 1.0683885443440828 1.3119226415902863 0.6281101804926712 0.07399275574592015 0.3855531783119358 1.430998479375647 4.789085589706886 0.0 0.0 3.271067200884038 0.6669936057300376 4.627472171075247 1.3045506783008896 0.3673910379121393 2.511638647713886 1.5778568976741312 4.28763503015051 0.0 0.0 1.359468918441677 1.579114741523505 1.7090005893605928 1.95521306445797 1.9308517850513967 0.24885256100478345 1.8021938703765041 8.126061868474185 0.0 0.0 4.3579362102227535 0.941317472648731 5.285802341402364 2.2115735958432046 0.362022628937422 2.8871658339532194 1.9134662326815535 6.108565856218011 0.0 0.0 0.9350375041983275 0.6095326678359395 1.040605682174831 0.06192565730287843 1.922723694264942 0.2480900923913795 0.8699876768615692 5.704768910340808 0.0 0.0 1.76611305075107 0.4962776343064185 3.072072152807356 0.12383113689495878 0.362022628937422 1.0013900689666482 0.6906834260403418 4.1712529041486075 0.0 0.0 1.6582185259090834 1.8194246821842022 2.0274762272477194 2.5754700984839056 2.8242232806412373 0.20097653011612968 2.0723305381821633 10.451869455373657 0.0 0.0 3.9825195176385826 2.6135980524222373 5.558911414734182 0.9736098137386455 0.3401154747434663 3.0867077984924522 2.1775408783749968 7.346667704776845 0.0 0.0 0.883402494867605 0.553553435520236 1.170585034625878 0.09480659597231196 1.9007646908458098 0.20089722383768419 0.7329354668822585 5.51755437176316 0.0 0.0 1.7838087455407168 2.3700976365872313 2.927558836386932 0.1200484956674844 0.3401154747434663 0.6605619694152813 0.6140409086290796 3.998609361405489 0.0 0.0 1.9361621761295422 1.8432681585826947 2.390221180937488 0.2698642945352564 3.695397670714592 0.2424869314392829 2.345612487610147 12.906105363359194 0.0 0.0 2.9922404736896686 4.416448000902978 5.85206136346369 0.11743951310917465 0.38404755125336093 2.9854746296879737 2.2811354907696084 7.990502759774634 0.0 0.0 0.9309445817575743 0.5638297845063452 1.182887840412852 0.06463035779151066 1.924041405881393 0.22534785300844437 0.7941936675687391 5.6721871533165125 0.0 0.0 1.5006642322968409 1.3270573512799357 3.1092745207851196 0.11743951310917465 0.38418351152448454 0.6915914016904953 0.6077056606084122 4.246079995620976 0.0 0.0 2.141343522894176 2.104636756759681 2.6209164517083146 0.08485817898318936 4.215922598335227 0.24823587611040515 2.563936605582094 14.932025847581768 0.0 0.0 2.506188392887592 5.324377378575242 5.915606624147991 0.07981978763936844 0.43897969388005376 2.6955721872121954 2.342629852133497 9.600751625477264 0.0 0.0 0.9261036368318036 0.8966399008056567 1.1604999855175833 0.08485817898318936 1.8743250788400192 0.24506882605826338 0.7670679622474947 5.087481832130874 0.0 0.0 1.4884583477495827 0.1785247229049858 2.7828763422917926 0.07981978763936844 0.41451131706606226 0.6188261110549291 0.47751064787757014 4.466355948189946 0.0 0.0 2.334929950255861 2.3798836534206815 2.8796460065665905 0.06945938944088595 4.792261857260867 0.2683110579624627 2.7890036740354986 16.9128665666357 0.0 0.0 3.540280318086072 6.496106217539962 5.743201953042179 0.15511011994046975 0.33856991385499297 2.3658917885094937 2.389218787011746 10.030926920381082 0.0 0.0 0.9372664232098005 1.167732667599798 1.2169063870695835 0.06945938944088595 1.9499316038286196 0.24300367239971613 0.7582593588936011 5.5083039288106885 0.0 0.0 2.7289241150148364 0.2514820791797546 2.6824278154602603 0.15511011994046975 0.33856991385499297 0.7725268021932582 0.501112720701675 4.131317262079775 0.0 0.0 2.9023497633485027 2.820889480895217 3.1062908098197415 0.0305555702125448 5.461678192146061 0.24517030161163067 2.9529112418055368 18.96565813389915 0.0 0.0 5.961390478329673 7.470761348999614 5.652336781504401 1.2160284426394967 1.1167036655201683 2.3799756490127155 2.3226735355444794 10.255768854156516 0.0 0.0 1.6977469870664406 1.3112546198804962 1.1328899065052618 0.0305555702125448 1.9793853199481384 0.2441580493230685 0.7845022623787625 6.306423042902185 0.0 0.0 3.7879853258872815 0.07060557362815396 2.9381882134066966 1.1867611731644578 1.0642224297507634 1.0880880714668812 0.5137200751621129 4.163608679922862 0.0 0.0 3.5922607412378023 3.185589114382588 3.327761934412203 0.07619263732155515 5.878644843308474 0.23534458360005844 3.1725428032175227 20.272747108751123 0.0 0.0 6.929063213614955 7.766332741347377 5.748166909050833 1.503345337248957 1.5992939286795393 2.64629845312181 2.301022806769669 10.902100030844853 0.0 0.0 1.7836497112396688 1.2428983658839365 1.1820206895211296 0.07619263732155515 1.9114740708162405 0.20944479970191807 0.6384460856129964 5.573348079396566 0.0 0.0 2.9103398776227674 0.1797614855442291 2.875177990317022 0.8969312032443826 1.0857757518512838 1.1868784972460882 0.5737845250784869 4.169907393830911 r=0.0 0.0 0.11220266452476324 0.13149930331770776 0.16147394530682002 0.07730900109215814 0.00910716974892254 0.0474546218305568 0.1761300269295975 0.5894498044828433 0.0 0.0 0.4026092008368863 0.0820948473616527 0.5695581161365396 0.16056658998017287 0.04521919088928076 0.3091372835366502 0.19420564164376247 0.5277303115333742 0.0 0.0 0.16732603190434828 0.19436045946799949 0.2103470577817176 0.24065135963410283 0.2376529268197009 0.030629248670058184 0.2218174648656941 1.0001712205525148 0.0 0.0 0.5363831150951985 0.1158591530294698 0.6505866513163058 0.2722047036434324 0.044558436855706526 0.35535788710709404 0.23551307981691275 0.7518539567046363 0.0 0.0 0.11508620251398834 0.0750224453398818 0.1280797355595459 0.007621928216966225 0.2366525058760469 0.030535402576335982 0.10707974548016412 0.7021538571053192 0.0 0.0 0.2173765686496182 0.06108279942623256 0.37811651011656167 0.015241372922735573 0.044558436855706526 0.12325300295991973 0.0850106357075856 0.5134057771035526 0.0 0.0 0.2040967043871023 0.2239382661044437 0.24954564777739258 0.3169937804547909 0.3476107973864299 0.02473657531559037 0.2550664020665509 1.2864360620724 0.0 0.0 0.49017611129494293 0.321686641873385 0.6842014378684468 0.11983375606906768 0.04186206246136353 0.3799178933505766 0.2680158917540039 0.9042418977619852 0.0 0.0 0.10873086691090779 0.0681324144716695 0.14407784259980147 0.011668976971235034 0.2339497497800052 0.024726814147315486 0.09021109762181781 0.6791111340021612 0.0 0.0 0.21955458857399876 0.29171614545671515 0.36032953502213666 0.014775798213284624 0.04186206246136353 0.08130322927564772 0.07557732823021673 0.4921564800072806 0.0 0.0 0.2383065398997152 0.22687296673528853 0.2941929897437029 0.033215412978335024 0.45483660579605345 0.029845754820865114 0.28870246653890763 1.588508106728714 0.0 0.0 0.3682906745231039 0.5435848580856616 0.7202828936549448 0.014454679655245039 0.04726930637551283 0.367457921516448 0.280766514577017 0.983486346452424 0.0 0.0 0.1145824377999789 0.0693972471390327 0.1455920954419951 0.007954827920750075 0.23681469233944008 0.027736244301406594 0.09775087400318475 0.6981436321995551 0.0 0.0 0.18470462090361356 0.16333675429203476 0.3826954486466901 0.014454679655245039 0.04728604062545055 0.08512239108539894 0.0747975737996092 0.5226156384877813 0.0 0.0 0.2635606520821918 0.25904271317383754 0.32258740444016337 0.010444506800612959 0.518903808410657 0.030553345915010313 0.31557421611236425 1.8378622706821448 0.0 0.0 0.30846645575928794 0.6553345405936122 0.728104165750536 0.009824371967586292 0.05403045944421578 0.33177617500439516 0.28833535806577165 1.181678853409734 0.0 0.0 0.11398660504933007 0.11036015212535771 0.14283655548690025 0.010444506800612959 0.2306955118183969 0.030163539343577413 0.09441219036544977 0.6261769841209086 0.0 0.0 0.1832022973127834 0.02197316398726929 0.34252173721627416 0.009824371967586292 0.051018844876286835 0.07616630008747279 0.05877292288007255 0.5497276235926452 0.0 0.0 0.2873876394311194 0.29292062710589284 0.3544323323848481 0.00854919436257847 0.5898407455620136 0.033024237653317516 0.3432759009142652 2.0816679310085155 0.0 0.0 0.4357444656648987 0.7995531648168087 0.7068842694317756 0.01909124991809056 0.04167183187423746 0.2911984816395482 0.29406961318413305 1.2346256506061326 0.0 0.0 0.1153605421245279 0.14372676781645458 0.14977916316087214 0.00854919436257847 0.24000130736900124 0.029909356285568584 0.09332801063479741 0.6779725718095302 0.0 0.0 0.33588119400105837 0.030952894791032127 0.33015834061532506 0.01909124991809056 0.04167183187423746 0.09508407481571919 0.06167791109775231 0.5084904219760592 0.0 0.0 0.35722675414771815 0.3472004669440799 0.3823282078003466 0.003760837961709654 0.6722337870569872 0.030176029148566635 0.3634499575197603 2.3343294392029286 0.0 0.0 0.7337393299985643 0.9195155805881782 0.69570041051049 0.14967110408300272 0.13744602074368545 0.2929319500991286 0.2858790964911452 1.2622996254017231 0.0 0.0 0.20896194291004505 0.16139172391844633 0.13943825420981557 0.003760837961709654 0.24362652702372162 0.030051439202865373 0.09655803733585232 0.7762065972707554 0.0 0.0 0.466232471294128 0.008690268902264825 0.361637819054383 0.1460688326375128 0.13098652997371843 0.13392395875420599 0.06322964837255134 0.5124649113806736 0.0 0.0 0.44214231546102195 0.39208839463452083 0.40958729696137613 0.00937793537637979 0.7235548391450526 0.028966661002532042 0.39048262972983877 2.4952084475723177 0.0 0.0 0.8528423391081171 0.955895072281659 0.7074953657034433 0.18503461642368102 0.19684415237783434 0.3257114696693847 0.283214283427321 1.3418513015189637 0.0 0.0 0.21953501432837233 0.15297830557402337 0.14548536485344987 0.00937793537637979 0.23526788072827445 0.025778866115817325 0.07858116404230951 0.6859783301380099 0.0 0.0 0.35821019267863174 0.02212538709588537 0.3538824004081896 0.11039600618608308 0.1336393540379643 0.1460832731096411 0.07062249562833468 0.5132401691228975
  Query 1 has converged
  Query 2 has converged
  Query 3 has converged
  Query 4 has converged
  Query 5 has converged
  Query 6 has converged
  Query 7 has converged
  Query 8 has converged
  Query 9 has converged
  Query 11 has converged
  Query 12 has converged
  Query 13 has converged
  Query 14 has converged
  Query 16 has converged
  Query 17 has converged
  Query 18 has converged
  Query 19 has converged
  Query 21 has converged
  Query 22 has converged
  Query 23 has converged
  Query 24 has converged
  Query 25 has converged
  Query 26 has converged
  Query 27 has converged
  Query 28 has converged
  Query 29 has converged
  Query 31 has converged
  Query 32 has converged
  Query 34 has converged
  Query 36 has converged
  Query 37 has converged
  Query 38 has converged
  Query 39 has converged
  Query 41 has converged
  Query 42 has converged
  Query 43 has converged
  Query 44 has converged
  Query 45 has converged
  Query 46 has converged
  Query 47 has converged
  Query 48 has converged
  Query 49 has converged
  Query 51 has converged
  Query 52 has converged
  Query 53 has converged
  Query 54 has converged
  Query 55 has converged
  Query 56 has converged
  Query 57 has converged
  Query 58 has converged
  Query 59 has converged
  Query 61 has converged
  Query 62 has converged
  Query 63 has converged
  Query 64 has converged
  Query 65 has converged
  Query 66 has converged
  Query 67 has converged
  Query 68 has converged
  Query 69 has converged
  Query 71 has converged
  Query 72 has converged
  Query 73 has converged
  Query 74 has converged
  Query 76 has converged
  Query 77 has converged
  Query 78 has converged
  Query 79 has converged
  Query 81 has converged
  Query 82 has converged
  Query 83 has converged
  Query 84 has converged
  Query 85 has converged
  Query 86 has converged
  Query 87 has converged
  Query 88 has converged
  Query 89 has converged
  Query 91 has converged
  Query 92 has converged
  Query 93 has converged
  Query 94 has converged
  Query 95 has converged
  Query 96 has converged
  Query 97 has converged
  Query 98 has converged
  Query 99 has converged
  Query 100 has converged
  Query 101 has converged
  Query 102 has converged
  Query 103 has converged
  Query 104 has converged
  Query 105 has converged
  Query 106 has converged
  Query 107 has converged
  Query 108 has converged
  Query 109 has converged
  Query 111 has converged
  Query 112 has converged
  Query 113 has converged
  Query 116 has converged
  Query 117 has converged
  Query 118 has converged
  Query 119 has converged
  Query 121 has converged
  Query 122 has converged
  Query 123 has converged
  Query 124 has converged
  Query 125 has converged
  Query 126 has converged
  Query 127 has converged
  Query 128 has converged
  Query 129 has converged
  Query 131 has converged
  Query 132 has converged
  Query 133 has converged
  Query 134 has converged
  Query 135 has converged
  Query 136 has converged
  Query 137 has converged
  Query 138 has converged
  Query 139 has converged
  Query 141 has converged
  Query 142 has converged
  Query 143 has converged
  Query 144 has converged
  Query 145 has converged
  Query 146 has converged
  Query 148 has converged
  Query 149 has converged
  Query 151 has converged
  Query 152 has converged
  Query 153 has converged
  Query 156 has converged
  Query 157 has converged
  Query 158 has converged
  Query 159 has converged
  Query 161 has converged
  Query 162 has converged
  Query 163 has converged
  Query 164 has converged
  Query 165 has converged
  Query 166 has converged
  Query 167 has converged
  Query 168 has converged
  Query 169 has converged
  Query 171 has converged
  Query 172 has converged
  Query 173 has converged
  Query 174 has converged
  Query 175 has converged
  Query 176 has converged
  Query 177 has converged
  Query 178 has converged
  Query 179 has converged
  Query 181 has converged
  Query 182 has converged
  Query 183 has converged
  Query 184 has converged
  Query 185 has converged
  Query 186 has converged
  Query 188 has converged
  Query 189 has converged
  Query 191 has converged
  Query 192 has converged
  Query 193 has converged
  Query 196 has converged
  Query 197 has converged
  Query 198 has converged
  Query 199 has converged
  Query 201 has converged
  Query 202 has converged
  Query 203 has converged
  Query 204 has converged
  Query 205 has converged
  Query 206 has converged
  Query 207 has converged
  Query 208 has converged
  Query 209 has converged
  Query 211 has converged
  Query 212 has converged
  Query 213 has converged
  Query 214 has converged
  Query 215 has converged
  Query 216 has converged
  Query 217 has converged
  Query 218 has converged
  Query 219 has converged
  Query 221 has converged
  Query 222 has converged
  Query 223 has converged
  Query 224 has converged
  Query 225 has converged
  Query 226 has converged
  Query 228 has converged
  Query 229 has converged
  Query 231 has converged
  Query 232 has converged
  Query 236 has converged
  Query 237 has converged
  Query 238 has converged
  Query 239 has converged
  Query 241 has converged
  Query 242 has converged
  Query 243 has converged
  Query 244 has converged
  Query 245 has converged
  Query 246 has converged
  Query 247 has converged
  Query 248 has converged
  Query 249 has converged
  Query 251 has converged
  Query 252 has converged
  Query 253 has converged
  Query 254 has converged
  Query 255 has converged
  Query 256 has converged
  Query 257 has converged
  Query 258 has converged
  Query 259 has converged
  Query 261 has converged
  Query 262 has converged
  Query 263 has converged
  Query 264 has converged
  Query 265 has converged
  Query 266 has converged
  Query 268 has converged
  Query 269 has converged
  Query 271 has converged
  Query 272 has converged
  Query 276 has converged
  Query 277 has converged
  Query 278 has converged
  Query 279 has converged
  Query 281 has converged
  Query 282 has converged
  Query 283 has converged
  Query 284 has converged
  Query 285 has converged
  Query 286 has converged
  Query 287 has converged
  Query 288 has converged
  Query 289 has converged
  Query 291 has converged
  Query 292 has converged
  Query 293 has converged
  Query 294 has converged
  Query 295 has converged
  Query 296 has converged
  Query 297 has converged
  Query 298 has converged
  Query 299 has converged
{"nsims": 256, "queries": [{"mean": 0.0, "std": 0.0, "radius": 0.0, "file": "./use-cases/challenge-problem-3/cp3_scenarios/scenario2/pwnd_cp3_scenario_2-quatex.maude", "line": 1, "column": 1, "nsims": 256, "discarded": 0}, {"mean": 0.0, "std": 0.0, "radius": 0.0, "file": "./use-cases/challenge-problem-3/cp3_scenarios/scenario2/pwnd_cp3_scenario_2-quatex.maude", "line": 2, "column": 1, "nsims": 256, "discarded": 0}, {"mean": 14.279502710152938, "std": 0.9116097074180977, "radius": 0.11220266452476324, "file": "./use-cases/challenge-problem-3/cp3_scenarios/scenario2/pwnd_cp3_scenario_2-quatex.maude", "line": 3, "column": 1, "nsims": 256, "discarded": 0}, {"mean": 3.780778703371529, "std": 1.0683885443440828, "radius": 0.13149930331770776, "file": "./use-cases/challenge-problem-3/cp3_scenarios/scenario2/pwnd_cp3_scenario_2-quatex.maude", "line": 4, "column": 1, "nsims": 256, "discarded": 0}, {"mean": 20.79409019945699, "std": 1.3119226415902863, "radius": 0.16147394530682002, "file": "./use-cases/challenge-problem-3/cp3_scenarios/scenario2/pwnd_cp3_scenario_2-quatex.maude", "line": 5, "column": 1, "nsims": 256, "discarded": 0}, {"mean": 28.48403162800784, "std": 0.6281101804926712, "radius": 0.07730900109215814, "file": "./use-cases/challenge-problem-3/cp3_scenarios/scenario2/pwnd_cp3_scenario_2-quatex.maude", "line": 6, "column": 1, "nsims": 256, "discarded": 0}, {"mean": 0.019824834712273046, "std": 0.07399275574592015, "radius": 0.00910716974892254, "file": "./use-cases/challenge-problem-3/cp3_scenarios/scenario2/pwnd_cp3_scenario_2-quatex.maude", "line": 7, "column": 1, "nsims": 256, "discarded": 0}, {"mean": 0.16788987090207128, "std": 0.3855531783119358, "radius": 0.0474546218305568, "file": "./use-cases/challenge-problem-3/cp3_scenarios/scenario2/pwnd_cp3_scenario_2-quatex.maude", "line": 8, "column": 1, "nsims": 256, "discarded": 0}, {"mean": 6.2268466879014674, "std": 1.430998479375647, "radius": 0.1761300269295975, "file": "./use-cases/challenge-problem-3/cp3_scenarios/scenario2/pwnd_cp3_scenario_2-quatex.maude", "line": 9, "column": 1, "nsims": 256, "discarded": 0}, {"mean": 4.755720091329039, "std": 4.789085589706886, "radius": 0.5894498044828433, "file": "./use-cases/challenge-problem-3/cp3_scenarios/scenario2/pwnd_cp3_scenario_2-quatex.maude", "line": 10, "column": 1, "nsims": 256, "discarded": 0}, {"mean": 0.0, "std": 0.0, "radius": 0.0, "file": "./use-cases/challenge-problem-3/cp3_scenarios/scenario2/pwnd_cp3_scenario_2-quatex.maude", "line": 11, "column": 1, "nsims": 256, "discarded": 0}, {"mean": 0.0, "std": 0.0, "radius": 0.0, "file": "./use-cases/challenge-problem-3/cp3_scenarios/scenario2/pwnd_cp3_scenario_2-quatex.maude", "line": 12, "column": 1, "nsims": 256, "discarded": 0}, {"mean": 5.943754224494857, "std": 3.271067200884038, "radius": 0.4026092008368863, "file": "./use-cases/challenge-problem-3/cp3_scenarios/scenario2/pwnd_cp3_scenario_2-quatex.maude", "line": 13, "column": 1, "nsims": 256, "discarded": 0}, {"mean": 19.289644893569136, "std": 0.6669936057300376, "radius": 0.0820948473616527, "file": "./use-cases/challenge-problem-3/cp3_scenarios/scenario2/pwnd_cp3_scenario_2-quatex.maude", "line": 14, "column": 1, "nsims": 256, "discarded": 0}, {"mean": 4.847602018607665, "std": 4.627472171075247, "radius": 0.5695581161365396, "file": "./use-cases/challenge-problem-3/cp3_scenarios/scenario2/pwnd_cp3_scenario_2-quatex.maude", "line": 15, "column": 1, "nsims": 256, "discarded": 0}, {"mean": 15.858211007397692, "std": 1.3045506783008896, "radius": 0.16056658998017287, "file": "./use-cases/challenge-problem-3/cp3_scenarios/scenario2/pwnd_cp3_scenario_2-quatex.maude", "line": 16, "column": 1, "nsims": 256, "discarded": 0}, {"mean": 0.2041694853765362, "std": 0.3673910379121393, "radius": 0.04521919088928076, "file": "./use-cases/challenge-problem-3/cp3_scenarios/scenario2/pwnd_cp3_scenario_2-quatex.maude", "line": 17, "column": 1, "nsims": 256, "discarded": 0}, {"mean": 5.858799643045798, "std": 2.511638647713886, "radius": 0.3091372835366502, "file": "./use-cases/challenge-problem-3/cp3_scenarios/scenario2/pwnd_cp3_scenario_2-quatex.maude", "line": 18, "column": 1, "nsims": 256, "discarded": 0}, {"mean": 3.413220461948819, "std": 1.5778568976741312, "radius": 0.19420564164376247, "file": "./use-cases/challenge-problem-3/cp3_scenarios/scenario2/pwnd_cp3_scenario_2-quatex.maude", "line": 19, "column": 1, "nsims": 256, "discarded": 0}, {"mean": 4.033836711907484, "std": 4.28763503015051, "radius": 0.5277303115333742, "file": "./use-cases/challenge-problem-3/cp3_scenarios/scenario2/pwnd_cp3_scenario_2-quatex.maude", "line": 20, "column": 1, "nsims": 256, "discarded": 0}, {"mean": 0.0, "std": 0.0, "radius": 0.0, "file": "./use-cases/challenge-problem-3/cp3_scenarios/scenario2/pwnd_cp3_scenario_2-quatex.maude", "line": 21, "column": 1, "nsims": 256, "discarded": 0}, {"mean": 0.0, "std": 0.0, "radius": 0.0, "file": "./use-cases/challenge-problem-3/cp3_scenarios/scenario2/pwnd_cp3_scenario_2-quatex.maude", "line": 22, "column": 1, "nsims": 256, "discarded": 0}, {"mean": 28.36475681660457, "std": 1.359468918441677, "radius": 0.16732603190434828, "file": "./use-cases/challenge-problem-3/cp3_scenarios/scenario2/pwnd_cp3_scenario_2-quatex.maude", "line": 23, "column": 1, "nsims": 256, "discarded": 0}, {"mean": 3.715046499308505, "std": 1.579114741523505, "radius": 0.19436045946799949, "file": "./use-cases/challenge-problem-3/cp3_scenarios/scenario2/pwnd_cp3_scenario_2-quatex.maude", "line": 24, "column": 1, "nsims": 256, "discarded": 0}, {"mean": 42.038462461788924, "std": 1.7090005893605928, "radius": 0.2103470577817176, "file": "./use-cases/challenge-problem-3/cp3_scenarios/scenario2/pwnd_cp3_scenario_2-quatex.maude", "line": 25, "column": 1, "nsims": 256, "discarded": 0}, {"mean": 18.632549558756846, "std": 1.95521306445797, "radius": 0.24065135963410283, "file": "./use-cases/challenge-problem-3/cp3_scenarios/scenario2/pwnd_cp3_scenario_2-quatex.maude", "line": 26, "column": 1, "nsims": 256, "discarded": 0}, {"mean": 2.349016714131052, "std": 1.9308517850513967, "radius": 0.2376529268197009, "file": "./use-cases/challenge-problem-3/cp3_scenarios/scenario2/pwnd_cp3_scenario_2-quatex.maude", "line": 27, "column": 1, "nsims": 256, "discarded": 0}, {"mean": 0.1284847815722302, "std": 0.24885256100478345, "radius": 0.030629248670058184, "file": "./use-cases/challenge-problem-3/cp3_scenarios/scenario2/pwnd_cp3_scenario_2-quatex.maude", "line": 28, "column": 1, "nsims": 256, "discarded": 0}, {"mean": 8.082537506933924, "std": 1.8021938703765041, "radius": 0.2218174648656941, "file": "./use-cases/challenge-problem-3/cp3_scenarios/scenario2/pwnd_cp3_scenario_2-quatex.maude", "line": 29, "column": 1, "nsims": 256, "discarded": 0}, {"mean": 8.163916252885947, "std": 8.126061868474185, "radius": 1.0001712205525148, "file": "./use-cases/challenge-problem-3/cp3_scenarios/scenario2/pwnd_cp3_scenario_2-quatex.maude", "line": 30, "column": 1, "nsims": 256, "discarded": 0}, {"mean": 0.0, "std": 0.0, "radius": 0.0, "file": "./use-cases/challenge-problem-3/cp3_scenarios/scenario2/pwnd_cp3_scenario_2-quatex.maude", "line": 31, "column": 1, "nsims": 256, "discarded": 0}, {"mean": 0.0, "std": 0.0, "radius": 0.0, "file": "./use-cases/challenge-problem-3/cp3_scenarios/scenario2/pwnd_cp3_scenario_2-quatex.maude", "line": 32, "column": 1, "nsims": 256, "discarded": 0}, {"mean": 3.037728354217486, "std": 4.3579362102227535, "radius": 0.5363831150951985, "file": "./use-cases/challenge-problem-3/cp3_scenarios/scenario2/pwnd_cp3_scenario_2-quatex.maude", "line": 33, "column": 1, "nsims": 256, "discarded": 0}, {"mean": 46.95377670689064, "std": 0.941317472648731, "radius": 0.1158591530294698, "file": "./use-cases/challenge-problem-3/cp3_scenarios/scenario2/pwnd_cp3_scenario_2-quatex.maude", "line": 34, "column": 1, "nsims": 256, "discarded": 0}, {"mean": 4.2414595301937705, "std": 5.285802341402364, "radius": 0.6505866513163058, "file": "./use-cases/challenge-problem-3/cp3_scenarios/scenario2/pwnd_cp3_scenario_2-quatex.maude", "line": 35, "column": 1, "nsims": 256, "discarded": 0}, {"mean": 6.977952785504042, "std": 2.2115735958432046, "radius": 0.2722047036434324, "file": "./use-cases/challenge-problem-3/cp3_scenarios/scenario2/pwnd_cp3_scenario_2-quatex.maude", "line": 36, "column": 1, "nsims": 256, "discarded": 0}, {"mean": 0.18499048567041912, "std": 0.362022628937422, "radius": 0.044558436855706526, "file": "./use-cases/challenge-problem-3/cp3_scenarios/scenario2/pwnd_cp3_scenario_2-quatex.maude", "line": 37, "column": 1, "nsims": 256, "discarded": 0}, {"mean": 4.637756787377445, "std": 2.8871658339532194, "radius": 0.35535788710709404, "file": "./use-cases/challenge-problem-3/cp3_scenarios/scenario2/pwnd_cp3_scenario_2-quatex.maude", "line": 38, "column": 1, "nsims": 256, "discarded": 0}, {"mean": 3.5308099370555692, "std": 1.9134662326815535, "radius": 0.23551307981691275, "file": "./use-cases/challenge-problem-3/cp3_scenarios/scenario2/pwnd_cp3_scenario_2-quatex.maude", "line": 39, "column": 1, "nsims": 256, "discarded": 0}, {"mean": 5.71814826349596, "std": 6.108565856218011, "radius": 0.7518539567046363, "file": "./use-cases/challenge-problem-3/cp3_scenarios/scenario2/pwnd_cp3_scenario_2-quatex.maude", "line": 40, "column": 1, "nsims": 256, "discarded": 0}, {"mean": 0.0, "std": 0.0, "radius": 0.0, "file": "./use-cases/challenge-problem-3/cp3_scenarios/scenario2/pwnd_cp3_scenario_2-quatex.maude", "line": 41, "column": 1, "nsims": 256, "discarded": 0}, {"mean": 0.0, "std": 0.0, "radius": 0.0, "file": "./use-cases/challenge-problem-3/cp3_scenarios/scenario2/pwnd_cp3_scenario_2-quatex.maude", "line": 42, "column": 1, "nsims": 256, "discarded": 0}, {"mean": 13.314464205803237, "std": 0.9350375041983275, "radius": 0.11508620251398834, "file": "./use-cases/challenge-problem-3/cp3_scenarios/scenario2/pwnd_cp3_scenario_2-quatex.maude", "line": 43, "column": 1, "nsims": 256, "discarded": 0}, {"mean": 0.5897230953350576, "std": 0.6095326678359395, "radius": 0.0750224453398818, "file": "./use-cases/challenge-problem-3/cp3_scenarios/scenario2/pwnd_cp3_scenario_2-quatex.maude", "line": 44, "column": 1, "nsims": 256, "discarded": 0}, {"mean": 20.051511446703884, "std": 1.040605682174831, "radius": 0.1280797355595459, "file": "./use-cases/challenge-problem-3/cp3_scenarios/scenario2/pwnd_cp3_scenario_2-quatex.maude", "line": 45, "column": 1, "nsims": 256, "discarded": 0}, {"mean": 0.014272520344070037, "std": 0.06192565730287843, "radius": 0.007621928216966225, "file": "./use-cases/challenge-problem-3/cp3_scenarios/scenario2/pwnd_cp3_scenario_2-quatex.maude", "line": 46, "column": 1, "nsims": 256, "discarded": 0}, {"mean": 2.3435748012589253, "std": 1.922723694264942, "radius": 0.2366525058760469, "file": "./use-cases/challenge-problem-3/cp3_scenarios/scenario2/pwnd_cp3_scenario_2-quatex.maude", "line": 47, "column": 1, "nsims": 256, "discarded": 0}, {"mean": 0.1263421527362254, "std": 0.2480900923913795, "radius": 0.030535402576335982, "file": "./use-cases/challenge-problem-3/cp3_scenarios/scenario2/pwnd_cp3_scenario_2-quatex.maude", "line": 48, "column": 1, "nsims": 256, "discarded": 0}, {"mean": 1.7783238156773509, "std": 0.8699876768615692, "radius": 0.10707974548016412, "file": "./use-cases/challenge-problem-3/cp3_scenarios/scenario2/pwnd_cp3_scenario_2-quatex.maude", "line": 49, "column": 1, "nsims": 256, "discarded": 0}, {"mean": 4.943949181216744, "std": 5.704768910340808, "radius": 0.7021538571053192, "file": "./use-cases/challenge-problem-3/cp3_scenarios/scenario2/pwnd_cp3_scenario_2-quatex.maude", "line": 50, "column": 1, "nsims": 256, "discarded": 0}, {"mean": 0.0, "std": 0.0, "radius": 0.0, "file": "./use-cases/challenge-problem-3/cp3_scenarios/scenario2/pwnd_cp3_scenario_2-quatex.maude", "line": 51, "column": 1, "nsims": 256, "discarded": 0}, {"mean": 0.0, "std": 0.0, "radius": 0.0, "file": "./use-cases/challenge-problem-3/cp3_scenarios/scenario2/pwnd_cp3_scenario_2-quatex.maude", "line": 52, "column": 1, "nsims": 256, "discarded": 0}, {"mean": 0.865917104882953, "std": 1.76611305075107, "radius": 0.2173765686496182, "file": "./use-cases/challenge-problem-3/cp3_scenarios/scenario2/pwnd_cp3_scenario_2-quatex.maude", "line": 53, "column": 1, "nsims": 256, "discarded": 0}, {"mean": 26.518169443764865, "std": 0.4962776343064185, "radius": 0.06108279942623256, "file": "./use-cases/challenge-problem-3/cp3_scenarios/scenario2/pwnd_cp3_scenario_2-quatex.maude", "line": 54, "column": 1, "nsims": 256, "discarded": 0}, {"mean": 2.0535521757009634, "std": 3.072072152807356, "radius": 0.37811651011656167, "file": "./use-cases/challenge-problem-3/cp3_scenarios/scenario2/pwnd_cp3_scenario_2-quatex.maude", "line": 55, "column": 1, "nsims": 256, "discarded": 0}, {"mean": 0.0422007416116461, "std": 0.12383113689495878, "radius": 0.015241372922735573, "file": "./use-cases/challenge-problem-3/cp3_scenarios/scenario2/pwnd_cp3_scenario_2-quatex.maude", "line": 56, "column": 1, "nsims": 256, "discarded": 0}, {"mean": 0.18499048567041912, "std": 0.362022628937422, "radius": 0.044558436855706526, "file": "./use-cases/challenge-problem-3/cp3_scenarios/scenario2/pwnd_cp3_scenario_2-quatex.maude", "line": 57, "column": 1, "nsims": 256, "discarded": 0}, {"mean": 0.47010320158809454, "std": 1.0013900689666482, "radius": 0.12325300295991973, "file": "./use-cases/challenge-problem-3/cp3_scenarios/scenario2/pwnd_cp3_scenario_2-quatex.maude", "line": 58, "column": 1, "nsims": 256, "discarded": 0}, {"mean": 0.6185928519953084, "std": 0.6906834260403418, "radius": 0.0850106357075856, "file": "./use-cases/challenge-problem-3/cp3_scenarios/scenario2/pwnd_cp3_scenario_2-quatex.maude", "line": 59, "column": 1, "nsims": 256, "discarded": 0}, {"mean": 3.498206273520849, "std": 4.1712529041486075, "radius": 0.5134057771035526, "file": "./use-cases/challenge-problem-3/cp3_scenarios/scenario2/pwnd_cp3_scenario_2-quatex.maude", "line": 60, "column": 1, "nsims": 256, "discarded": 0}, {"mean": 0.0, "std": 0.0, "radius": 0.0, "file": "./use-cases/challenge-problem-3/cp3_scenarios/scenario2/pwnd_cp3_scenario_2-quatex.maude", "line": 61, "column": 1, "nsims": 256, "discarded": 0}, {"mean": 0.0, "std": 0.0, "radius": 0.0, "file": "./use-cases/challenge-problem-3/cp3_scenarios/scenario2/pwnd_cp3_scenario_2-quatex.maude", "line": 62, "column": 1, "nsims": 256, "discarded": 0}, {"mean": 42.29849735857902, "std": 1.6582185259090834, "radius": 0.2040967043871023, "file": "./use-cases/challenge-problem-3/cp3_scenarios/scenario2/pwnd_cp3_scenario_2-quatex.maude", "line": 63, "column": 1, "nsims": 256, "discarded": 0}, {"mean": 3.211886533989678, "std": 1.8194246821842022, "radius": 0.2239382661044437, "file": "./use-cases/challenge-problem-3/cp3_scenarios/scenario2/pwnd_cp3_scenario_2-quatex.maude", "line": 64, "column": 1, "nsims": 256, "discarded": 0}, {"mean": 63.353983022186, "std": 2.0274762272477194, "radius": 0.24954564777739258, "file": "./use-cases/challenge-problem-3/cp3_scenarios/scenario2/pwnd_cp3_scenario_2-quatex.maude", "line": 65, "column": 1, "nsims": 256, "discarded": 0}, {"mean": 6.133803060699357, "std": 2.5754700984839056, "radius": 0.3169937804547909, "file": "./use-cases/challenge-problem-3/cp3_scenarios/scenario2/pwnd_cp3_scenario_2-quatex.maude", "line": 66, "column": 1, "nsims": 256, "discarded": 0}, {"mean": 3.8481445252769357, "std": 2.8242232806412373, "radius": 0.3476107973864299, "file": "./use-cases/challenge-problem-3/cp3_scenarios/scenario2/pwnd_cp3_scenario_2-quatex.maude", "line": 67, "column": 1, "nsims": 256, "discarded": 0}, {"mean": 0.10221965675094119, "std": 0.20097653011612968, "radius": 0.02473657531559037, "file": "./use-cases/challenge-problem-3/cp3_scenarios/scenario2/pwnd_cp3_scenario_2-quatex.maude", "line": 68, "column": 1, "nsims": 256, "discarded": 0}, {"mean": 9.65910554266557, "std": 2.0723305381821633, "radius": 0.2550664020665509, "file": "./use-cases/challenge-problem-3/cp3_scenarios/scenario2/pwnd_cp3_scenario_2-quatex.maude", "line": 69, "column": 1, "nsims": 256, "discarded": 0}, {"mean": 11.549743705486618, "std": 10.451869455373657, "radius": 1.2864360620724, "file": "./use-cases/challenge-problem-3/cp3_scenarios/scenario2/pwnd_cp3_scenario_2-quatex.maude", "line": 70, "column": 1, "nsims": 256, "discarded": 0}, {"mean": 0.0, "std": 0.0, "radius": 0.0, "file": "./use-cases/challenge-problem-3/cp3_scenarios/scenario2/pwnd_cp3_scenario_2-quatex.maude", "line": 71, "column": 1, "nsims": 256, "discarded": 0}, {"mean": 0.0, "std": 0.0, "radius": 0.0, "file": "./use-cases/challenge-problem-3/cp3_scenarios/scenario2/pwnd_cp3_scenario_2-quatex.maude", "line": 72, "column": 1, "nsims": 256, "discarded": 0}, {"mean": 2.353558860276843, "std": 3.9825195176385826, "radius": 0.49017611129494293, "file": "./use-cases/challenge-problem-3/cp3_scenarios/scenario2/pwnd_cp3_scenario_2-quatex.maude", "line": 73, "column": 1, "nsims": 256, "discarded": 0}, {"mean": 53.38588222551333, "std": 2.6135980524222373, "radius": 0.321686641873385, "file": "./use-cases/challenge-problem-3/cp3_scenarios/scenario2/pwnd_cp3_scenario_2-quatex.maude", "line": 74, "column": 1, "nsims": 256, "discarded": 0}, {"mean": 4.192580754042115, "std": 5.558911414734182, "radius": 0.6842014378684468, "file": "./use-cases/challenge-problem-3/cp3_scenarios/scenario2/pwnd_cp3_scenario_2-quatex.maude", "line": 75, "column": 1, "nsims": 256, "discarded": 0}, {"mean": 0.48212766409670627, "std": 0.9736098137386455, "radius": 0.11983375606906768, "file": "./use-cases/challenge-problem-3/cp3_scenarios/scenario2/pwnd_cp3_scenario_2-quatex.maude", "line": 76, "column": 1, "nsims": 256, "discarded": 0}, {"mean": 0.190657460704838, "std": 0.3401154747434663, "radius": 0.04186206246136353, "file": "./use-cases/challenge-problem-3/cp3_scenarios/scenario2/pwnd_cp3_scenario_2-quatex.maude", "line": 77, "column": 1, "nsims": 256, "discarded": 0}, {"mean": 3.404455734139528, "std": 3.0867077984924522, "radius": 0.3799178933505766, "file": "./use-cases/challenge-problem-3/cp3_scenarios/scenario2/pwnd_cp3_scenario_2-quatex.maude", "line": 78, "column": 1, "nsims": 256, "discarded": 0}, {"mean": 3.3477364473483306, "std": 2.1775408783749968, "radius": 0.2680158917540039, "file": "./use-cases/challenge-problem-3/cp3_scenarios/scenario2/pwnd_cp3_scenario_2-quatex.maude", "line": 79, "column": 1, "nsims": 256, "discarded": 0}, {"mean": 7.146401656492967, "std": 7.346667704776845, "radius": 0.9042418977619852, "file": "./use-cases/challenge-problem-3/cp3_scenarios/scenario2/pwnd_cp3_scenario_2-quatex.maude", "line": 80, "column": 1, "nsims": 256, "discarded": 0}, {"mean": 0.0, "std": 0.0, "radius": 0.0, "file": "./use-cases/challenge-problem-3/cp3_scenarios/scenario2/pwnd_cp3_scenario_2-quatex.maude", "line": 81, "column": 1, "nsims": 256, "discarded": 0}, {"mean": 0.0, "std": 0.0, "radius": 0.0, "file": "./use-cases/challenge-problem-3/cp3_scenarios/scenario2/pwnd_cp3_scenario_2-quatex.maude", "line": 82, "column": 1, "nsims": 256, "discarded": 0}, {"mean": 13.157277047755588, "std": 0.883402494867605, "radius": 0.10873086691090779, "file": "./use-cases/challenge-problem-3/cp3_scenarios/scenario2/pwnd_cp3_scenario_2-quatex.maude", "line": 83, "column": 1, "nsims": 256, "discarded": 0}, {"mean": 0.5037775855840313, "std": 0.553553435520236, "radius": 0.0681324144716695, "file": "./use-cases/challenge-problem-3/cp3_scenarios/scenario2/pwnd_cp3_scenario_2-quatex.maude", "line": 84, "column": 1, "nsims": 256, "discarded": 0}, {"mean": 20.14140786150984, "std": 1.170585034625878, "radius": 0.14407784259980147, "file": "./use-cases/challenge-problem-3/cp3_scenarios/scenario2/pwnd_cp3_scenario_2-quatex.maude", "line": 85, "column": 1, "nsims": 256, "discarded": 0}, {"mean": 0.01746241039320199, "std": 0.09480659597231196, "radius": 0.011668976971235034, "file": "./use-cases/challenge-problem-3/cp3_scenarios/scenario2/pwnd_cp3_scenario_2-quatex.maude", "line": 86, "column": 1, "nsims": 256, "discarded": 0}, {"mean": 2.425646387712243, "std": 1.9007646908458098, "radius": 0.2339497497800052, "file": "./use-cases/challenge-problem-3/cp3_scenarios/scenario2/pwnd_cp3_scenario_2-quatex.maude", "line": 87, "column": 1, "nsims": 256, "discarded": 0}, {"mean": 0.10217187414107642, "std": 0.20089722383768419, "radius": 0.024726814147315486, "file": "./use-cases/challenge-problem-3/cp3_scenarios/scenario2/pwnd_cp3_scenario_2-quatex.maude", "line": 88, "column": 1, "nsims": 256, "discarded": 0}, {"mean": 1.5365040403638663, "std": 0.7329354668822585, "radius": 0.09021109762181781, "file": "./use-cases/challenge-problem-3/cp3_scenarios/scenario2/pwnd_cp3_scenario_2-quatex.maude", "line": 89, "column": 1, "nsims": 256, "discarded": 0}, {"mean": 4.921020209408992, "std": 5.51755437176316, "radius": 0.6791111340021612, "file": "./use-cases/challenge-problem-3/cp3_scenarios/scenario2/pwnd_cp3_scenario_2-quatex.maude", "line": 90, "column": 1, "nsims": 256, "discarded": 0}, {"mean": 0.0, "std": 0.0, "radius": 0.0, "file": "./use-cases/challenge-problem-3/cp3_scenarios/scenario2/pwnd_cp3_scenario_2-quatex.maude", "line": 91, "column": 1, "nsims": 256, "discarded": 0}, {"mean": 0.0, "std": 0.0, "radius": 0.0, "file": "./use-cases/challenge-problem-3/cp3_scenarios/scenario2/pwnd_cp3_scenario_2-quatex.maude", "line": 92, "column": 1, "nsims": 256, "discarded": 0}, {"mean": 0.9677003554301288, "std": 1.7838087455407168, "radius": 0.21955458857399876, "file": "./use-cases/challenge-problem-3/cp3_scenarios/scenario2/pwnd_cp3_scenario_2-quatex.maude", "line": 93, "column": 1, "nsims": 256, "discarded": 0}, {"mean": 4.825346553289161, "std": 2.3700976365872313, "radius": 0.29171614545671515, "file": "./use-cases/challenge-problem-3/cp3_scenarios/scenario2/pwnd_cp3_scenario_2-quatex.maude", "line": 94, "column": 1, "nsims": 256, "discarded": 0}, {"mean": 2.0692493576074047, "std": 2.927558836386932, "radius": 0.36032953502213666, "file": "./use-cases/challenge-problem-3/cp3_scenarios/scenario2/pwnd_cp3_scenario_2-quatex.maude", "line": 95, "column": 1, "nsims": 256, "discarded": 0}, {"mean": 0.04469948524386923, "std": 0.1200484956674844, "radius": 0.014775798213284624, "file": "./use-cases/challenge-problem-3/cp3_scenarios/scenario2/pwnd_cp3_scenario_2-quatex.maude", "line": 96, "column": 1, "nsims": 256, "discarded": 0}, {"mean": 0.190657460704838, "std": 0.3401154747434663, "radius": 0.04186206246136353, "file": "./use-cases/challenge-problem-3/cp3_scenarios/scenario2/pwnd_cp3_scenario_2-quatex.maude", "line": 97, "column": 1, "nsims": 256, "discarded": 0}, {"mean": 0.3902550038661299, "std": 0.6605619694152813, "radius": 0.08130322927564772, "file": "./use-cases/challenge-problem-3/cp3_scenarios/scenario2/pwnd_cp3_scenario_2-quatex.maude", "line": 98, "column": 1, "nsims": 256, "discarded": 0}, {"mean": 0.47800021677642524, "std": 0.6140409086290796, "radius": 0.07557732823021673, "file": "./use-cases/challenge-problem-3/cp3_scenarios/scenario2/pwnd_cp3_scenario_2-quatex.maude", "line": 99, "column": 1, "nsims": 256, "discarded": 0}, {"mean": 3.242413877184159, "std": 3.998609361405489, "radius": 0.4921564800072806, "file": "./use-cases/challenge-problem-3/cp3_scenarios/scenario2/pwnd_cp3_scenario_2-quatex.maude", "line": 100, "column": 1, "nsims": 256, "discarded": 0}, {"mean": 0.0, "std": 0.0, "radius": 0.0, "file": "./use-cases/challenge-problem-3/cp3_scenarios/scenario2/pwnd_cp3_scenario_2-quatex.maude", "line": 101, "column": 1, "nsims": 256, "discarded": 0}, {"mean": 0.0, "std": 0.0, "radius": 0.0, "file": "./use-cases/challenge-problem-3/cp3_scenarios/scenario2/pwnd_cp3_scenario_2-quatex.maude", "line": 102, "column": 1, "nsims": 256, "discarded": 0}, {"mean": 56.182479953962336, "std": 1.9361621761295422, "radius": 0.2383065398997152, "file": "./use-cases/challenge-problem-3/cp3_scenarios/scenario2/pwnd_cp3_scenario_2-quatex.maude", "line": 103, "column": 1, "nsims": 256, "discarded": 0}, {"mean": 2.7339476203702464, "std": 1.8432681585826947, "radius": 0.22687296673528853, "file": "./use-cases/challenge-problem-3/cp3_scenarios/scenario2/pwnd_cp3_scenario_2-quatex.maude", "line": 104, "column": 1, "nsims": 256, "discarded": 0}, {"mean": 84.53386558489004, "std": 2.390221180937488, "radius": 0.2941929897437029, "file": "./use-cases/challenge-problem-3/cp3_scenarios/scenario2/pwnd_cp3_scenario_2-quatex.maude", "line": 105, "column": 1, "nsims": 256, "discarded": 0}, {"mean": 0.03710343266989423, "std": 0.2698642945352564, "radius": 0.033215412978335024, "file": "./use-cases/challenge-problem-3/cp3_scenarios/scenario2/pwnd_cp3_scenario_2-quatex.maude", "line": 106, "column": 1, "nsims": 256, "discarded": 0}, {"mean": 5.203902556534996, "std": 3.695397670714592, "radius": 0.45483660579605345, "file": "./use-cases/challenge-problem-3/cp3_scenarios/scenario2/pwnd_cp3_scenario_2-quatex.maude", "line": 107, "column": 1, "nsims": 256, "discarded": 0}, {"mean": 0.12730608457537512, "std": 0.2424869314392829, "radius": 0.029845754820865114, "file": "./use-cases/challenge-problem-3/cp3_scenarios/scenario2/pwnd_cp3_scenario_2-quatex.maude", "line": 108, "column": 1, "nsims": 256, "discarded": 0}, {"mean": 11.297026057137973, "std": 2.345612487610147, "radius": 0.28870246653890763, "file": "./use-cases/challenge-problem-3/cp3_scenarios/scenario2/pwnd_cp3_scenario_2-quatex.maude", "line": 109, "column": 1, "nsims": 256, "discarded": 0}, {"mean": 14.906070910610515, "std": 12.906105363359194, "radius": 1.588508106728714, "file": "./use-cases/challenge-problem-3/cp3_scenarios/scenario2/pwnd_cp3_scenario_2-quatex.maude", "line": 110, "column": 1, "nsims": 256, "discarded": 0}, {"mean": 0.0, "std": 0.0, "radius": 0.0, "file": "./use-cases/challenge-problem-3/cp3_scenarios/scenario2/pwnd_cp3_scenario_2-quatex.maude", "line": 111, "column": 1, "nsims": 256, "discarded": 0}, {"mean": 0.0, "std": 0.0, "radius": 0.0, "file": "./use-cases/challenge-problem-3/cp3_scenarios/scenario2/pwnd_cp3_scenario_2-quatex.maude", "line": 112, "column": 1, "nsims": 256, "discarded": 0}, {"mean": 1.5808458607000566, "std": 2.9922404736896686, "radius": 0.3682906745231039, "file": "./use-cases/challenge-problem-3/cp3_scenarios/scenario2/pwnd_cp3_scenario_2-quatex.maude", "line": 113, "column": 1, "nsims": 256, "discarded": 0}, {"mean": 51.894203398680176, "std": 4.416448000902978, "radius": 0.5435848580856616, "file": "./use-cases/challenge-problem-3/cp3_scenarios/scenario2/pwnd_cp3_scenario_2-quatex.maude", "line": 114, "column": 1, "nsims": 256, "discarded": 0}, {"mean": 4.37109532216471, "std": 5.85206136346369, "radius": 0.7202828936549448, "file": "./use-cases/challenge-problem-3/cp3_scenarios/scenario2/pwnd_cp3_scenario_2-quatex.maude", "line": 115, "column": 1, "nsims": 256, "discarded": 0}, {"mean": 0.03578390727181543, "std": 0.11743951310917465, "radius": 0.014454679655245039, "file": "./use-cases/challenge-problem-3/cp3_scenarios/scenario2/pwnd_cp3_scenario_2-quatex.maude", "line": 116, "column": 1, "nsims": 256, "discarded": 0}, {"mean": 0.1745772102127322, "std": 0.38404755125336093, "radius": 0.04726930637551283, "file": "./use-cases/challenge-problem-3/cp3_scenarios/scenario2/pwnd_cp3_scenario_2-quatex.maude", "line": 117, "column": 1, "nsims": 256, "discarded": 0}, {"mean": 2.647033810970184, "std": 2.9854746296879737, "radius": 0.367457921516448, "file": "./use-cases/challenge-problem-3/cp3_scenarios/scenario2/pwnd_cp3_scenario_2-quatex.maude", "line": 118, "column": 1, "nsims": 256, "discarded": 0}, {"mean": 3.185429126309697, "std": 2.2811354907696084, "radius": 0.280766514577017, "file": "./use-cases/challenge-problem-3/cp3_scenarios/scenario2/pwnd_cp3_scenario_2-quatex.maude", "line": 119, "column": 1, "nsims": 256, "discarded": 0}, {"mean": 8.306854761939231, "std": 7.990502759774634, "radius": 0.983486346452424, "file": "./use-cases/challenge-problem-3/cp3_scenarios/scenario2/pwnd_cp3_scenario_2-quatex.maude", "line": 120, "column": 1, "nsims": 256, "discarded": 0}, {"mean": 0.0, "std": 0.0, "radius": 0.0, "file": "./use-cases/challenge-problem-3/cp3_scenarios/scenario2/pwnd_cp3_scenario_2-quatex.maude", "line": 121, "column": 1, "nsims": 256, "discarded": 0}, {"mean": 0.0, "std": 0.0, "radius": 0.0, "file": "./use-cases/challenge-problem-3/cp3_scenarios/scenario2/pwnd_cp3_scenario_2-quatex.maude", "line": 122, "column": 1, "nsims": 256, "discarded": 0}, {"mean": 13.123889449749898, "std": 0.9309445817575743, "radius": 0.1145824377999789, "file": "./use-cases/challenge-problem-3/cp3_scenarios/scenario2/pwnd_cp3_scenario_2-quatex.maude", "line": 123, "column": 1, "nsims": 256, "discarded": 0}, {"mean": 0.48450135967017965, "std": 0.5638297845063452, "radius": 0.0693972471390327, "file": "./use-cases/challenge-problem-3/cp3_scenarios/scenario2/pwnd_cp3_scenario_2-quatex.maude", "line": 124, "column": 1, "nsims": 256, "discarded": 0}, {"mean": 20.005343919695076, "std": 1.182887840412852, "radius": 0.1455920954419951, "file": "./use-cases/challenge-problem-3/cp3_scenarios/scenario2/pwnd_cp3_scenario_2-quatex.maude", "line": 125, "column": 1, "nsims": 256, "discarded": 0}, {"mean": 0.017889398326389902, "std": 0.06463035779151066, "radius": 0.007954827920750075, "file": "./use-cases/challenge-problem-3/cp3_scenarios/scenario2/pwnd_cp3_scenario_2-quatex.maude", "line": 126, "column": 1, "nsims": 256, "discarded": 0}, {"mean": 2.316351005951626, "std": 1.924041405881393, "radius": 0.23681469233944008, "file": "./use-cases/challenge-problem-3/cp3_scenarios/scenario2/pwnd_cp3_scenario_2-quatex.maude", "line": 127, "column": 1, "nsims": 256, "discarded": 0}, {"mean": 0.12205183064582609, "std": 0.22534785300844437, "radius": 0.027736244301406594, "file": "./use-cases/challenge-problem-3/cp3_scenarios/scenario2/pwnd_cp3_scenario_2-quatex.maude", "line": 128, "column": 1, "nsims": 256, "discarded": 0}, {"mean": 1.614654597226544, "std": 0.7941936675687391, "radius": 0.09775087400318475, "file": "./use-cases/challenge-problem-3/cp3_scenarios/scenario2/pwnd_cp3_scenario_2-quatex.maude", "line": 129, "column": 1, "nsims": 256, "discarded": 0}, {"mean": 5.0997263187547714, "std": 5.6721871533165125, "radius": 0.6981436321995551, "file": "./use-cases/challenge-problem-3/cp3_scenarios/scenario2/pwnd_cp3_scenario_2-quatex.maude", "line": 130, "column": 1, "nsims": 256, "discarded": 0}, {"mean": 0.0, "std": 0.0, "radius": 0.0, "file": "./use-cases/challenge-problem-3/cp3_scenarios/scenario2/pwnd_cp3_scenario_2-quatex.maude", "line": 131, "column": 1, "nsims": 256, "discarded": 0}, {"mean": 0.0, "std": 0.0, "radius": 0.0, "file": "./use-cases/challenge-problem-3/cp3_scenarios/scenario2/pwnd_cp3_scenario_2-quatex.maude", "line": 132, "column": 1, "nsims": 256, "discarded": 0}, {"mean": 0.7260948996109062, "std": 1.5006642322968409, "radius": 0.18470462090361356, "file": "./use-cases/challenge-problem-3/cp3_scenarios/scenario2/pwnd_cp3_scenario_2-quatex.maude", "line": 133, "column": 1, "nsims": 256, "discarded": 0}, {"mean": 0.9468986452103815, "std": 1.3270573512799357, "radius": 0.16333675429203476, "file": "./use-cases/challenge-problem-3/cp3_scenarios/scenario2/pwnd_cp3_scenario_2-quatex.maude", "line": 134, "column": 1, "nsims": 256, "discarded": 0}, {"mean": 2.2511434726726547, "std": 3.1092745207851196, "radius": 0.3826954486466901, "file": "./use-cases/challenge-problem-3/cp3_scenarios/scenario2/pwnd_cp3_scenario_2-quatex.maude", "line": 135, "column": 1, "nsims": 256, "discarded": 0}, {"mean": 0.03578390727181543, "std": 0.11743951310917465, "radius": 0.014454679655245039, "file": "./use-cases/challenge-problem-3/cp3_scenarios/scenario2/pwnd_cp3_scenario_2-quatex.maude", "line": 136, "column": 1, "nsims": 256, "discarded": 0}, {"mean": 0.17413583910821537, "std": 0.38418351152448454, "radius": 0.04728604062545055, "file": "./use-cases/challenge-problem-3/cp3_scenarios/scenario2/pwnd_cp3_scenario_2-quatex.maude", "line": 137, "column": 1, "nsims": 256, "discarded": 0}, {"mean": 0.4154459335655409, "std": 0.6915914016904953, "radius": 0.08512239108539894, "file": "./use-cases/challenge-problem-3/cp3_scenarios/scenario2/pwnd_cp3_scenario_2-quatex.maude", "line": 138, "column": 1, "nsims": 256, "discarded": 0}, {"mean": 0.48561483615120193, "std": 0.6077056606084122, "radius": 0.0747975737996092, "file": "./use-cases/challenge-problem-3/cp3_scenarios/scenario2/pwnd_cp3_scenario_2-quatex.maude", "line": 139, "column": 1, "nsims": 256, "discarded": 0}, {"mean": 3.361926894768636, "std": 4.246079995620976, "radius": 0.5226156384877813, "file": "./use-cases/challenge-problem-3/cp3_scenarios/scenario2/pwnd_cp3_scenario_2-quatex.maude", "line": 140, "column": 1, "nsims": 256, "discarded": 0}, {"mean": 0.0, "std": 0.0, "radius": 0.0, "file": "./use-cases/challenge-problem-3/cp3_scenarios/scenario2/pwnd_cp3_scenario_2-quatex.maude", "line": 141, "column": 1, "nsims": 256, "discarded": 0}, {"mean": 0.0, "std": 0.0, "radius": 0.0, "file": "./use-cases/challenge-problem-3/cp3_scenarios/scenario2/pwnd_cp3_scenario_2-quatex.maude", "line": 142, "column": 1, "nsims": 256, "discarded": 0}, {"mean": 70.16298668569287, "std": 2.141343522894176, "radius": 0.2635606520821918, "file": "./use-cases/challenge-problem-3/cp3_scenarios/scenario2/pwnd_cp3_scenario_2-quatex.maude", "line": 143, "column": 1, "nsims": 256, "discarded": 0}, {"mean": 5.816929494224582, "std": 2.104636756759681, "radius": 0.25904271317383754, "file": "./use-cases/challenge-problem-3/cp3_scenarios/scenario2/pwnd_cp3_scenario_2-quatex.maude", "line": 144, "column": 1, "nsims": 256, "discarded": 0}, {"mean": 105.79936754409673, "std": 2.6209164517083146, "radius": 0.32258740444016337, "file": "./use-cases/challenge-problem-3/cp3_scenarios/scenario2/pwnd_cp3_scenario_2-quatex.maude", "line": 145, "column": 1, "nsims": 256, "discarded": 0}, {"mean": 0.016118695674925035, "std": 0.08485817898318936, "radius": 0.010444506800612959, "file": "./use-cases/challenge-problem-3/cp3_scenarios/scenario2/pwnd_cp3_scenario_2-quatex.maude", "line": 146, "column": 1, "nsims": 256, "discarded": 0}, {"mean": 6.356849756304928, "std": 4.215922598335227, "radius": 0.518903808410657, "file": "./use-cases/challenge-problem-3/cp3_scenarios/scenario2/pwnd_cp3_scenario_2-quatex.maude", "line": 147, "column": 1, "nsims": 256, "discarded": 0}, {"mean": 0.12876156233912012, "std": 0.24823587611040515, "radius": 0.030553345915010313, "file": "./use-cases/challenge-problem-3/cp3_scenarios/scenario2/pwnd_cp3_scenario_2-quatex.maude", "line": 148, "column": 1, "nsims": 256, "discarded": 0}, {"mean": 13.001140185359041, "std": 2.563936605582094, "radius": 0.31557421611236425, "file": "./use-cases/challenge-problem-3/cp3_scenarios/scenario2/pwnd_cp3_scenario_2-quatex.maude", "line": 149, "column": 1, "nsims": 256, "discarded": 0}, {"mean": 17.72239789741473, "std": 14.932025847581768, "radius": 1.8378622706821448, "file": "./use-cases/challenge-problem-3/cp3_scenarios/scenario2/pwnd_cp3_scenario_2-quatex.maude", "line": 150, "column": 1, "nsims": 256, "discarded": 0}, {"mean": 0.0, "std": 0.0, "radius": 0.0, "file": "./use-cases/challenge-problem-3/cp3_scenarios/scenario2/pwnd_cp3_scenario_2-quatex.maude", "line": 151, "column": 1, "nsims": 256, "discarded": 0}, {"mean": 0.0, "std": 0.0, "radius": 0.0, "file": "./use-cases/challenge-problem-3/cp3_scenarios/scenario2/pwnd_cp3_scenario_2-quatex.maude", "line": 152, "column": 1, "nsims": 256, "discarded": 0}, {"mean": 1.0557391330111814, "std": 2.506188392887592, "radius": 0.30846645575928794, "file": "./use-cases/challenge-problem-3/cp3_scenarios/scenario2/pwnd_cp3_scenario_2-quatex.maude", "line": 153, "column": 1, "nsims": 256, "discarded": 0}, {"mean": 45.96144130599241, "std": 5.324377378575242, "radius": 0.6553345405936122, "file": "./use-cases/challenge-problem-3/cp3_scenarios/scenario2/pwnd_cp3_scenario_2-quatex.maude", "line": 154, "column": 1, "nsims": 256, "discarded": 0}, {"mean": 4.4123502453821875, "std": 5.915606624147991, "radius": 0.728104165750536, "file": "./use-cases/challenge-problem-3/cp3_scenarios/scenario2/pwnd_cp3_scenario_2-quatex.maude", "line": 155, "column": 1, "nsims": 256, "discarded": 0}, {"mean": 0.028777537951399416, "std": 0.07981978763936844, "radius": 0.009824371967586292, "file": "./use-cases/challenge-problem-3/cp3_scenarios/scenario2/pwnd_cp3_scenario_2-quatex.maude", "line": 156, "column": 1, "nsims": 256, "discarded": 0}, {"mean": 0.22240836520674337, "std": 0.43897969388005376, "radius": 0.05403045944421578, "file": "./use-cases/challenge-problem-3/cp3_scenarios/scenario2/pwnd_cp3_scenario_2-quatex.maude", "line": 157, "column": 1, "nsims": 256, "discarded": 0}, {"mean": 1.8759580657330215, "std": 2.6955721872121954, "radius": 0.33177617500439516, "file": "./use-cases/challenge-problem-3/cp3_scenarios/scenario2/pwnd_cp3_scenario_2-quatex.maude", "line": 158, "column": 1, "nsims": 256, "discarded": 0}, {"mean": 2.868887778068528, "std": 2.342629852133497, "radius": 0.28833535806577165, "file": "./use-cases/challenge-problem-3/cp3_scenarios/scenario2/pwnd_cp3_scenario_2-quatex.maude", "line": 159, "column": 1, "nsims": 256, "discarded": 0}, {"mean": 9.568123223381647, "std": 9.600751625477264, "radius": 1.181678853409734, "file": "./use-cases/challenge-problem-3/cp3_scenarios/scenario2/pwnd_cp3_scenario_2-quatex.maude", "line": 160, "column": 1, "nsims": 256, "discarded": 0}, {"mean": 0.0, "std": 0.0, "radius": 0.0, "file": "./use-cases/challenge-problem-3/cp3_scenarios/scenario2/pwnd_cp3_scenario_2-quatex.maude", "line": 161, "column": 1, "nsims": 256, "discarded": 0}, {"mean": 0.0, "std": 0.0, "radius": 0.0, "file": "./use-cases/challenge-problem-3/cp3_scenarios/scenario2/pwnd_cp3_scenario_2-quatex.maude", "line": 162, "column": 1, "nsims": 256, "discarded": 0}, {"mean": 13.222942077063069, "std": 0.9261036368318036, "radius": 0.11398660504933007, "file": "./use-cases/challenge-problem-3/cp3_scenarios/scenario2/pwnd_cp3_scenario_2-quatex.maude", "line": 163, "column": 1, "nsims": 256, "discarded": 0}, {"mean": 3.6883768802782595, "std": 0.8966399008056567, "radius": 0.11036015212535771, "file": "./use-cases/challenge-problem-3/cp3_scenarios/scenario2/pwnd_cp3_scenario_2-quatex.maude", "line": 164, "column": 1, "nsims": 256, "discarded": 0}, {"mean": 20.087985870215316, "std": 1.1604999855175833, "radius": 0.14283655548690025, "file": "./use-cases/challenge-problem-3/cp3_scenarios/scenario2/pwnd_cp3_scenario_2-quatex.maude", "line": 165, "column": 1, "nsims": 256, "discarded": 0}, {"mean": 0.016118695674925035, "std": 0.08485817898318936, "radius": 0.010444506800612959, "file": "./use-cases/challenge-problem-3/cp3_scenarios/scenario2/pwnd_cp3_scenario_2-quatex.maude", "line": 166, "column": 1, "nsims": 256, "discarded": 0}, {"mean": 2.2967854878765666, "std": 1.8743250788400192, "radius": 0.2306955118183969, "file": "./use-cases/challenge-problem-3/cp3_scenarios/scenario2/pwnd_cp3_scenario_2-quatex.maude", "line": 167, "column": 1, "nsims": 256, "discarded": 0}, {"mean": 0.12524555622332417, "std": 0.24506882605826338, "radius": 0.030163539343577413, "file": "./use-cases/challenge-problem-3/cp3_scenarios/scenario2/pwnd_cp3_scenario_2-quatex.maude", "line": 168, "column": 1, "nsims": 256, "discarded": 0}, {"mean": 1.6570730964562639, "std": 0.7670679622474947, "radius": 0.09441219036544977, "file": "./use-cases/challenge-problem-3/cp3_scenarios/scenario2/pwnd_cp3_scenario_2-quatex.maude", "line": 169, "column": 1, "nsims": 256, "discarded": 0}, {"mean": 4.690855421718983, "std": 5.087481832130874, "radius": 0.6261769841209086, "file": "./use-cases/challenge-problem-3/cp3_scenarios/scenario2/pwnd_cp3_scenario_2-quatex.maude", "line": 170, "column": 1, "nsims": 256, "discarded": 0}, {"mean": 0.0, "std": 0.0, "radius": 0.0, "file": "./use-cases/challenge-problem-3/cp3_scenarios/scenario2/pwnd_cp3_scenario_2-quatex.maude", "line": 171, "column": 1, "nsims": 256, "discarded": 0}, {"mean": 0.0, "std": 0.0, "radius": 0.0, "file": "./use-cases/challenge-problem-3/cp3_scenarios/scenario2/pwnd_cp3_scenario_2-quatex.maude", "line": 172, "column": 1, "nsims": 256, "discarded": 0}, {"mean": 0.5369696416859857, "std": 1.4884583477495827, "radius": 0.1832022973127834, "file": "./use-cases/challenge-problem-3/cp3_scenarios/scenario2/pwnd_cp3_scenario_2-quatex.maude", "line": 173, "column": 1, "nsims": 256, "discarded": 0}, {"mean": 0.03693382870538581, "std": 0.1785247229049858, "radius": 0.02197316398726929, "file": "./use-cases/challenge-problem-3/cp3_scenarios/scenario2/pwnd_cp3_scenario_2-quatex.maude", "line": 174, "column": 1, "nsims": 256, "discarded": 0}, {"mean": 2.0627598497148325, "std": 2.7828763422917926, "radius": 0.34252173721627416, "file": "./use-cases/challenge-problem-3/cp3_scenarios/scenario2/pwnd_cp3_scenario_2-quatex.maude", "line": 175, "column": 1, "nsims": 256, "discarded": 0}, {"mean": 0.028777537951399416, "std": 0.07981978763936844, "radius": 0.009824371967586292, "file": "./use-cases/challenge-problem-3/cp3_scenarios/scenario2/pwnd_cp3_scenario_2-quatex.maude", "line": 176, "column": 1, "nsims": 256, "discarded": 0}, {"mean": 0.2176012248487352, "std": 0.41451131706606226, "radius": 0.051018844876286835, "file": "./use-cases/challenge-problem-3/cp3_scenarios/scenario2/pwnd_cp3_scenario_2-quatex.maude", "line": 177, "column": 1, "nsims": 256, "discarded": 0}, {"mean": 0.3263645172368689, "std": 0.6188261110549291, "radius": 0.07616630008747279, "file": "./use-cases/challenge-problem-3/cp3_scenarios/scenario2/pwnd_cp3_scenario_2-quatex.maude", "line": 178, "column": 1, "nsims": 256, "discarded": 0}, {"mean": 0.34389920314610983, "std": 0.47751064787757014, "radius": 0.05877292288007255, "file": "./use-cases/challenge-problem-3/cp3_scenarios/scenario2/pwnd_cp3_scenario_2-quatex.maude", "line": 179, "column": 1, "nsims": 256, "discarded": 0}, {"mean": 3.5771616907796817, "std": 4.466355948189946, "radius": 0.5497276235926452, "file": "./use-cases/challenge-problem-3/cp3_scenarios/scenario2/pwnd_cp3_scenario_2-quatex.maude", "line": 180, "column": 1, "nsims": 256, "discarded": 0}, {"mean": 0.0, "std": 0.0, "radius": 0.0, "file": "./use-cases/challenge-problem-3/cp3_scenarios/scenario2/pwnd_cp3_scenario_2-quatex.maude", "line": 181, "column": 1, "nsims": 256, "discarded": 0}, {"mean": 0.0, "std": 0.0, "radius": 0.0, "file": "./use-cases/challenge-problem-3/cp3_scenarios/scenario2/pwnd_cp3_scenario_2-quatex.maude", "line": 182, "column": 1, "nsims": 256, "discarded": 0}, {"mean": 84.2255628935594, "std": 2.334929950255861, "radius": 0.2873876394311194, "file": "./use-cases/challenge-problem-3/cp3_scenarios/scenario2/pwnd_cp3_scenario_2-quatex.maude", "line": 183, "column": 1, "nsims": 256, "discarded": 0}, {"mean": 13.708846624439177, "std": 2.3798836534206815, "radius": 0.29292062710589284, "file": "./use-cases/challenge-problem-3/cp3_scenarios/scenario2/pwnd_cp3_scenario_2-quatex.maude", "line": 184, "column": 1, "nsims": 256, "discarded": 0}, {"mean": 126.96842358619053, "std": 2.8796460065665905, "radius": 0.3544323323848481, "file": "./use-cases/challenge-problem-3/cp3_scenarios/scenario2/pwnd_cp3_scenario_2-quatex.maude", "line": 185, "column": 1, "nsims": 256, "discarded": 0}, {"mean": 0.017651731286298444, "std": 0.06945938944088595, "radius": 0.00854919436257847, "file": "./use-cases/challenge-problem-3/cp3_scenarios/scenario2/pwnd_cp3_scenario_2-quatex.maude", "line": 186, "column": 1, "nsims": 256, "discarded": 0}, {"mean": 7.601030813586819, "std": 4.792261857260867, "radius": 0.5898407455620136, "file": "./use-cases/challenge-problem-3/cp3_scenarios/scenario2/pwnd_cp3_scenario_2-quatex.maude", "line": 187, "column": 1, "nsims": 256, "discarded": 0}, {"mean": 0.1440404181891113, "std": 0.2683110579624627, "radius": 0.033024237653317516, "file": "./use-cases/challenge-problem-3/cp3_scenarios/scenario2/pwnd_cp3_scenario_2-quatex.maude", "line": 188, "column": 1, "nsims": 256, "discarded": 0}, {"mean": 14.666979171285197, "std": 2.7890036740354986, "radius": 0.3432759009142652, "file": "./use-cases/challenge-problem-3/cp3_scenarios/scenario2/pwnd_cp3_scenario_2-quatex.maude", "line": 189, "column": 1, "nsims": 256, "discarded": 0}, {"mean": 20.919462237285025, "std": 16.9128665666357, "radius": 2.0816679310085155, "file": "./use-cases/challenge-problem-3/cp3_scenarios/scenario2/pwnd_cp3_scenario_2-quatex.maude", "line": 190, "column": 1, "nsims": 256, "discarded": 0}, {"mean": 0.0, "std": 0.0, "radius": 0.0, "file": "./use-cases/challenge-problem-3/cp3_scenarios/scenario2/pwnd_cp3_scenario_2-quatex.maude", "line": 191, "column": 1, "nsims": 256, "discarded": 0}, {"mean": 0.0, "std": 0.0, "radius": 0.0, "file": "./use-cases/challenge-problem-3/cp3_scenarios/scenario2/pwnd_cp3_scenario_2-quatex.maude", "line": 192, "column": 1, "nsims": 256, "discarded": 0}, {"mean": 3.4775699982156514, "std": 3.540280318086072, "radius": 0.4357444656648987, "file": "./use-cases/challenge-problem-3/cp3_scenarios/scenario2/pwnd_cp3_scenario_2-quatex.maude", "line": 193, "column": 1, "nsims": 256, "discarded": 0}, {"mean": 35.17870503701786, "std": 6.496106217539962, "radius": 0.7995531648168087, "file": "./use-cases/challenge-problem-3/cp3_scenarios/scenario2/pwnd_cp3_scenario_2-quatex.maude", "line": 194, "column": 1, "nsims": 256, "discarded": 0}, {"mean": 4.214000963437629, "std": 5.743201953042179, "radius": 0.7068842694317756, "file": "./use-cases/challenge-problem-3/cp3_scenarios/scenario2/pwnd_cp3_scenario_2-quatex.maude", "line": 195, "column": 1, "nsims": 256, "discarded": 0}, {"mean": 0.050494415982680854, "std": 0.15511011994046975, "radius": 0.01909124991809056, "file": "./use-cases/challenge-problem-3/cp3_scenarios/scenario2/pwnd_cp3_scenario_2-quatex.maude", "line": 196, "column": 1, "nsims": 256, "discarded": 0}, {"mean": 0.19579832598380179, "std": 0.33856991385499297, "radius": 0.04167183187423746, "file": "./use-cases/challenge-problem-3/cp3_scenarios/scenario2/pwnd_cp3_scenario_2-quatex.maude", "line": 197, "column": 1, "nsims": 256, "discarded": 0}, {"mean": 1.652130342522078, "std": 2.3658917885094937, "radius": 0.2911984816395482, "file": "./use-cases/challenge-problem-3/cp3_scenarios/scenario2/pwnd_cp3_scenario_2-quatex.maude", "line": 198, "column": 1, "nsims": 256, "discarded": 0}, {"mean": 2.676795800481211, "std": 2.389218787011746, "radius": 0.29406961318413305, "file": "./use-cases/challenge-problem-3/cp3_scenarios/scenario2/pwnd_cp3_scenario_2-quatex.maude", "line": 199, "column": 1, "nsims": 256, "discarded": 0}, {"mean": 10.58829754870285, "std": 10.030926920381082, "radius": 1.2346256506061326, "file": "./use-cases/challenge-problem-3/cp3_scenarios/scenario2/pwnd_cp3_scenario_2-quatex.maude", "line": 200, "column": 1, "nsims": 256, "discarded": 0}, {"mean": 0.0, "std": 0.0, "radius": 0.0, "file": "./use-cases/challenge-problem-3/cp3_scenarios/scenario2/pwnd_cp3_scenario_2-quatex.maude", "line": 201, "column": 1, "nsims": 256, "discarded": 0}, {"mean": 0.0, "std": 0.0, "radius": 0.0, "file": "./use-cases/challenge-problem-3/cp3_scenarios/scenario2/pwnd_cp3_scenario_2-quatex.maude", "line": 202, "column": 1, "nsims": 256, "discarded": 0}, {"mean": 13.28098932329902, "std": 0.9372664232098005, "radius": 0.1153605421245279, "file": "./use-cases/challenge-problem-3/cp3_scenarios/scenario2/pwnd_cp3_scenario_2-quatex.maude", "line": 203, "column": 1, "nsims": 256, "discarded": 0}, {"mean": 7.442145805100796, "std": 1.167732667599798, "radius": 0.14372676781645458, "file": "./use-cases/challenge-problem-3/cp3_scenarios/scenario2/pwnd_cp3_scenario_2-quatex.maude", "line": 204, "column": 1, "nsims": 256, "discarded": 0}, {"mean": 20.005305461807932, "std": 1.2169063870695835, "radius": 0.14977916316087214, "file": "./use-cases/challenge-problem-3/cp3_scenarios/scenario2/pwnd_cp3_scenario_2-quatex.maude", "line": 205, "column": 1, "nsims": 256, "discarded": 0}, {"mean": 0.017651731286298444, "std": 0.06945938944088595, "radius": 0.00854919436257847, "file": "./use-cases/challenge-problem-3/cp3_scenarios/scenario2/pwnd_cp3_scenario_2-quatex.maude", "line": 206, "column": 1, "nsims": 256, "discarded": 0}, {"mean": 2.4236522288615028, "std": 1.9499316038286196, "radius": 0.24000130736900124, "file": "./use-cases/challenge-problem-3/cp3_scenarios/scenario2/pwnd_cp3_scenario_2-quatex.maude", "line": 207, "column": 1, "nsims": 256, "discarded": 0}, {"mean": 0.13612296574978894, "std": 0.24300367239971613, "radius": 0.029909356285568584, "file": "./use-cases/challenge-problem-3/cp3_scenarios/scenario2/pwnd_cp3_scenario_2-quatex.maude", "line": 208, "column": 1, "nsims": 256, "discarded": 0}, {"mean": 1.6241665856518843, "std": 0.7582593588936011, "radius": 0.09332801063479741, "file": "./use-cases/challenge-problem-3/cp3_scenarios/scenario2/pwnd_cp3_scenario_2-quatex.maude", "line": 209, "column": 1, "nsims": 256, "discarded": 0}, {"mean": 5.508050501480067, "std": 5.5083039288106885, "radius": 0.6779725718095302, "file": "./use-cases/challenge-problem-3/cp3_scenarios/scenario2/pwnd_cp3_scenario_2-quatex.maude", "line": 210, "column": 1, "nsims": 256, "discarded": 0}, {"mean": 0.0, "std": 0.0, "radius": 0.0, "file": "./use-cases/challenge-problem-3/cp3_scenarios/scenario2/pwnd_cp3_scenario_2-quatex.maude", "line": 211, "column": 1, "nsims": 256, "discarded": 0}, {"mean": 0.0, "std": 0.0, "radius": 0.0, "file": "./use-cases/challenge-problem-3/cp3_scenarios/scenario2/pwnd_cp3_scenario_2-quatex.maude", "line": 212, "column": 1, "nsims": 256, "discarded": 0}, {"mean": 2.915879875972436, "std": 2.7289241150148364, "radius": 0.33588119400105837, "file": "./use-cases/challenge-problem-3/cp3_scenarios/scenario2/pwnd_cp3_scenario_2-quatex.maude", "line": 213, "column": 1, "nsims": 256, "discarded": 0}, {"mean": 0.03589387949159753, "std": 0.2514820791797546, "radius": 0.030952894791032127, "file": "./use-cases/challenge-problem-3/cp3_scenarios/scenario2/pwnd_cp3_scenario_2-quatex.maude", "line": 214, "column": 1, "nsims": 256, "discarded": 0}, {"mean": 1.9154336322094239, "std": 2.6824278154602603, "radius": 0.33015834061532506, "file": "./use-cases/challenge-problem-3/cp3_scenarios/scenario2/pwnd_cp3_scenario_2-quatex.maude", "line": 215, "column": 1, "nsims": 256, "discarded": 0}, {"mean": 0.050494415982680854, "std": 0.15511011994046975, "radius": 0.01909124991809056, "file": "./use-cases/challenge-problem-3/cp3_scenarios/scenario2/pwnd_cp3_scenario_2-quatex.maude", "line": 216, "column": 1, "nsims": 256, "discarded": 0}, {"mean": 0.19579832598380179, "std": 0.33856991385499297, "radius": 0.04167183187423746, "file": "./use-cases/challenge-problem-3/cp3_scenarios/scenario2/pwnd_cp3_scenario_2-quatex.maude", "line": 217, "column": 1, "nsims": 256, "discarded": 0}, {"mean": 0.5016553367180284, "std": 0.7725268021932582, "radius": 0.09508407481571919, "file": "./use-cases/challenge-problem-3/cp3_scenarios/scenario2/pwnd_cp3_scenario_2-quatex.maude", "line": 218, "column": 1, "nsims": 256, "discarded": 0}, {"mean": 0.42625515291095434, "std": 0.501112720701675, "radius": 0.06167791109775231, "file": "./use-cases/challenge-problem-3/cp3_scenarios/scenario2/pwnd_cp3_scenario_2-quatex.maude", "line": 219, "column": 1, "nsims": 256, "discarded": 0}, {"mean": 3.300372956210714, "std": 4.131317262079775, "radius": 0.5084904219760592, "file": "./use-cases/challenge-problem-3/cp3_scenarios/scenario2/pwnd_cp3_scenario_2-quatex.maude", "line": 220, "column": 1, "nsims": 256, "discarded": 0}, {"mean": 0.0, "std": 0.0, "radius": 0.0, "file": "./use-cases/challenge-problem-3/cp3_scenarios/scenario2/pwnd_cp3_scenario_2-quatex.maude", "line": 221, "column": 1, "nsims": 256, "discarded": 0}, {"mean": 0.0, "std": 0.0, "radius": 0.0, "file": "./use-cases/challenge-problem-3/cp3_scenarios/scenario2/pwnd_cp3_scenario_2-quatex.maude", "line": 222, "column": 1, "nsims": 256, "discarded": 0}, {"mean": 108.54030651384053, "std": 2.9023497633485027, "radius": 0.35722675414771815, "file": "./use-cases/challenge-problem-3/cp3_scenarios/scenario2/pwnd_cp3_scenario_2-quatex.maude", "line": 223, "column": 1, "nsims": 256, "discarded": 0}, {"mean": 23.339891896918687, "std": 2.820889480895217, "radius": 0.3472004669440799, "file": "./use-cases/challenge-problem-3/cp3_scenarios/scenario2/pwnd_cp3_scenario_2-quatex.maude", "line": 224, "column": 1, "nsims": 256, "discarded": 0}, {"mean": 148.21432114614137, "std": 3.1062908098197415, "radius": 0.3823282078003466, "file": "./use-cases/challenge-problem-3/cp3_scenarios/scenario2/pwnd_cp3_scenario_2-quatex.maude", "line": 225, "column": 1, "nsims": 256, "discarded": 0}, {"mean": 0.008574759282212697, "std": 0.0305555702125448, "radius": 0.003760837961709654, "file": "./use-cases/challenge-problem-3/cp3_scenarios/scenario2/pwnd_cp3_scenario_2-quatex.maude", "line": 226, "column": 1, "nsims": 256, "discarded": 0}, {"mean": 8.771227422628277, "std": 5.461678192146061, "radius": 0.6722337870569872, "file": "./use-cases/challenge-problem-3/cp3_scenarios/scenario2/pwnd_cp3_scenario_2-quatex.maude", "line": 227, "column": 1, "nsims": 256, "discarded": 0}, {"mean": 0.13539866612170307, "std": 0.24517030161163067, "radius": 0.030176029148566635, "file": "./use-cases/challenge-problem-3/cp3_scenarios/scenario2/pwnd_cp3_scenario_2-quatex.maude", "line": 228, "column": 1, "nsims": 256, "discarded": 0}, {"mean": 15.876644079688452, "std": 2.9529112418055368, "radius": 0.3634499575197603, "file": "./use-cases/challenge-problem-3/cp3_scenarios/scenario2/pwnd_cp3_scenario_2-quatex.maude", "line": 229, "column": 1, "nsims": 256, "discarded": 0}, {"mean": 24.19645637750654, "std": 18.96565813389915, "radius": 2.3343294392029286, "file": "./use-cases/challenge-problem-3/cp3_scenarios/scenario2/pwnd_cp3_scenario_2-quatex.maude", "line": 230, "column": 1, "nsims": 256, "discarded": 0}, {"mean": 0.0, "std": 0.0, "radius": 0.0, "file": "./use-cases/challenge-problem-3/cp3_scenarios/scenario2/pwnd_cp3_scenario_2-quatex.maude", "line": 231, "column": 1, "nsims": 256, "discarded": 0}, {"mean": 0.0, "std": 0.0, "radius": 0.0, "file": "./use-cases/challenge-problem-3/cp3_scenarios/scenario2/pwnd_cp3_scenario_2-quatex.maude", "line": 232, "column": 1, "nsims": 256, "discarded": 0}, {"mean": 17.2068676202319, "std": 5.961390478329673, "radius": 0.7337393299985643, "file": "./use-cases/challenge-problem-3/cp3_scenarios/scenario2/pwnd_cp3_scenario_2-quatex.maude", "line": 233, "column": 1, "nsims": 256, "discarded": 0}, {"mean": 24.423193305703023, "std": 7.470761348999614, "radius": 0.9195155805881782, "file": "./use-cases/challenge-problem-3/cp3_scenarios/scenario2/pwnd_cp3_scenario_2-quatex.maude", "line": 234, "column": 1, "nsims": 256, "discarded": 0}, {"mean": 4.275492696711992, "std": 5.652336781504401, "radius": 0.69570041051049, "file": "./use-cases/challenge-problem-3/cp3_scenarios/scenario2/pwnd_cp3_scenario_2-quatex.maude", "line": 235, "column": 1, "nsims": 256, "discarded": 0}, {"mean": 4.917653664671466, "std": 1.2160284426394967, "radius": 0.14967110408300272, "file": "./use-cases/challenge-problem-3/cp3_scenarios/scenario2/pwnd_cp3_scenario_2-quatex.maude", "line": 236, "column": 1, "nsims": 256, "discarded": 0}, {"mean": 3.0532245194603047, "std": 1.1167036655201683, "radius": 0.13744602074368545, "file": "./use-cases/challenge-problem-3/cp3_scenarios/scenario2/pwnd_cp3_scenario_2-quatex.maude", "line": 237, "column": 1, "nsims": 256, "discarded": 0}, {"mean": 2.2693037422398343, "std": 2.3799756490127155, "radius": 0.2929319500991286, "file": "./use-cases/challenge-problem-3/cp3_scenarios/scenario2/pwnd_cp3_scenario_2-quatex.maude", "line": 238, "column": 1, "nsims": 256, "discarded": 0}, {"mean": 2.433115296009695, "std": 2.3226735355444794, "radius": 0.2858790964911452, "file": "./use-cases/challenge-problem-3/cp3_scenarios/scenario2/pwnd_cp3_scenario_2-quatex.maude", "line": 239, "column": 1, "nsims": 256, "discarded": 0}, {"mean": 11.155652401197257, "std": 10.255768854156516, "radius": 1.2622996254017231, "file": "./use-cases/challenge-problem-3/cp3_scenarios/scenario2/pwnd_cp3_scenario_2-quatex.maude", "line": 240, "column": 1, "nsims": 256, "discarded": 0}, {"mean": 0.0, "std": 0.0, "radius": 0.0, "file": "./use-cases/challenge-problem-3/cp3_scenarios/scenario2/pwnd_cp3_scenario_2-quatex.maude", "line": 241, "column": 1, "nsims": 256, "discarded": 0}, {"mean": 0.0, "std": 0.0, "radius": 0.0, "file": "./use-cases/challenge-problem-3/cp3_scenarios/scenario2/pwnd_cp3_scenario_2-quatex.maude", "line": 242, "column": 1, "nsims": 256, "discarded": 0}, {"mean": 23.52181889411858, "std": 1.6977469870664406, "radius": 0.20896194291004505, "file": "./use-cases/challenge-problem-3/cp3_scenarios/scenario2/pwnd_cp3_scenario_2-quatex.maude", "line": 243, "column": 1, "nsims": 256, "discarded": 0}, {"mean": 9.228634690212512, "std": 1.3112546198804962, "radius": 0.16139172391844633, "file": "./use-cases/challenge-problem-3/cp3_scenarios/scenario2/pwnd_cp3_scenario_2-quatex.maude", "line": 244, "column": 1, "nsims": 256, "discarded": 0}, {"mean": 20.057036000275314, "std": 1.1328899065052618, "radius": 0.13943825420981557, "file": "./use-cases/challenge-problem-3/cp3_scenarios/scenario2/pwnd_cp3_scenario_2-quatex.maude", "line": 245, "column": 1, "nsims": 256, "discarded": 0}, {"mean": 0.008574759282212697, "std": 0.0305555702125448, "radius": 0.003760837961709654, "file": "./use-cases/challenge-problem-3/cp3_scenarios/scenario2/pwnd_cp3_scenario_2-quatex.maude", "line": 246, "column": 1, "nsims": 256, "discarded": 0}, {"mean": 2.3812010023921224, "std": 1.9793853199481384, "radius": 0.24362652702372162, "file": "./use-cases/challenge-problem-3/cp3_scenarios/scenario2/pwnd_cp3_scenario_2-quatex.maude", "line": 247, "column": 1, "nsims": 256, "discarded": 0}, {"mean": 0.133905421865114, "std": 0.2441580493230685, "radius": 0.030051439202865373, "file": "./use-cases/challenge-problem-3/cp3_scenarios/scenario2/pwnd_cp3_scenario_2-quatex.maude", "line": 248, "column": 1, "nsims": 256, "discarded": 0}, {"mean": 1.199106565280059, "std": 0.7845022623787625, "radius": 0.09655803733585232, "file": "./use-cases/challenge-problem-3/cp3_scenarios/scenario2/pwnd_cp3_scenario_2-quatex.maude", "line": 249, "column": 1, "nsims": 256, "discarded": 0}, {"mean": 5.468335792135029, "std": 6.306423042902185, "radius": 0.7762065972707554, "file": "./use-cases/challenge-problem-3/cp3_scenarios/scenario2/pwnd_cp3_scenario_2-quatex.maude", "line": 250, "column": 1, "nsims": 256, "discarded": 0}, {"mean": 0.0, "std": 0.0, "radius": 0.0, "file": "./use-cases/challenge-problem-3/cp3_scenarios/scenario2/pwnd_cp3_scenario_2-quatex.maude", "line": 251, "column": 1, "nsims": 256, "discarded": 0}, {"mean": 0.0, "std": 0.0, "radius": 0.0, "file": "./use-cases/challenge-problem-3/cp3_scenarios/scenario2/pwnd_cp3_scenario_2-quatex.maude", "line": 252, "column": 1, "nsims": 256, "discarded": 0}, {"mean": 13.2819264163507, "std": 3.7879853258872815, "radius": 0.466232471294128, "file": "./use-cases/challenge-problem-3/cp3_scenarios/scenario2/pwnd_cp3_scenario_2-quatex.maude", "line": 253, "column": 1, "nsims": 256, "discarded": 0}, {"mean": 0.011146650153692077, "std": 0.07060557362815396, "radius": 0.008690268902264825, "file": "./use-cases/challenge-problem-3/cp3_scenarios/scenario2/pwnd_cp3_scenario_2-quatex.maude", "line": 254, "column": 1, "nsims": 256, "discarded": 0}, {"mean": 2.1462391614377214, "std": 2.9381882134066966, "radius": 0.361637819054383, "file": "./use-cases/challenge-problem-3/cp3_scenarios/scenario2/pwnd_cp3_scenario_2-quatex.maude", "line": 255, "column": 1, "nsims": 256, "discarded": 0}, {"mean": 4.900282775522927, "std": 1.1867611731644578, "radius": 0.1460688326375128, "file": "./use-cases/challenge-problem-3/cp3_scenarios/scenario2/pwnd_cp3_scenario_2-quatex.maude", "line": 256, "column": 1, "nsims": 256, "discarded": 0}, {"mean": 3.008390616935494, "std": 1.0642224297507634, "radius": 0.13098652997371843, "file": "./use-cases/challenge-problem-3/cp3_scenarios/scenario2/pwnd_cp3_scenario_2-quatex.maude", "line": 257, "column": 1, "nsims": 256, "discarded": 0}, {"mean": 1.0556109376753857, "std": 1.0880880714668812, "radius": 0.13392395875420599, "file": "./use-cases/challenge-problem-3/cp3_scenarios/scenario2/pwnd_cp3_scenario_2-quatex.maude", "line": 258, "column": 1, "nsims": 256, "discarded": 0}, {"mean": 0.37043439349754836, "std": 0.5137200751621129, "radius": 0.06322964837255134, "file": "./use-cases/challenge-problem-3/cp3_scenarios/scenario2/pwnd_cp3_scenario_2-quatex.maude", "line": 259, "column": 1, "nsims": 256, "discarded": 0}, {"mean": 3.254893980897688, "std": 4.163608679922862, "radius": 0.5124649113806736, "file": "./use-cases/challenge-problem-3/cp3_scenarios/scenario2/pwnd_cp3_scenario_2-quatex.maude", "line": 260, "column": 1, "nsims": 256, "discarded": 0}, {"mean": 0.0, "std": 0.0, "radius": 0.0, "file": "./use-cases/challenge-problem-3/cp3_scenarios/scenario2/pwnd_cp3_scenario_2-quatex.maude", "line": 261, "column": 1, "nsims": 256, "discarded": 0}, {"mean": 0.0, "std": 0.0, "radius": 0.0, "file": "./use-cases/challenge-problem-3/cp3_scenarios/scenario2/pwnd_cp3_scenario_2-quatex.maude", "line": 262, "column": 1, "nsims": 256, "discarded": 0}, {"mean": 144.0539573279079, "std": 3.5922607412378023, "radius": 0.44214231546102195, "file": "./use-cases/challenge-problem-3/cp3_scenarios/scenario2/pwnd_cp3_scenario_2-quatex.maude", "line": 263, "column": 1, "nsims": 256, "discarded": 0}, {"mean": 38.52338160867009, "std": 3.185589114382588, "radius": 0.39208839463452083, "file": "./use-cases/challenge-problem-3/cp3_scenarios/scenario2/pwnd_cp3_scenario_2-quatex.maude", "line": 264, "column": 1, "nsims": 256, "discarded": 0}, {"mean": 169.22209108827875, "std": 3.327761934412203, "radius": 0.40958729696137613, "file": "./use-cases/challenge-problem-3/cp3_scenarios/scenario2/pwnd_cp3_scenario_2-quatex.maude", "line": 265, "column": 1, "nsims": 256, "discarded": 0}, {"mean": 0.01907250560198926, "std": 0.07619263732155515, "radius": 0.00937793537637979, "file": "./use-cases/challenge-problem-3/cp3_scenarios/scenario2/pwnd_cp3_scenario_2-quatex.maude", "line": 266, "column": 1, "nsims": 256, "discarded": 0}, {"mean": 10.158659043830358, "std": 5.878644843308474, "radius": 0.7235548391450526, "file": "./use-cases/challenge-problem-3/cp3_scenarios/scenario2/pwnd_cp3_scenario_2-quatex.maude", "line": 267, "column": 1, "nsims": 256, "discarded": 0}, {"mean": 0.12910746090610986, "std": 0.23534458360005844, "radius": 0.028966661002532042, "file": "./use-cases/challenge-problem-3/cp3_scenarios/scenario2/pwnd_cp3_scenario_2-quatex.maude", "line": 268, "column": 1, "nsims": 256, "discarded": 0}, {"mean": 16.480015768575804, "std": 3.1725428032175227, "radius": 0.39048262972983877, "file": "./use-cases/challenge-problem-3/cp3_scenarios/scenario2/pwnd_cp3_scenario_2-quatex.maude", "line": 269, "column": 1, "nsims": 256, "discarded": 0}, {"mean": 26.940806201852364, "std": 20.272747108751123, "radius": 2.4952084475723177, "file": "./use-cases/challenge-problem-3/cp3_scenarios/scenario2/pwnd_cp3_scenario_2-quatex.maude", "line": 270, "column": 1, "nsims": 256, "discarded": 0}, {"mean": 0.0, "std": 0.0, "radius": 0.0, "file": "./use-cases/challenge-problem-3/cp3_scenarios/scenario2/pwnd_cp3_scenario_2-quatex.maude", "line": 271, "column": 1, "nsims": 256, "discarded": 0}, {"mean": 0.0, "std": 0.0, "radius": 0.0, "file": "./use-cases/challenge-problem-3/cp3_scenarios/scenario2/pwnd_cp3_scenario_2-quatex.maude", "line": 272, "column": 1, "nsims": 256, "discarded": 0}, {"mean": 35.764542522569485, "std": 6.929063213614955, "radius": 0.8528423391081171, "file": "./use-cases/challenge-problem-3/cp3_scenarios/scenario2/pwnd_cp3_scenario_2-quatex.maude", "line": 273, "column": 1, "nsims": 256, "discarded": 0}, {"mean": 13.96173500737917, "std": 7.766332741347377, "radius": 0.955895072281659, "file": "./use-cases/challenge-problem-3/cp3_scenarios/scenario2/pwnd_cp3_scenario_2-quatex.maude", "line": 274, "column": 1, "nsims": 256, "discarded": 0}, {"mean": 4.463590742888544, "std": 5.748166909050833, "radius": 0.7074953657034433, "file": "./use-cases/challenge-problem-3/cp3_scenarios/scenario2/pwnd_cp3_scenario_2-quatex.maude", "line": 275, "column": 1, "nsims": 256, "discarded": 0}, {"mean": 11.933153090656194, "std": 1.503345337248957, "radius": 0.18503461642368102, "file": "./use-cases/challenge-problem-3/cp3_scenarios/scenario2/pwnd_cp3_scenario_2-quatex.maude", "line": 276, "column": 1, "nsims": 256, "discarded": 0}, {"mean": 7.091226995951495, "std": 1.5992939286795393, "radius": 0.19684415237783434, "file": "./use-cases/challenge-problem-3/cp3_scenarios/scenario2/pwnd_cp3_scenario_2-quatex.maude", "line": 277, "column": 1, "nsims": 256, "discarded": 0}, {"mean": 3.4413065048261577, "std": 2.64629845312181, "radius": 0.3257114696693847, "file": "./use-cases/challenge-problem-3/cp3_scenarios/scenario2/pwnd_cp3_scenario_2-quatex.maude", "line": 278, "column": 1, "nsims": 256, "discarded": 0}, {"mean": 2.3628200314022045, "std": 2.301022806769669, "radius": 0.283214283427321, "file": "./use-cases/challenge-problem-3/cp3_scenarios/scenario2/pwnd_cp3_scenario_2-quatex.maude", "line": 279, "column": 1, "nsims": 256, "discarded": 0}, {"mean": 11.913065559412129, "std": 10.902100030844853, "radius": 1.3418513015189637, "file": "./use-cases/challenge-problem-3/cp3_scenarios/scenario2/pwnd_cp3_scenario_2-quatex.maude", "line": 280, "column": 1, "nsims": 256, "discarded": 0}, {"mean": 0.0, "std": 0.0, "radius": 0.0, "file": "./use-cases/challenge-problem-3/cp3_scenarios/scenario2/pwnd_cp3_scenario_2-quatex.maude", "line": 281, "column": 1, "nsims": 256, "discarded": 0}, {"mean": 0.0, "std": 0.0, "radius": 0.0, "file": "./use-cases/challenge-problem-3/cp3_scenarios/scenario2/pwnd_cp3_scenario_2-quatex.maude", "line": 282, "column": 1, "nsims": 256, "discarded": 0}, {"mean": 33.723370993342364, "std": 1.7836497112396688, "radius": 0.21953501432837233, "file": "./use-cases/challenge-problem-3/cp3_scenarios/scenario2/pwnd_cp3_scenario_2-quatex.maude", "line": 283, "column": 1, "nsims": 256, "discarded": 0}, {"mean": 14.426727697484282, "std": 1.2428983658839365, "radius": 0.15297830557402337, "file": "./use-cases/challenge-problem-3/cp3_scenarios/scenario2/pwnd_cp3_scenario_2-quatex.maude", "line": 284, "column": 1, "nsims": 256, "discarded": 0}, {"mean": 19.83456556281803, "std": 1.1820206895211296, "radius": 0.14548536485344987, "file": "./use-cases/challenge-problem-3/cp3_scenarios/scenario2/pwnd_cp3_scenario_2-quatex.maude", "line": 285, "column": 1, "nsims": 256, "discarded": 0}, {"mean": 0.01907250560198926, "std": 0.07619263732155515, "radius": 0.00937793537637979, "file": "./use-cases/challenge-problem-3/cp3_scenarios/scenario2/pwnd_cp3_scenario_2-quatex.maude", "line": 286, "column": 1, "nsims": 256, "discarded": 0}, {"mean": 2.5154572793577867, "std": 1.9114740708162405, "radius": 0.23526788072827445, "file": "./use-cases/challenge-problem-3/cp3_scenarios/scenario2/pwnd_cp3_scenario_2-quatex.maude", "line": 287, "column": 1, "nsims": 256, "discarded": 0}, {"mean": 0.11749577484073453, "std": 0.20944479970191807, "radius": 0.025778866115817325, "file": "./use-cases/challenge-problem-3/cp3_scenarios/scenario2/pwnd_cp3_scenario_2-quatex.maude", "line": 288, "column": 1, "nsims": 256, "discarded": 0}, {"mean": 0.7695377019896119, "std": 0.6384460856129964, "radius": 0.07858116404230951, "file": "./use-cases/challenge-problem-3/cp3_scenarios/scenario2/pwnd_cp3_scenario_2-quatex.maude", "line": 289, "column": 1, "nsims": 256, "discarded": 0}, {"mean": 5.037295726908464, "std": 5.573348079396566, "radius": 0.6859783301380099, "file": "./use-cases/challenge-problem-3/cp3_scenarios/scenario2/pwnd_cp3_scenario_2-quatex.maude", "line": 290, "column": 1, "nsims": 256, "discarded": 0}, {"mean": 0.0, "std": 0.0, "radius": 0.0, "file": "./use-cases/challenge-problem-3/cp3_scenarios/scenario2/pwnd_cp3_scenario_2-quatex.maude", "line": 291, "column": 1, "nsims": 256, "discarded": 0}, {"mean": 0.0, "std": 0.0, "radius": 0.0, "file": "./use-cases/challenge-problem-3/cp3_scenarios/scenario2/pwnd_cp3_scenario_2-quatex.maude", "line": 292, "column": 1, "nsims": 256, "discarded": 0}, {"mean": 17.610547563118608, "std": 2.9103398776227674, "radius": 0.35821019267863174, "file": "./use-cases/challenge-problem-3/cp3_scenarios/scenario2/pwnd_cp3_scenario_2-quatex.maude", "line": 293, "column": 1, "nsims": 256, "discarded": 0}, {"mean": 0.021281790853141882, "std": 0.1797614855442291, "radius": 0.02212538709588537, "file": "./use-cases/challenge-problem-3/cp3_scenarios/scenario2/pwnd_cp3_scenario_2-quatex.maude", "line": 294, "column": 1, "nsims": 256, "discarded": 0}, {"mean": 2.1838289215705418, "std": 2.875177990317022, "radius": 0.3538824004081896, "file": "./use-cases/challenge-problem-3/cp3_scenarios/scenario2/pwnd_cp3_scenario_2-quatex.maude", "line": 295, "column": 1, "nsims": 256, "discarded": 0}, {"mean": 6.610719712554495, "std": 0.8969312032443826, "radius": 0.11039600618608308, "file": "./use-cases/challenge-problem-3/cp3_scenarios/scenario2/pwnd_cp3_scenario_2-quatex.maude", "line": 296, "column": 1, "nsims": 256, "discarded": 0}, {"mean": 3.8446148835306375, "std": 1.0857757518512838, "radius": 0.1336393540379643, "file": "./use-cases/challenge-problem-3/cp3_scenarios/scenario2/pwnd_cp3_scenario_2-quatex.maude", "line": 297, "column": 1, "nsims": 256, "discarded": 0}, {"mean": 1.4315148774195943, "std": 1.1868784972460882, "radius": 0.1460832731096411, "file": "./use-cases/challenge-problem-3/cp3_scenarios/scenario2/pwnd_cp3_scenario_2-quatex.maude", "line": 298, "column": 1, "nsims": 256, "discarded": 0}, {"mean": 0.4501685927728529, "std": 0.5737845250784869, "radius": 0.07062249562833468, "file": "./use-cases/challenge-problem-3/cp3_scenarios/scenario2/pwnd_cp3_scenario_2-quatex.maude", "line": 299, "column": 1, "nsims": 256, "discarded": 0}, {"mean": 3.2673664296353695, "std": 4.169907393830911, "radius": 0.5132401691228975, "file": "./use-cases/challenge-problem-3/cp3_scenarios/scenario2/pwnd_cp3_scenario_2-quatex.maude", "line": 300, "column": 1, "nsims": 256, "discarded": 0}]}
