[31mWarning: [0m"smc_cp3-refactored.maude", line 140 (mod SMC_CP3): multiple distinct parses for statement
eq sumDiff (F F' FL) = (F' - F) + sumDiff (F' FL) .
[31mWarning: [0m"smc_cp3-refactored.maude", line 145 (mod SMC_CP3): multiple distinct parses for statement
eq avgDiff (FL) = if (len (FL) == 1) then 0.0 else sumDiff (FL) / float (len (FL) - 1) fi .
[31mWarning: [0m"smc_cp3-refactored.maude", line 150 (mod SMC_CP3): multiple distinct parses for statement
eq sumSquaredDiff (F FL, F') = (F - F') * (F - F') + sumSquaredDiff (FL, F') .
[31mWarning: [0m"smc_cp3-refactored.maude", line 232 (mod SMC_CP3): multiple distinct parses for statement
eq compLatency (Tsent, Trcvd) = Trcvd - Tsent .
[31mWarning: [0m"smc_cp3-refactored.maude", line 361 (mod SMC_CP3): multiple distinct parses for statement
eq getGoodput (< ADDR : IrcMonitor | msgRcvd: ircMTL, attrs >, Tstart, Tend) = collectGoodput (filterWindow (ircMTL, Tstart, Tend), Tstart, Tend) * 8.0 / (Tend - Tstart) .
[31mWarning: [0m"smc_cp3-refactored.maude", line 488 (mod SMC_CP3): multiple distinct parses for statement
eq normMED (NL, NL') = if max (lenMsgIdList (NL), lenMsgIdList (NL')) == 0 then 1.0 else 1.0 - (float (med (NL, NL')) / float (max (lenMsgIdList (NL), lenMsgIdList (NL')))) fi .
[31mWarning: [0m"smc_cp3-refactored.maude", line 613 (mod SMC_CP3): multiple distinct parses for statement
eq getMTBF (< ADDR : IrcMonitor | msgSent: ircMTL, msgRcvd: ircMTL', attrs >, Tn, Tstart, Tend) = getMTBFAux (filterWindow (ircMTL, Tstart - Tn, Tend + Tn), filterWindow (ircMTL', Tstart - Tn, Tend + Tn), Tn, Tstart, Tend) .
[31mWarning: [0m"smc_cp3-refactored.maude", line 673 (mod SMC_CP3): multiple distinct parses for statement
eq KsDistanceX (F FL, nil, I, J, invN, invN', D) = max2 (D, abs ((float (I) * invN) - 1.0)) .
[31mWarning: [0m"smc_cp3-refactored.maude", line 674 (mod SMC_CP3): multiple distinct parses for statement
eq KsDistanceX (nil, F' FL', I, J, invN, invN', D) = max2 (D, abs (1.0 - (float (J) * invN'))) .
[31mWarning: [0m"smc_cp3-refactored.maude", line 676 (mod SMC_CP3): multiple distinct parses for statement
ceq KsDistanceX (F FL, F' FL', I, J, invN, invN', D) = KsDistanceX (FL1, FL2, I + C1, J + C2, invN, invN', max2 (D, abs ((float (I + C1) * invN) - (float (J + C2) * invN')))) if F == F' /\ prefix (C1, FL1) := skipEqPrefix (F, F FL) /\ prefix (C2, FL2) := skipEqPrefix (F', F' FL') .
[31mWarning: [0m"smc_cp3-refactored.maude", line 682 (mod SMC_CP3): multiple distinct parses for statement
ceq KsDistanceX (F FL, F' FL', I, J, invN, invN', D) = KsDistanceX (FL, F' FL', I + 1, J, invN, invN', max2 (D, abs ((float (I + 1) * invN) - (float (J) * invN')))) if F < F' .
[31mWarning: [0m"smc_cp3-refactored.maude", line 686 (mod SMC_CP3): multiple distinct parses for statement
ceq KsDistanceX (F FL, F' FL', I, J, invN, invN', D) = KsDistanceX (F FL, FL', I, J + 1, invN, invN', max2 (D, abs ((float (I) * invN) - (float (J + 1) * invN')))) if F > F' .
[31mWarning: [0m"smc_cp3-refactored.maude", line 696 (mod SMC_CP3): multiple distinct parses for statement
eq KsStatisticZ (FL, FL', K) = KsDistance (FL, FL') - K .
[31mWarning: [0m"smc_cp3-refactored.maude", line 792 (mod SMC_CP3): multiple distinct parses for statement
eq compObsFeatureX (vp, dnsQueryRate, Fid, TOL, Tstart, Tend) = float (countDNSQuery (vp, Fid, TOL, Tstart, Tend)) / (Tend - Tstart) .
[31mWarning: [0m"smc_cp3-refactored.maude", line 806 (mod SMC_CP3): multiple distinct parses for statement
eq compObsFeatureX (vp, tcpUpRate, Fid, TOL, Tstart, Tend) = float (sizeTCPUpload (vp, Fid, TOL, Tstart, Tend)) / (Tend - Tstart) .
[31mWarning: [0m"smc_cp3-refactored.maude", line 808 (mod SMC_CP3): multiple distinct parses for statement
eq compObsFeatureX (vp, tcpDownRate, Fid, TOL, Tstart, Tend) = float (sizeTCPDownload (vp, Fid, TOL, Tstart, Tend)) / (Tend - Tstart) .
[31mWarning: [0m"smc_cp3-refactored.maude", line 816 (mod SMC_CP3): multiple distinct parses for statement
eq compObsFeatureX (vp, tcpOutPktRate, Fid, TOL, Tstart, Tend) = float (countTCPOutPkt (vp, Fid, TOL, Tstart, Tend)) / (Tend - Tstart) .
[31mWarning: [0m"smc_cp3-refactored.maude", line 818 (mod SMC_CP3): multiple distinct parses for statement
eq compObsFeatureX (vp, tcpInPktRate, Fid, TOL, Tstart, Tend) = float (countTCPInPkt (vp, Fid, TOL, Tstart, Tend)) / (Tend - Tstart) .
[31mWarning: [0m"smc_cp3-refactored.maude", line 837 (mod SMC_CP3): multiple distinct parses for statement
eq compObsFeatureX (vp, dnsQueryRate, TOL, Tstart, Tend) = float (countDNSQuery (vp, TOL, Tstart, Tend)) / (Tend - Tstart) .
[31mWarning: [0m"smc_cp3-refactored.maude", line 851 (mod SMC_CP3): multiple distinct parses for statement
eq compObsFeatureX (vp, tcpUpRate, TOL, Tstart, Tend) = float (sizeTCPUpload (vp, TOL, Tstart, Tend)) / (Tend - Tstart) .
[31mWarning: [0m"smc_cp3-refactored.maude", line 853 (mod SMC_CP3): multiple distinct parses for statement
eq compObsFeatureX (vp, tcpDownRate, TOL, Tstart, Tend) = float (sizeTCPDownload (vp, TOL, Tstart, Tend)) / (Tend - Tstart) .
[31mWarning: [0m"smc_cp3-refactored.maude", line 861 (mod SMC_CP3): multiple distinct parses for statement
eq compObsFeatureX (vp, tcpOutPktRate, TOL, Tstart, Tend) = float (countTCPOutPkt (vp, TOL, Tstart, Tend)) / (Tend - Tstart) .
[31mWarning: [0m"smc_cp3-refactored.maude", line 863 (mod SMC_CP3): multiple distinct parses for statement
eq compObsFeatureX (vp, tcpInPktRate, TOL, Tstart, Tend) = float (countTCPInPkt (vp, TOL, Tstart, Tend)) / (Tend - Tstart) .
[31mWarning: [0m"smc_cp3-refactored.maude", line 1024 (mod SMC_CP3): multiple distinct parses for statement
ceq expectedKObsFeature (vp, obsF, baselineCDF, binECDFs, T, Tend, winSize, binSize, Ksum, N) = if KD >= 0.0 then expectedKObsFeature (vp, obsF, baselineCDF, binECDFs, T + binSize, Tend, winSize, binSize, Ksum + KD, N + 1) else expectedKObsFeature (vp, obsF, baselineCDF, binECDFs, T + binSize, Tend, winSize, binSize, Ksum, N) fi if (T + winSize) <= (Tend + Tesp) /\ ECDF := sort (getECDFObsFeatureRange (binECDFs, floor (rat (T / binSize)), (floor (rat (T / binSize)) + floor (rat (winSize / binSize))) - 1)) /\ KD := KsDistance (baselineCDF, ECDF) .
[31mWarning: [0m"smc_cp3-refactored.maude", line 1192 (mod SMC_CP3): multiple distinct parses for statement
eq getCUSUMZt (< ADDR : Adversary | gt: (bl (vp, obsF, K, Zt) :; blList), attrs >, vp, obsF, Tstart, Tend, winSize, binSize) = cusumRange (Zt, floor (rat (Tstart / binSize)), floor (rat ((Tend - winSize) / binSize))) .
  step=64 n=64 64 64 64 64 64 64 64 64 64 64 64 64 64 64 64 64 64 64 64 64 64 64 64 64 64 64 64 64 64 64 64 64 64 64 64 64 64 64 64 64 64 64 64 64 μ=18.767076486975448 11.916708336971617 7.8396758780848295 0.0 1.1836977860981484 20.815736401469334 2.3148806597410614 2.8978638197976094 5.119161588736452 2.6517257899993236 11.47701209019337 3.2449242437688666 4.258038047528891 2.0212052250898696 5.693996002810603 33.485724919205225 18.458041743960393 15.609981265282354 0.0006366614847041364 4.113418704896576 12.698662305190332 2.860856971418815 3.1285033985775588 4.09512920807595 6.692689955210176 0.52532809678719 3.1067136217790847 4.838301939024555 1.7239174408444335 7.227438613988236 14.368863106952803 6.147820563773658 7.399838295973595 0.0006366614847041364 2.938978753172033 0.022423841973906698 0.764772198913307 0.8550020887634154 0.511803853962242 4.175435811562906 0.010053834751947956 0.4002470493199162 0.9398262686438235 0.35286849004214227 1.761263642218686 σ=5.569443166334384 3.420254869918967 2.918284359481717 0.0 1.0089039420741122 5.7256934255055 1.431186823387679 1.4235769606530588 1.789667968444163 1.9803593193311175 3.2383754982399244 1.7545991830965988 2.4640241607690476 1.0084216645966706 3.3415182324337076 11.633314595552646 5.840498911749761 5.0042322636544485 0.005093291877633091 2.3844005718572796 4.342626488366463 1.750666728828494 2.417503481146894 2.651098408564765 3.585842929877316 0.9895320281857907 1.8680145405088022 3.1761295702954877 1.3127887254689625 4.589350816817468 6.518431546340277 2.8435193584819487 2.4748997740923664 0.005093291877633091 1.6512358987405171 0.07551767429557496 0.9015618072815205 1.2295536978395747 1.0264318605238563 2.5249702252082966 0.050785183716206855 0.6309613929793417 1.0835819128827697 0.4468985085754262 1.599882489661804 r=1.3912055098188858 0.8543542465391343 0.7289657437695609 0.0 0.25201670636946194 1.4302356632790123 0.3574998316371338 0.3555989444839326 0.4470457573740876 0.4946790395722688 0.8089221312548306 0.4382858354319632 0.6154949222769289 0.2518962370399724 0.8346864196805652 2.905915525023891 1.4589132204872268 1.2500200270813782 0.0012722664567457241 0.5956055415440051 1.084755821590897 0.43730353758251794 0.6038744022576079 0.6622246790058981 0.8957169132356498 0.24717774625580524 0.46661614878962404 0.7933735610775565 0.3279248667335948 1.146385725137128 1.6282557540872424 0.7102900021871308 0.6182115696555248 0.0012722664567457241 0.412466455214856 0.018863753777715483 0.22520343888486666 0.30713337544988983 0.25639505012747704 0.630718796211433 0.012685761447432537 0.1576094665444975 0.270670708456977 0.11163192600979088 0.39963875529502535
  Query 4 has converged
  Query 5 has converged
  Query 7 has converged
  Query 8 has converged
  Query 9 has converged
  Query 10 has converged
  Query 12 has converged
  Query 14 has converged
  Query 19 has converged
  Query 22 has converged
  Query 26 has converged
  Query 27 has converged
  Query 29 has converged
  Query 34 has converged
  Query 35 has converged
  Query 36 has converged
  Query 37 has converged
  Query 38 has converged
  Query 39 has converged
  Query 41 has converged
  Query 42 has converged
  Query 43 has converged
  Query 44 has converged
  Query 45 has converged
{"nsims": 64, "queries": [{"mean": 18.767076486975448, "std": 5.569443166334384, "radius": 1.3912055098188858, "file": "use-cases/challenge-problem-3/cp3_scenarios/scenario1/pwnd_cp3_scenario_1-quatex.maude", "line": 1, "column": 1, "nsims": 64, "discarded": 0}, {"mean": 11.916708336971617, "std": 3.420254869918967, "radius": 0.8543542465391343, "file": "use-cases/challenge-problem-3/cp3_scenarios/scenario1/pwnd_cp3_scenario_1-quatex.maude", "line": 2, "column": 1, "nsims": 64, "discarded": 0}, {"mean": 7.8396758780848295, "std": 2.918284359481717, "radius": 0.7289657437695609, "file": "use-cases/challenge-problem-3/cp3_scenarios/scenario1/pwnd_cp3_scenario_1-quatex.maude", "line": 3, "column": 1, "nsims": 64, "discarded": 0}, {"mean": 0.0, "std": 0.0, "radius": 0.0, "file": "use-cases/challenge-problem-3/cp3_scenarios/scenario1/pwnd_cp3_scenario_1-quatex.maude", "line": 4, "column": 1, "nsims": 64, "discarded": 0}, {"mean": 1.1836977860981484, "std": 1.0089039420741122, "radius": 0.25201670636946194, "file": "use-cases/challenge-problem-3/cp3_scenarios/scenario1/pwnd_cp3_scenario_1-quatex.maude", "line": 5, "column": 1, "nsims": 64, "discarded": 0}, {"mean": 20.815736401469334, "std": 5.7256934255055, "radius": 1.4302356632790123, "file": "use-cases/challenge-problem-3/cp3_scenarios/scenario1/pwnd_cp3_scenario_1-quatex.maude", "line": 6, "column": 1, "nsims": 64, "discarded": 0}, {"mean": 2.3148806597410614, "std": 1.431186823387679, "radius": 0.3574998316371338, "file": "use-cases/challenge-problem-3/cp3_scenarios/scenario1/pwnd_cp3_scenario_1-quatex.maude", "line": 7, "column": 1, "nsims": 64, "discarded": 0}, {"mean": 2.8978638197976094, "std": 1.4235769606530588, "radius": 0.3555989444839326, "file": "use-cases/challenge-problem-3/cp3_scenarios/scenario1/pwnd_cp3_scenario_1-quatex.maude", "line": 8, "column": 1, "nsims": 64, "discarded": 0}, {"mean": 5.119161588736452, "std": 1.789667968444163, "radius": 0.4470457573740876, "file": "use-cases/challenge-problem-3/cp3_scenarios/scenario1/pwnd_cp3_scenario_1-quatex.maude", "line": 9, "column": 1, "nsims": 64, "discarded": 0}, {"mean": 2.6517257899993236, "std": 1.9803593193311175, "radius": 0.4946790395722688, "file": "use-cases/challenge-problem-3/cp3_scenarios/scenario1/pwnd_cp3_scenario_1-quatex.maude", "line": 10, "column": 1, "nsims": 64, "discarded": 0}, {"mean": 11.47701209019337, "std": 3.2383754982399244, "radius": 0.8089221312548306, "file": "use-cases/challenge-problem-3/cp3_scenarios/scenario1/pwnd_cp3_scenario_1-quatex.maude", "line": 11, "column": 1, "nsims": 64, "discarded": 0}, {"mean": 3.2449242437688666, "std": 1.7545991830965988, "radius": 0.4382858354319632, "file": "use-cases/challenge-problem-3/cp3_scenarios/scenario1/pwnd_cp3_scenario_1-quatex.maude", "line": 12, "column": 1, "nsims": 64, "discarded": 0}, {"mean": 4.258038047528891, "std": 2.4640241607690476, "radius": 0.6154949222769289, "file": "use-cases/challenge-problem-3/cp3_scenarios/scenario1/pwnd_cp3_scenario_1-quatex.maude", "line": 13, "column": 1, "nsims": 64, "discarded": 0}, {"mean": 2.0212052250898696, "std": 1.0084216645966706, "radius": 0.2518962370399724, "file": "use-cases/challenge-problem-3/cp3_scenarios/scenario1/pwnd_cp3_scenario_1-quatex.maude", "line": 14, "column": 1, "nsims": 64, "discarded": 0}, {"mean": 5.693996002810603, "std": 3.3415182324337076, "radius": 0.8346864196805652, "file": "use-cases/challenge-problem-3/cp3_scenarios/scenario1/pwnd_cp3_scenario_1-quatex.maude", "line": 15, "column": 1, "nsims": 64, "discarded": 0}, {"mean": 33.485724919205225, "std": 11.633314595552646, "radius": 2.905915525023891, "file": "use-cases/challenge-problem-3/cp3_scenarios/scenario1/pwnd_cp3_scenario_1-quatex.maude", "line": 16, "column": 1, "nsims": 64, "discarded": 0}, {"mean": 18.458041743960393, "std": 5.840498911749761, "radius": 1.4589132204872268, "file": "use-cases/challenge-problem-3/cp3_scenarios/scenario1/pwnd_cp3_scenario_1-quatex.maude", "line": 17, "column": 1, "nsims": 64, "discarded": 0}, {"mean": 15.609981265282354, "std": 5.0042322636544485, "radius": 1.2500200270813782, "file": "use-cases/challenge-problem-3/cp3_scenarios/scenario1/pwnd_cp3_scenario_1-quatex.maude", "line": 18, "column": 1, "nsims": 64, "discarded": 0}, {"mean": 0.0006366614847041364, "std": 0.005093291877633091, "radius": 0.0012722664567457241, "file": "use-cases/challenge-problem-3/cp3_scenarios/scenario1/pwnd_cp3_scenario_1-quatex.maude", "line": 19, "column": 1, "nsims": 64, "discarded": 0}, {"mean": 4.113418704896576, "std": 2.3844005718572796, "radius": 0.5956055415440051, "file": "use-cases/challenge-problem-3/cp3_scenarios/scenario1/pwnd_cp3_scenario_1-quatex.maude", "line": 20, "column": 1, "nsims": 64, "discarded": 0}, {"mean": 12.698662305190332, "std": 4.342626488366463, "radius": 1.084755821590897, "file": "use-cases/challenge-problem-3/cp3_scenarios/scenario1/pwnd_cp3_scenario_1-quatex.maude", "line": 21, "column": 1, "nsims": 64, "discarded": 0}, {"mean": 2.860856971418815, "std": 1.750666728828494, "radius": 0.43730353758251794, "file": "use-cases/challenge-problem-3/cp3_scenarios/scenario1/pwnd_cp3_scenario_1-quatex.maude", "line": 22, "column": 1, "nsims": 64, "discarded": 0}, {"mean": 3.1285033985775588, "std": 2.417503481146894, "radius": 0.6038744022576079, "file": "use-cases/challenge-problem-3/cp3_scenarios/scenario1/pwnd_cp3_scenario_1-quatex.maude", "line": 23, "column": 1, "nsims": 64, "discarded": 0}, {"mean": 4.09512920807595, "std": 2.651098408564765, "radius": 0.6622246790058981, "file": "use-cases/challenge-problem-3/cp3_scenarios/scenario1/pwnd_cp3_scenario_1-quatex.maude", "line": 24, "column": 1, "nsims": 64, "discarded": 0}, {"mean": 6.692689955210176, "std": 3.585842929877316, "radius": 0.8957169132356498, "file": "use-cases/challenge-problem-3/cp3_scenarios/scenario1/pwnd_cp3_scenario_1-quatex.maude", "line": 25, "column": 1, "nsims": 64, "discarded": 0}, {"mean": 0.52532809678719, "std": 0.9895320281857907, "radius": 0.24717774625580524, "file": "use-cases/challenge-problem-3/cp3_scenarios/scenario1/pwnd_cp3_scenario_1-quatex.maude", "line": 26, "column": 1, "nsims": 64, "discarded": 0}, {"mean": 3.1067136217790847, "std": 1.8680145405088022, "radius": 0.46661614878962404, "file": "use-cases/challenge-problem-3/cp3_scenarios/scenario1/pwnd_cp3_scenario_1-quatex.maude", "line": 27, "column": 1, "nsims": 64, "discarded": 0}, {"mean": 4.838301939024555, "std": 3.1761295702954877, "radius": 0.7933735610775565, "file": "use-cases/challenge-problem-3/cp3_scenarios/scenario1/pwnd_cp3_scenario_1-quatex.maude", "line": 28, "column": 1, "nsims": 64, "discarded": 0}, {"mean": 1.7239174408444335, "std": 1.3127887254689625, "radius": 0.3279248667335948, "file": "use-cases/challenge-problem-3/cp3_scenarios/scenario1/pwnd_cp3_scenario_1-quatex.maude", "line": 29, "column": 1, "nsims": 64, "discarded": 0}, {"mean": 7.227438613988236, "std": 4.589350816817468, "radius": 1.146385725137128, "file": "use-cases/challenge-problem-3/cp3_scenarios/scenario1/pwnd_cp3_scenario_1-quatex.maude", "line": 30, "column": 1, "nsims": 64, "discarded": 0}, {"mean": 14.368863106952803, "std": 6.518431546340277, "radius": 1.6282557540872424, "file": "use-cases/challenge-problem-3/cp3_scenarios/scenario1/pwnd_cp3_scenario_1-quatex.maude", "line": 31, "column": 1, "nsims": 64, "discarded": 0}, {"mean": 6.147820563773658, "std": 2.8435193584819487, "radius": 0.7102900021871308, "file": "use-cases/challenge-problem-3/cp3_scenarios/scenario1/pwnd_cp3_scenario_1-quatex.maude", "line": 32, "column": 1, "nsims": 64, "discarded": 0}, {"mean": 7.399838295973595, "std": 2.4748997740923664, "radius": 0.6182115696555248, "file": "use-cases/challenge-problem-3/cp3_scenarios/scenario1/pwnd_cp3_scenario_1-quatex.maude", "line": 33, "column": 1, "nsims": 64, "discarded": 0}, {"mean": 0.0006366614847041364, "std": 0.005093291877633091, "radius": 0.0012722664567457241, "file": "use-cases/challenge-problem-3/cp3_scenarios/scenario1/pwnd_cp3_scenario_1-quatex.maude", "line": 34, "column": 1, "nsims": 64, "discarded": 0}, {"mean": 2.938978753172033, "std": 1.6512358987405171, "radius": 0.412466455214856, "file": "use-cases/challenge-problem-3/cp3_scenarios/scenario1/pwnd_cp3_scenario_1-quatex.maude", "line": 35, "column": 1, "nsims": 64, "discarded": 0}, {"mean": 0.022423841973906698, "std": 0.07551767429557496, "radius": 0.018863753777715483, "file": "use-cases/challenge-problem-3/cp3_scenarios/scenario1/pwnd_cp3_scenario_1-quatex.maude", "line": 36, "column": 1, "nsims": 64, "discarded": 0}, {"mean": 0.764772198913307, "std": 0.9015618072815205, "radius": 0.22520343888486666, "file": "use-cases/challenge-problem-3/cp3_scenarios/scenario1/pwnd_cp3_scenario_1-quatex.maude", "line": 37, "column": 1, "nsims": 64, "discarded": 0}, {"mean": 0.8550020887634154, "std": 1.2295536978395747, "radius": 0.30713337544988983, "file": "use-cases/challenge-problem-3/cp3_scenarios/scenario1/pwnd_cp3_scenario_1-quatex.maude", "line": 38, "column": 1, "nsims": 64, "discarded": 0}, {"mean": 0.511803853962242, "std": 1.0264318605238563, "radius": 0.25639505012747704, "file": "use-cases/challenge-problem-3/cp3_scenarios/scenario1/pwnd_cp3_scenario_1-quatex.maude", "line": 39, "column": 1, "nsims": 64, "discarded": 0}, {"mean": 4.175435811562906, "std": 2.5249702252082966, "radius": 0.630718796211433, "file": "use-cases/challenge-problem-3/cp3_scenarios/scenario1/pwnd_cp3_scenario_1-quatex.maude", "line": 40, "column": 1, "nsims": 64, "discarded": 0}, {"mean": 0.010053834751947956, "std": 0.050785183716206855, "radius": 0.012685761447432537, "file": "use-cases/challenge-problem-3/cp3_scenarios/scenario1/pwnd_cp3_scenario_1-quatex.maude", "line": 41, "column": 1, "nsims": 64, "discarded": 0}, {"mean": 0.4002470493199162, "std": 0.6309613929793417, "radius": 0.1576094665444975, "file": "use-cases/challenge-problem-3/cp3_scenarios/scenario1/pwnd_cp3_scenario_1-quatex.maude", "line": 42, "column": 1, "nsims": 64, "discarded": 0}, {"mean": 0.9398262686438235, "std": 1.0835819128827697, "radius": 0.270670708456977, "file": "use-cases/challenge-problem-3/cp3_scenarios/scenario1/pwnd_cp3_scenario_1-quatex.maude", "line": 43, "column": 1, "nsims": 64, "discarded": 0}, {"mean": 0.35286849004214227, "std": 0.4468985085754262, "radius": 0.11163192600979088, "file": "use-cases/challenge-problem-3/cp3_scenarios/scenario1/pwnd_cp3_scenario_1-quatex.maude", "line": 44, "column": 1, "nsims": 64, "discarded": 0}, {"mean": 1.761263642218686, "std": 1.599882489661804, "radius": 0.39963875529502535, "file": "use-cases/challenge-problem-3/cp3_scenarios/scenario1/pwnd_cp3_scenario_1-quatex.maude", "line": 45, "column": 1, "nsims": 64, "discarded": 0}]}
