[31mWarning: [0m"smc_cp3-refactored.maude", line 140 (mod SMC_CP3): multiple distinct parses for statement
eq sumDiff (F F' FL) = (F' - F) + sumDiff (F' FL) .
[31mWarning: [0m"smc_cp3-refactored.maude", line 145 (mod SMC_CP3): multiple distinct parses for statement
eq avgDiff (FL) = if (len (FL) == 1) then 0.0 else sumDiff (FL) / float (len (FL) - 1) fi .
[31mWarning: [0m"smc_cp3-refactored.maude", line 150 (mod SMC_CP3): multiple distinct parses for statement
eq sumSquaredDiff (F FL, F') = (F - F') * (F - F') + sumSquaredDiff (FL, F') .
[31mWarning: [0m"smc_cp3-refactored.maude", line 232 (mod SMC_CP3): multiple distinct parses for statement
eq compLatency (Tsent, Trcvd) = Trcvd - Tsent .
[31mWarning: [0m"smc_cp3-refactored.maude", line 361 (mod SMC_CP3): multiple distinct parses for statement
eq getGoodput (< ADDR : IrcMonitor | msgRcvd: ircMTL, attrs >, Tstart, Tend) = collectGoodput (filterWindow (ircMTL, Tstart, Tend), Tstart, Tend) * 8.0 / (Tend - Tstart) .
[31mWarning: [0m"smc_cp3-refactored.maude", line 488 (mod SMC_CP3): multiple distinct parses for statement
eq normMED (NL, NL') = if max (lenMsgIdList (NL), lenMsgIdList (NL')) == 0 then 1.0 else 1.0 - (float (med (NL, NL')) / float (max (lenMsgIdList (NL), lenMsgIdList (NL')))) fi .
[31mWarning: [0m"smc_cp3-refactored.maude", line 613 (mod SMC_CP3): multiple distinct parses for statement
eq getMTBF (< ADDR : IrcMonitor | msgSent: ircMTL, msgRcvd: ircMTL', attrs >, Tn, Tstart, Tend) = getMTBFAux (filterWindow (ircMTL, Tstart - Tn, Tend + Tn), filterWindow (ircMTL', Tstart - Tn, Tend + Tn), Tn, Tstart, Tend) .
[31mWarning: [0m"smc_cp3-refactored.maude", line 673 (mod SMC_CP3): multiple distinct parses for statement
eq KsDistanceX (F FL, nil, I, J, invN, invN', D) = max2 (D, abs ((float (I) * invN) - 1.0)) .
[31mWarning: [0m"smc_cp3-refactored.maude", line 674 (mod SMC_CP3): multiple distinct parses for statement
eq KsDistanceX (nil, F' FL', I, J, invN, invN', D) = max2 (D, abs (1.0 - (float (J) * invN'))) .
[31mWarning: [0m"smc_cp3-refactored.maude", line 676 (mod SMC_CP3): multiple distinct parses for statement
ceq KsDistanceX (F FL, F' FL', I, J, invN, invN', D) = KsDistanceX (FL1, FL2, I + C1, J + C2, invN, invN', max2 (D, abs ((float (I + C1) * invN) - (float (J + C2) * invN')))) if F == F' /\ prefix (C1, FL1) := skipEqPrefix (F, F FL) /\ prefix (C2, FL2) := skipEqPrefix (F', F' FL') .
[31mWarning: [0m"smc_cp3-refactored.maude", line 682 (mod SMC_CP3): multiple distinct parses for statement
ceq KsDistanceX (F FL, F' FL', I, J, invN, invN', D) = KsDistanceX (FL, F' FL', I + 1, J, invN, invN', max2 (D, abs ((float (I + 1) * invN) - (float (J) * invN')))) if F < F' .
[31mWarning: [0m"smc_cp3-refactored.maude", line 686 (mod SMC_CP3): multiple distinct parses for statement
ceq KsDistanceX (F FL, F' FL', I, J, invN, invN', D) = KsDistanceX (F FL, FL', I, J + 1, invN, invN', max2 (D, abs ((float (I) * invN) - (float (J + 1) * invN')))) if F > F' .
[31mWarning: [0m"smc_cp3-refactored.maude", line 696 (mod SMC_CP3): multiple distinct parses for statement
eq KsStatisticZ (FL, FL', K) = KsDistance (FL, FL') - K .
[31mWarning: [0m"smc_cp3-refactored.maude", line 792 (mod SMC_CP3): multiple distinct parses for statement
eq compObsFeatureX (vp, dnsQueryRate, Fid, TOL, Tstart, Tend) = float (countDNSQuery (vp, Fid, TOL, Tstart, Tend)) / (Tend - Tstart) .
[31mWarning: [0m"smc_cp3-refactored.maude", line 806 (mod SMC_CP3): multiple distinct parses for statement
eq compObsFeatureX (vp, tcpUpRate, Fid, TOL, Tstart, Tend) = float (sizeTCPUpload (vp, Fid, TOL, Tstart, Tend)) / (Tend - Tstart) .
[31mWarning: [0m"smc_cp3-refactored.maude", line 808 (mod SMC_CP3): multiple distinct parses for statement
eq compObsFeatureX (vp, tcpDownRate, Fid, TOL, Tstart, Tend) = float (sizeTCPDownload (vp, Fid, TOL, Tstart, Tend)) / (Tend - Tstart) .
[31mWarning: [0m"smc_cp3-refactored.maude", line 816 (mod SMC_CP3): multiple distinct parses for statement
eq compObsFeatureX (vp, tcpOutPktRate, Fid, TOL, Tstart, Tend) = float (countTCPOutPkt (vp, Fid, TOL, Tstart, Tend)) / (Tend - Tstart) .
[31mWarning: [0m"smc_cp3-refactored.maude", line 818 (mod SMC_CP3): multiple distinct parses for statement
eq compObsFeatureX (vp, tcpInPktRate, Fid, TOL, Tstart, Tend) = float (countTCPInPkt (vp, Fid, TOL, Tstart, Tend)) / (Tend - Tstart) .
[31mWarning: [0m"smc_cp3-refactored.maude", line 837 (mod SMC_CP3): multiple distinct parses for statement
eq compObsFeatureX (vp, dnsQueryRate, TOL, Tstart, Tend) = float (countDNSQuery (vp, TOL, Tstart, Tend)) / (Tend - Tstart) .
[31mWarning: [0m"smc_cp3-refactored.maude", line 851 (mod SMC_CP3): multiple distinct parses for statement
eq compObsFeatureX (vp, tcpUpRate, TOL, Tstart, Tend) = float (sizeTCPUpload (vp, TOL, Tstart, Tend)) / (Tend - Tstart) .
[31mWarning: [0m"smc_cp3-refactored.maude", line 853 (mod SMC_CP3): multiple distinct parses for statement
eq compObsFeatureX (vp, tcpDownRate, TOL, Tstart, Tend) = float (sizeTCPDownload (vp, TOL, Tstart, Tend)) / (Tend - Tstart) .
[31mWarning: [0m"smc_cp3-refactored.maude", line 861 (mod SMC_CP3): multiple distinct parses for statement
eq compObsFeatureX (vp, tcpOutPktRate, TOL, Tstart, Tend) = float (countTCPOutPkt (vp, TOL, Tstart, Tend)) / (Tend - Tstart) .
[31mWarning: [0m"smc_cp3-refactored.maude", line 863 (mod SMC_CP3): multiple distinct parses for statement
eq compObsFeatureX (vp, tcpInPktRate, TOL, Tstart, Tend) = float (countTCPInPkt (vp, TOL, Tstart, Tend)) / (Tend - Tstart) .
[31mWarning: [0m"smc_cp3-refactored.maude", line 1024 (mod SMC_CP3): multiple distinct parses for statement
ceq expectedKObsFeature (vp, obsF, baselineCDF, binECDFs, T, Tend, winSize, binSize, Ksum, N) = if KD >= 0.0 then expectedKObsFeature (vp, obsF, baselineCDF, binECDFs, T + binSize, Tend, winSize, binSize, Ksum + KD, N + 1) else expectedKObsFeature (vp, obsF, baselineCDF, binECDFs, T + binSize, Tend, winSize, binSize, Ksum, N) fi if (T + winSize) <= (Tend + Tesp) /\ ECDF := sort (getECDFObsFeatureRange (binECDFs, floor (rat (T / binSize)), (floor (rat (T / binSize)) + floor (rat (winSize / binSize))) - 1)) /\ KD := KsDistance (baselineCDF, ECDF) .
[31mWarning: [0m"smc_cp3-refactored.maude", line 1192 (mod SMC_CP3): multiple distinct parses for statement
eq getCUSUMZt (< ADDR : Adversary | gt: (bl (vp, obsF, K, Zt) :; blList), attrs >, vp, obsF, Tstart, Tend, winSize, binSize) = cusumRange (Zt, floor (rat (Tstart / binSize)), floor (rat ((Tend - winSize) / binSize))) .
  step=64 n=64 64 64 64 64 64 64 64 64 64 64 64 64 64 64 64 64 64 64 64 64 64 64 64 64 64 64 64 64 64 64 64 64 64 64 64 64 64 64 64 64 64 64 64 64 μ=34.56678326434221 4.106110990017177 2.250147650959587 2.908226212442067 3.855932811726806 23.681599640031735 2.917639685869115 1.7190967914208017 2.8744709851935024 0.431237471111006 15.659166349555637 2.647061293873533 2.899843179952834 4.010799296974018 3.728515396040351 39.827521910517 2.8498903479615167 2.75706026392461 4.453981966095842 4.9820923517352735 15.393863158648301 3.8482058225315177 1.3881216643291014 2.4998372401487967 0.6109253391456771 6.840120686433702 2.3332877891834944 2.899748641530379 2.2607912946050375 10.331284628256274 6.05940988552668 0.22792350837654696 0.811233330569656 1.4891422945762742 1.3640515816708034 0.011124802516887732 1.057328722315737 0.5488278140627192 0.6024308895508258 0.3432672526392621 0.032054658360072666 0.5339997708845757 0.7891371500760309 0.17397635857700933 6.453026709418516 σ=1.6977206118217596 1.6837074316937872 1.1806783333682602 0.8449943263134763 1.516290841286485 0.7386656091955457 1.316135794106491 1.4230179281682156 1.2555232148384556 0.9455548791078746 1.2335941113122006 1.6386968889698486 1.6627757104122471 0.9531670941194536 1.0361571745328004 9.001768800959892 1.7380048274690931 1.5837505116372974 1.1406408601491391 2.3130890870274268 1.775828028925666 1.7549167753517516 1.648073234828291 2.3719715812209583 0.9232076025068946 2.0918705258634884 1.9742863656938123 2.202529511377485 1.4258063359036073 1.3944805068437855 4.885020935934584 0.5176568223363769 0.8377660580550862 0.7339643347546436 1.0700816108320959 0.044980024112390826 1.036083177924788 0.7319393486982635 0.9540767210519555 0.493253517380783 0.10266740625163681 0.8558746920240001 1.0952639801836797 0.5823690978482099 0.8294203318902348 r=0.4240779910595674 0.42057760281214573 0.29492467265570166 0.2110733025590275 0.3787581827994581 0.18451317927765504 0.3287609396032164 0.35545930232405154 0.313620367785958 0.23619258126244544 0.30814264070625175 0.40933430376638213 0.41534901440444 0.23809405599694836 0.25882436128657926 2.2485749436695586 0.43414068872853173 0.3956091070803472 0.2849236094114694 0.5777924626336491 0.4435886433433567 0.43836516761689603 0.4116764452750849 0.5925008720576086 0.2306103976566125 0.5225337101921489 0.49316206088898434 0.5501755023355032 0.35615582585239053 0.348330866572601 1.2202419234175867 0.12930682689840475 0.2092677348699079 0.18333883586305863 0.2672984333414598 0.011235675723418886 0.2588058774838543 0.1828330093962457 0.23832127404417178 0.12321106269037219 0.02564555503851165 0.21379113704862654 0.27358880204546004 0.14547147236766328 0.20718303450090808
  Query 1 has converged
  Query 2 has converged
  Query 3 has converged
  Query 4 has converged
  Query 5 has converged
  Query 6 has converged
  Query 7 has converged
  Query 8 has converged
  Query 9 has converged
  Query 10 has converged
  Query 11 has converged
  Query 12 has converged
  Query 13 has converged
  Query 14 has converged
  Query 15 has converged
  Query 17 has converged
  Query 18 has converged
  Query 19 has converged
  Query 21 has converged
  Query 22 has converged
  Query 23 has converged
  Query 25 has converged
  Query 27 has converged
  Query 29 has converged
  Query 30 has converged
  Query 32 has converged
  Query 33 has converged
  Query 34 has converged
  Query 35 has converged
  Query 36 has converged
  Query 37 has converged
  Query 38 has converged
  Query 39 has converged
  Query 40 has converged
  Query 41 has converged
  Query 42 has converged
  Query 43 has converged
  Query 44 has converged
  Query 45 has converged
{"nsims": 64, "queries": [{"mean": 34.56678326434221, "std": 1.6977206118217596, "radius": 0.4240779910595674, "file": "use-cases/challenge-problem-3/cp3_scenarios/scenario2/pwnd_cp3_scenario_2-quatex.maude", "line": 1, "column": 1, "nsims": 64, "discarded": 0}, {"mean": 4.106110990017177, "std": 1.6837074316937872, "radius": 0.42057760281214573, "file": "use-cases/challenge-problem-3/cp3_scenarios/scenario2/pwnd_cp3_scenario_2-quatex.maude", "line": 2, "column": 1, "nsims": 64, "discarded": 0}, {"mean": 2.250147650959587, "std": 1.1806783333682602, "radius": 0.29492467265570166, "file": "use-cases/challenge-problem-3/cp3_scenarios/scenario2/pwnd_cp3_scenario_2-quatex.maude", "line": 3, "column": 1, "nsims": 64, "discarded": 0}, {"mean": 2.908226212442067, "std": 0.8449943263134763, "radius": 0.2110733025590275, "file": "use-cases/challenge-problem-3/cp3_scenarios/scenario2/pwnd_cp3_scenario_2-quatex.maude", "line": 4, "column": 1, "nsims": 64, "discarded": 0}, {"mean": 3.855932811726806, "std": 1.516290841286485, "radius": 0.3787581827994581, "file": "use-cases/challenge-problem-3/cp3_scenarios/scenario2/pwnd_cp3_scenario_2-quatex.maude", "line": 5, "column": 1, "nsims": 64, "discarded": 0}, {"mean": 23.681599640031735, "std": 0.7386656091955457, "radius": 0.18451317927765504, "file": "use-cases/challenge-problem-3/cp3_scenarios/scenario2/pwnd_cp3_scenario_2-quatex.maude", "line": 6, "column": 1, "nsims": 64, "discarded": 0}, {"mean": 2.917639685869115, "std": 1.316135794106491, "radius": 0.3287609396032164, "file": "use-cases/challenge-problem-3/cp3_scenarios/scenario2/pwnd_cp3_scenario_2-quatex.maude", "line": 7, "column": 1, "nsims": 64, "discarded": 0}, {"mean": 1.7190967914208017, "std": 1.4230179281682156, "radius": 0.35545930232405154, "file": "use-cases/challenge-problem-3/cp3_scenarios/scenario2/pwnd_cp3_scenario_2-quatex.maude", "line": 8, "column": 1, "nsims": 64, "discarded": 0}, {"mean": 2.8744709851935024, "std": 1.2555232148384556, "radius": 0.313620367785958, "file": "use-cases/challenge-problem-3/cp3_scenarios/scenario2/pwnd_cp3_scenario_2-quatex.maude", "line": 9, "column": 1, "nsims": 64, "discarded": 0}, {"mean": 0.431237471111006, "std": 0.9455548791078746, "radius": 0.23619258126244544, "file": "use-cases/challenge-problem-3/cp3_scenarios/scenario2/pwnd_cp3_scenario_2-quatex.maude", "line": 10, "column": 1, "nsims": 64, "discarded": 0}, {"mean": 15.659166349555637, "std": 1.2335941113122006, "radius": 0.30814264070625175, "file": "use-cases/challenge-problem-3/cp3_scenarios/scenario2/pwnd_cp3_scenario_2-quatex.maude", "line": 11, "column": 1, "nsims": 64, "discarded": 0}, {"mean": 2.647061293873533, "std": 1.6386968889698486, "radius": 0.40933430376638213, "file": "use-cases/challenge-problem-3/cp3_scenarios/scenario2/pwnd_cp3_scenario_2-quatex.maude", "line": 12, "column": 1, "nsims": 64, "discarded": 0}, {"mean": 2.899843179952834, "std": 1.6627757104122471, "radius": 0.41534901440444, "file": "use-cases/challenge-problem-3/cp3_scenarios/scenario2/pwnd_cp3_scenario_2-quatex.maude", "line": 13, "column": 1, "nsims": 64, "discarded": 0}, {"mean": 4.010799296974018, "std": 0.9531670941194536, "radius": 0.23809405599694836, "file": "use-cases/challenge-problem-3/cp3_scenarios/scenario2/pwnd_cp3_scenario_2-quatex.maude", "line": 14, "column": 1, "nsims": 64, "discarded": 0}, {"mean": 3.728515396040351, "std": 1.0361571745328004, "radius": 0.25882436128657926, "file": "use-cases/challenge-problem-3/cp3_scenarios/scenario2/pwnd_cp3_scenario_2-quatex.maude", "line": 15, "column": 1, "nsims": 64, "discarded": 0}, {"mean": 39.827521910517, "std": 9.001768800959892, "radius": 2.2485749436695586, "file": "use-cases/challenge-problem-3/cp3_scenarios/scenario2/pwnd_cp3_scenario_2-quatex.maude", "line": 16, "column": 1, "nsims": 64, "discarded": 0}, {"mean": 2.8498903479615167, "std": 1.7380048274690931, "radius": 0.43414068872853173, "file": "use-cases/challenge-problem-3/cp3_scenarios/scenario2/pwnd_cp3_scenario_2-quatex.maude", "line": 17, "column": 1, "nsims": 64, "discarded": 0}, {"mean": 2.75706026392461, "std": 1.5837505116372974, "radius": 0.3956091070803472, "file": "use-cases/challenge-problem-3/cp3_scenarios/scenario2/pwnd_cp3_scenario_2-quatex.maude", "line": 18, "column": 1, "nsims": 64, "discarded": 0}, {"mean": 4.453981966095842, "std": 1.1406408601491391, "radius": 0.2849236094114694, "file": "use-cases/challenge-problem-3/cp3_scenarios/scenario2/pwnd_cp3_scenario_2-quatex.maude", "line": 19, "column": 1, "nsims": 64, "discarded": 0}, {"mean": 4.9820923517352735, "std": 2.3130890870274268, "radius": 0.5777924626336491, "file": "use-cases/challenge-problem-3/cp3_scenarios/scenario2/pwnd_cp3_scenario_2-quatex.maude", "line": 20, "column": 1, "nsims": 64, "discarded": 0}, {"mean": 15.393863158648301, "std": 1.775828028925666, "radius": 0.4435886433433567, "file": "use-cases/challenge-problem-3/cp3_scenarios/scenario2/pwnd_cp3_scenario_2-quatex.maude", "line": 21, "column": 1, "nsims": 64, "discarded": 0}, {"mean": 3.8482058225315177, "std": 1.7549167753517516, "radius": 0.43836516761689603, "file": "use-cases/challenge-problem-3/cp3_scenarios/scenario2/pwnd_cp3_scenario_2-quatex.maude", "line": 22, "column": 1, "nsims": 64, "discarded": 0}, {"mean": 1.3881216643291014, "std": 1.648073234828291, "radius": 0.4116764452750849, "file": "use-cases/challenge-problem-3/cp3_scenarios/scenario2/pwnd_cp3_scenario_2-quatex.maude", "line": 23, "column": 1, "nsims": 64, "discarded": 0}, {"mean": 2.4998372401487967, "std": 2.3719715812209583, "radius": 0.5925008720576086, "file": "use-cases/challenge-problem-3/cp3_scenarios/scenario2/pwnd_cp3_scenario_2-quatex.maude", "line": 24, "column": 1, "nsims": 64, "discarded": 0}, {"mean": 0.6109253391456771, "std": 0.9232076025068946, "radius": 0.2306103976566125, "file": "use-cases/challenge-problem-3/cp3_scenarios/scenario2/pwnd_cp3_scenario_2-quatex.maude", "line": 25, "column": 1, "nsims": 64, "discarded": 0}, {"mean": 6.840120686433702, "std": 2.0918705258634884, "radius": 0.5225337101921489, "file": "use-cases/challenge-problem-3/cp3_scenarios/scenario2/pwnd_cp3_scenario_2-quatex.maude", "line": 26, "column": 1, "nsims": 64, "discarded": 0}, {"mean": 2.3332877891834944, "std": 1.9742863656938123, "radius": 0.49316206088898434, "file": "use-cases/challenge-problem-3/cp3_scenarios/scenario2/pwnd_cp3_scenario_2-quatex.maude", "line": 27, "column": 1, "nsims": 64, "discarded": 0}, {"mean": 2.899748641530379, "std": 2.202529511377485, "radius": 0.5501755023355032, "file": "use-cases/challenge-problem-3/cp3_scenarios/scenario2/pwnd_cp3_scenario_2-quatex.maude", "line": 28, "column": 1, "nsims": 64, "discarded": 0}, {"mean": 2.2607912946050375, "std": 1.4258063359036073, "radius": 0.35615582585239053, "file": "use-cases/challenge-problem-3/cp3_scenarios/scenario2/pwnd_cp3_scenario_2-quatex.maude", "line": 29, "column": 1, "nsims": 64, "discarded": 0}, {"mean": 10.331284628256274, "std": 1.3944805068437855, "radius": 0.348330866572601, "file": "use-cases/challenge-problem-3/cp3_scenarios/scenario2/pwnd_cp3_scenario_2-quatex.maude", "line": 30, "column": 1, "nsims": 64, "discarded": 0}, {"mean": 6.05940988552668, "std": 4.885020935934584, "radius": 1.2202419234175867, "file": "use-cases/challenge-problem-3/cp3_scenarios/scenario2/pwnd_cp3_scenario_2-quatex.maude", "line": 31, "column": 1, "nsims": 64, "discarded": 0}, {"mean": 0.22792350837654696, "std": 0.5176568223363769, "radius": 0.12930682689840475, "file": "use-cases/challenge-problem-3/cp3_scenarios/scenario2/pwnd_cp3_scenario_2-quatex.maude", "line": 32, "column": 1, "nsims": 64, "discarded": 0}, {"mean": 0.811233330569656, "std": 0.8377660580550862, "radius": 0.2092677348699079, "file": "use-cases/challenge-problem-3/cp3_scenarios/scenario2/pwnd_cp3_scenario_2-quatex.maude", "line": 33, "column": 1, "nsims": 64, "discarded": 0}, {"mean": 1.4891422945762742, "std": 0.7339643347546436, "radius": 0.18333883586305863, "file": "use-cases/challenge-problem-3/cp3_scenarios/scenario2/pwnd_cp3_scenario_2-quatex.maude", "line": 34, "column": 1, "nsims": 64, "discarded": 0}, {"mean": 1.3640515816708034, "std": 1.0700816108320959, "radius": 0.2672984333414598, "file": "use-cases/challenge-problem-3/cp3_scenarios/scenario2/pwnd_cp3_scenario_2-quatex.maude", "line": 35, "column": 1, "nsims": 64, "discarded": 0}, {"mean": 0.011124802516887732, "std": 0.044980024112390826, "radius": 0.011235675723418886, "file": "use-cases/challenge-problem-3/cp3_scenarios/scenario2/pwnd_cp3_scenario_2-quatex.maude", "line": 36, "column": 1, "nsims": 64, "discarded": 0}, {"mean": 1.057328722315737, "std": 1.036083177924788, "radius": 0.2588058774838543, "file": "use-cases/challenge-problem-3/cp3_scenarios/scenario2/pwnd_cp3_scenario_2-quatex.maude", "line": 37, "column": 1, "nsims": 64, "discarded": 0}, {"mean": 0.5488278140627192, "std": 0.7319393486982635, "radius": 0.1828330093962457, "file": "use-cases/challenge-problem-3/cp3_scenarios/scenario2/pwnd_cp3_scenario_2-quatex.maude", "line": 38, "column": 1, "nsims": 64, "discarded": 0}, {"mean": 0.6024308895508258, "std": 0.9540767210519555, "radius": 0.23832127404417178, "file": "use-cases/challenge-problem-3/cp3_scenarios/scenario2/pwnd_cp3_scenario_2-quatex.maude", "line": 39, "column": 1, "nsims": 64, "discarded": 0}, {"mean": 0.3432672526392621, "std": 0.493253517380783, "radius": 0.12321106269037219, "file": "use-cases/challenge-problem-3/cp3_scenarios/scenario2/pwnd_cp3_scenario_2-quatex.maude", "line": 40, "column": 1, "nsims": 64, "discarded": 0}, {"mean": 0.032054658360072666, "std": 0.10266740625163681, "radius": 0.02564555503851165, "file": "use-cases/challenge-problem-3/cp3_scenarios/scenario2/pwnd_cp3_scenario_2-quatex.maude", "line": 41, "column": 1, "nsims": 64, "discarded": 0}, {"mean": 0.5339997708845757, "std": 0.8558746920240001, "radius": 0.21379113704862654, "file": "use-cases/challenge-problem-3/cp3_scenarios/scenario2/pwnd_cp3_scenario_2-quatex.maude", "line": 42, "column": 1, "nsims": 64, "discarded": 0}, {"mean": 0.7891371500760309, "std": 1.0952639801836797, "radius": 0.27358880204546004, "file": "use-cases/challenge-problem-3/cp3_scenarios/scenario2/pwnd_cp3_scenario_2-quatex.maude", "line": 43, "column": 1, "nsims": 64, "discarded": 0}, {"mean": 0.17397635857700933, "std": 0.5823690978482099, "radius": 0.14547147236766328, "file": "use-cases/challenge-problem-3/cp3_scenarios/scenario2/pwnd_cp3_scenario_2-quatex.maude", "line": 44, "column": 1, "nsims": 64, "discarded": 0}, {"mean": 6.453026709418516, "std": 0.8294203318902348, "radius": 0.20718303450090808, "file": "use-cases/challenge-problem-3/cp3_scenarios/scenario2/pwnd_cp3_scenario_2-quatex.maude", "line": 45, "column": 1, "nsims": 64, "discarded": 0}]}
