20.846425660829862 15.339880855201907 10.744604989323104 0.0 1.612277520998644 22.673376536203712 2.5792244355673306 2.1364428551862193 4.339358442580944 1.4664964556957116 12.212856830938945 0.7323564234016494 4.733267774187305 2.0205919915212536 4.77102959337429
23.25594113076563 14.684270844773984 7.9922641524716465 0.0 0.13052691503829172 19.395889625208945 4.556320798721958 2.641563511504581 6.703152997819782 3.233264677108149 12.456555679855569 4.640231280744093 6.2367134389448715 2.5705830388444526 8.407101138268974
23.918229513719517 12.576213587052347 10.745897198029171 0.0 1.7715176781851674 25.81910079449338 2.588998251197282 2.0309793555649334 4.032872119891205 0.6548558626013843 11.124832440336045 1.3925442676840558 2.4799306490806208 0.833214005355933 1.154727863381445
19.540821457677506 13.059245003276358 10.180871489083023 0.0 2.6230692778883675 23.63061911910073 3.298789125335705 1.9757159972854572 5.002334979432905 2.4902679988758836 13.701115265347811 3.883935573985509 4.549012485908509 2.404062339063213 6.820280584790664
17.803518480444588 12.935294003835905 8.024054536081309 0.0 0.4723109015078434 21.330444599030923 2.7102721294539074 4.397819919234554 4.160318250624303 1.7729186799713077 11.318904557230383 3.9302506213538537 1.763991962245822 0.0 2.629356283697903
17.154364948629038 13.931980971266354 9.66383447574695 0.0 1.536792856097046 21.282451579833715 2.2041432221648596 2.749569315366233 3.60746323669653 2.640435744633828 11.90891513090754 1.7212153035263489 7.075556271549311 3.6531237146316253 9.201158149006487
20.393419239347082 12.935213131136441 7.9712219290145265 0.0 0.9702014078211195 21.278961178437566 4.343860730523153 4.75600803643444 5.345326404347458 4.159078482042003 13.489599279714257 5.507073129785711 2.3376045780954313 0.739232863703426 1.9272157981417148
17.351387715704348 10.967340602704738 7.057191998946931 0.0 0.3410922942917213 21.218751754353796 3.1971697641157224 4.373417644707881 8.021027127903482 4.543299344137541 9.828086115363519 2.882556429443605 6.173319390754607 3.54169858917638 8.138229398528074
11.179175223001478 10.39459582990894 4.020722535990649 0.0 0.5893616143306768 23.522416675819773 2.2609232255219496 2.994564664496845 5.639230173977179 2.3472318649248076 10.849184771942245 1.3745456592265848 6.063575077714899 2.179839203593895 7.398886128908999
27.71566092060799 15.218713005932322 9.502366634368427 0.0 0.8970465003489768 21.196936745627795 1.798953593254825 2.9109778208489554 2.600102745468623 2.928513716410458 10.714411235084016 2.1667814081606624 7.195250598560516 2.1654869719237304 9.137275106069508
19.915018772330153 11.973401199891141 6.091111394440536 0.0 1.8459957852605124 20.939519642660954 0.989591401779633 2.54342375740849 6.859489550449553 3.308339897061881 12.876417510598252 1.8295722261552654 3.3499501303859587 1.616358739251757 4.981207784294633
16.662245859312044 12.516372074572844 9.797402096457725 0.0 0.5318599160847881 21.936901841613825 0.04573610778876021 2.3407588552483714 5.924389886376148 5.942351749380653 8.874172260166453 5.172453718663719 7.15242606251895 2.259070376565408 12.419949878409346
22.66779168534824 15.753287757601965 11.400004598582605 0.0 1.8673146886653107 25.846151405313666 2.254624746751715 3.193560418721922 5.191474292884689 1.351339830837984 11.373280857473729 5.492367482905096 4.73704606920129 1.4624482003097388 4.658512621572876
24.653489291886466 13.054790538422852 8.646541662845467 0.0 1.9405451264387876 23.416832033585905 1.193637232335943 2.930627893531058 2.920495707671638 0.0 10.259837199717415 2.180930785146072 3.0620391911630382 1.945932275330274 2.2561205144074203
22.264697698191213 14.133148672750398 10.16825623111626 0.0 2.2965828769972 23.212643551910503 0.48116119463151347 3.5951627339519354 3.8396680576877693 5.314951603526427 13.132086326346387 2.193918135475966 2.705460080335889 1.6445464501912563 2.984659691708583
21.12459261938211 12.76357310811924 8.775630513474894 0.0 1.0134419107237596 24.339170602521325 0.7808426904493267 0.8796640317650496 3.5101804228200133 2.0875977935788512 14.49854961532425 4.838835764267869 7.938589573875647 2.13215927027863 8.62934245635891
22.671586197899334 12.754699682101107 9.204668683096672 0.0 1.445308899212519 20.09833290618624 2.811309609576367 0.6887558404971826 2.7630304079334116 2.712944950705413 12.701287976919488 6.048415845597083 6.725732367867072 3.4000453788993554 8.224052192997599
17.088106921775573 12.801795073929068 7.290215194490397 0.0 2.115496161431169 25.85662260950213 1.9930272993194107 1.9547045441772066 6.250508991549428 2.682353394162 13.06812735515783 2.8759314714002575 2.844029505829217 2.514862694515348 2.0874618961942306
23.713325835961204 14.167810009542865 8.085075693245354 0.0 1.6130340975643902 20.771980375645246 1.2400285765573336 5.902428292878266 5.650914502363197 8.074938638414688 11.877938427343407 1.8612480835351535 5.928340351112438 3.4758822668124396 5.606616156819071
16.382911358436413 10.00051556811174 5.419484040341312 0.0 0.6078099857981153 17.96569765313215 3.357108380448321 1.2782167242876088 7.010053611938218 3.987201347144178 14.364352724132553 4.57768885581611 5.6526260630345 3.7705093983780205 8.315761339236339
11.140646326328982 13.419908241879792 4.5743573789304 0.0 0.0 27.04597688524381 4.2688115549033645 4.2813728229943155 4.963827516269272 1.2023803176351453 11.694234647315136 3.485086858597053 9.453675804897493 3.9457566080548467 12.219821247013844
22.677715795097253 11.35377354409485 4.603636345275392 0.0 1.1312981320061186 18.65941493061907 3.9660520638405483 5.2521707000483335 10.252636759019076 6.19367365046301 11.156839770764664 4.457408147204094 3.529554042176866 1.6331217316765503 0.19284785237935234
25.16195397373119 12.770711798019553 6.362741581077524 0.0 1.145090141002424 22.878437618228126 3.435348960245825 3.4054091245291147 3.6716919132835044 0.5671705405996016 11.983727086277304 3.4652209108213077 4.3470772249971255 2.574186252041792 7.211529559745274
26.058334592528624 13.412561254066043 7.919616673219324 0.0 0.18618391519266975 23.8932718241618 5.382294866950441 5.091022004106955 3.7268937282139762 0.0 13.059461110456928 7.2584609972915235 2.50014534295005 1.0647577450421069 1.5718272935153246
24.600366116171386 14.29877709162986 11.060633144800844 0.0 0.26731217349944025 21.51979887477264 1.9550149394822252 0.8966346953988796 5.934939868227798 2.639632813752044 12.279033207724948 3.505738797555243 3.372258809558103 1.747408069944975 4.494906755489999
24.65991077466522 11.606592431600063 13.165012431223527 0.0 1.9305168463408715 21.891526623463733 1.4726922714685324 0.8634531132234219 3.756370600067258 0.7834718585274715 11.96104618071913 4.828161993694435 2.09434893567457 0.8654939766396659 4.651560999809871
17.34263114827877 9.855790146166385 6.480707200654221 0.0 0.7247445479365321 22.762381771805796 4.037877145090203 2.0539939434031043 4.509173047895854 0.0 9.923367213259569 4.846233031258474 5.338245052800587 1.591368754894164 6.504256364423581
20.39779752305985 14.256566846544088 11.032149358314086 0.0 0.6134510648802746 21.040741283149583 2.092994916672859 2.0126728985018163 4.383733950937217 0.6841331891868271 10.890635549144333 1.82739156533646 3.8348446766980255 2.3263755564604303 1.5517436084890395
16.21887166199739 14.57499481754568 8.019508117040575 0.0 0.2926233359960225 20.207407949816275 4.549146251058673 5.829444381649755 6.0907505047662305 5.358562805691878 10.871492409522707 0.7105688643242679 6.437653548840755 0.5860161014842407 6.8694996233357335
15.868608964974635 14.315213959128942 4.652500674332029 0.0 1.7399895244310981 22.433411440217657 2.351473224776923 5.221224874524119 7.05466847422458 6.208679273520097 12.203789473425996 4.428390147517869 5.999114518304792 1.3813063359634352 7.275513514019378
20.26177884238269 12.539327473243514 8.445387424698405 0.0 1.787849635156535 21.442137443708074 3.6413025806989117 5.029773617644024 6.068169179699555 3.846343588723156 9.553675272805805 1.9923725076236065 3.531132179501014 1.7945947495256331 5.609117804517463
19.26936786748487 9.756585383015345 11.687188236401825 0.0 4.277893727588417 24.03899608245153 1.8299048488702931 1.5194938672801408 2.1886166008286128 2.4012646742817925 11.51668715163294 3.339824518565071 2.439827730686293 3.4487086570940115 3.1085494430369676
8.060961562756306 10.266216212203977 2.428473138991875 0.0 0.01098425028361072 20.67861213829796 2.3885440715597896 0.8678755893748177 4.1339972279462405 0.6554214343774402 13.29095312745331 4.049629516723066 2.257445880922972 1.332400953352633 4.33656973898045
10.265865240514604 12.629908075356594 5.5903010620252145 0.0 0.7074349539671273 23.10880411037474 1.7306330276961954 5.373970179482975 7.364035556802466 5.345387064995286 12.27420010500082 1.3634927016762843 5.422449231701478 1.5202736850340082 6.789370780598061
16.14619215236518 9.495187884732637 7.4934224779189424 0.0 1.8860212624463066 19.403743028350295 5.331329183418733 3.221754179714304 6.255086505225713 2.6924881442896926 13.63652113754125 3.8483893088651837 5.142902677985099 1.6682040322092067 7.280867060829063
18.781918947461495 12.538452727999015 8.267265738531513 0.0 1.4649611376439666 25.931666239519565 2.213198476903352 3.5949978547044776 8.184728532965597 5.810039027320434 12.656210256712228 3.537103531767485 4.3009958238545805 0.9348440776638607 4.218593838524543
16.862771253357593 14.367523616939414 9.74128031486233 0.0 1.2881848774237148 20.65941493061905 2.502820978682659 1.3689086514785263 4.476210732400529 3.320834426425323 11.341585462788549 4.01358407234828 3.1652840805349634 3.005257471548363 4.702200873107215
20.571469443666988 14.492813970968122 9.280061067072731 0.0 1.4348460590903553 21.40461562869935 5.588103596758943 6.13556570097222 5.060696796606854 4.8281505079407 13.53798636461772 2.5121672404920776 5.170351965491804 1.6085835398299526 5.122480894237303
17.418521399300364 11.931309050117841 8.483834199332817 0.0 2.517254358602278 24.916832033585905 2.1783971185271214 1.9828378287453816 5.22220618603453 2.312022036792927 12.077999759577667 3.754295750056691 5.2521153265767015 1.7937614571032694 7.096609284653988
0.0 0.0 0.0 0.0 0.0 0.0 0.0 0.0 0.0 0.0 0.0 0.0 0.0 0.0 0.0
22.860728054291624 13.172757105556684 8.863025202015976 0.0 0.8108529730972788 23.06342889222466 0.4558380874609264 3.372191073251302 6.712544093446505 5.74428358921377 10.638044875569195 4.1618827051027365 7.356128247550678 3.3554843284413316 7.232582055969799
21.379408731466157 16.028042441707 11.5964967157339 0.0 1.1530519291274697 22.8775650178791 3.737325702791937 2.247894146753231 5.266582001186375 1.024063954281347 10.273336547142437 3.575280696089644 9.202982343688829 2.341491010696636 8.313595993960458
16.958509723877146 10.55469589141788 5.93289894655758 0.0 0.06929036011750711 21.312992592050122 1.9242791723938804 3.489061269800869 8.620200825353074 3.839250317903313 12.128230982100842 4.080227463090238 3.736267940508206 0.22998929812263924 5.653620316023491
20.52272455166466 13.052005431698932 9.752353793908387 0.0 2.8219328712072884 20.558193290130397 4.7730306715607735 1.6685341068581971 6.691429136252502 0.0 11.807561283168498 2.370858271207413 5.393247009154391 3.7828849254967194 6.88297405931432
16.170710541156758 10.467969359561017 8.006282969408659 0.0 0.6651289107028813 21.634982120845933 0.015455938078448472 0.6398215257900701 4.295423289064128 5.682100462436771 13.506438657952613 5.199562969348414 3.74142021662279 1.6749770433362687 6.222946525040613
20.845258118506436 13.923072771556662 8.257820935305675 0.0 2.204693192472045 22.013690672329375 2.590053654680706 3.0817091575010913 5.060709734303835 2.669562847919796 11.568444933466822 3.1161764822290716 5.159367357385088 1.586208828954806 5.997685193704276
26.362479367776746 16.073331282899648 9.927078772547892 0.0 0.5201879062050453 19.737948962032682 2.6332811959929465 2.326083710624103 4.071600114403895 1.2198208577909544 12.774400661406846 3.1151029510026143 7.866793501105704 1.5076984619646137 8.894229837962593
15.129554674256593 12.079754972961362 11.343765824147049 0.0 1.4299159761722353 18.97529625697158 4.062945838262872 0.9424692928583042 2.2715023778511956 1.3760548069798593 14.055575100094249 1.447048738176972 2.7580827227823375 2.0393809996512333 7.863600335738203
25.512800441915683 11.862040015088345 8.945576096342954 0.0 0.5870463332183604 19.458716850339822 4.8962382402959115 3.0989693080668075 4.3249251084602784 0.9905014337763424 12.076300488695274 3.223412493607886 6.6189861746150855 2.2617979557603927 7.327993921911443
21.200774755984543 13.06175798046019 9.909022943930392 0.0 0.5335811812450711 21.43864704231191 6.14880857532687 6.817388998872471 3.9645770873950927 1.9239366326473746 12.844003424791982 2.4618052995902002 4.2429712054788915 3.354454930359397 7.506130688526749
20.715660920608034 14.663118270874655 8.344554269686776 0.0 0.8571241838879792 23.809502190653983 2.5187040625341615 3.6129957803235535 5.034328487172806 1.2966123256689221 11.274835261618803 4.229033278302549 5.450746352231615 1.6068262912963533 7.2110120027089275
23.246308906597505 11.5771987021017 7.045007606239274 0.0 1.7792245091409091 24.655924529222876 4.189370397882634 2.0207543082194612 5.681686488493505 0.78173986051281 8.780217165175092 2.3104127621909316 4.1043869674478595 1.2255284596878167 4.043828171404598
19.4091810607131 15.262133472438208 11.084662052827252 0.0 0.40566349217796516 24.198681946325888 2.441791354894521 4.276789938908199 7.264726685114051 6.337665641831681 11.532632305895765 3.757701285193993 5.174390576236844 0.3159809466952741 6.016702883868799
20.38174381611298 15.246284539862486 9.293618620837279 0.0 1.5486044350645152 18.848769206360775 2.927279761551328 3.6935425664604153 6.303643409572339 2.5312133321810464 11.528286671769534 3.063157814403002 2.0283873170893116 0.733968281570373 0.7396080744188116
21.565339846469076 12.02817659554899 6.384494489596322 0.0 0.3419488673419462 24.655924529222926 2.7976251201865256 2.9315528946959764 4.788224170623174 5.204566316153983 11.338248253257998 2.9605311899319813 4.298322625109375 2.18608126091818 4.8283729019603765
14.300015853474326 11.047506496639214 7.223683298111071 0.0 0.42739756988744093 21.92381283637821 2.9350358998164254 4.093424643853358 2.978868059697098 3.5870256004484395 13.391989396883362 2.36222724683276 6.480693056242462 4.457895704696809 7.667839333096678
12.675964481612098 11.996568622917163 7.051639245431175 0.0 0.01677637404971466 20.38716362171854 3.847806460192914 2.3525367587422634 4.120570349332834 0.518630849736471 11.788819256358943 3.881468418569084 5.125130941123831 2.7624248462497283 7.535357244226924
20.19055876065474 12.077253306578584 7.6623366667779145 0.0 1.3222124520193148 21.051212487338095 1.911571950536732 2.6078827638583975 6.714485468158622 4.65904766283727 12.440866771667494 2.07580001911797 4.80810723410429 2.1749187470725433 7.661045814380857
23.641521983071534 11.64596116377278 10.282364458769678 0.0 1.4567706310662116 24.929048438472467 3.1823586281357574 2.9960476283734314 4.841476911064168 3.991540367401335 12.562801141270237 3.2667223700274914 2.731555292057138 1.755362550458568 4.078051786076318
23.77432992235935 9.65688236505061 7.85919792163255 0.0 0.29115147540141284 22.874947216831952 2.2444819944509353 0.45155161948436184 4.31636996043707 0.3688084954576737 11.37241729961534 3.98112495148992 3.4234907288974297 2.162656193893003 6.932890833370114
18.192893845301548 12.860085586467893 7.876950105095745 0.0 0.24194545863519445 21.046849485592887 1.7550914591203512 2.9705400669131294 4.933389555239163 5.279553518578567 11.405951189354708 3.1003047642948274 1.8120944626599396 1.1201322884626226 2.940857474152424
18.109706454758623 15.109995865365024 8.53085559170895 0.0 1.4990761828347938 20.39152662346374 2.4763996730775197 2.5068214775181374 2.770819875574738 0.27288239170906864 12.470773718401663 1.2694386837868696 4.436279237684203 1.927448748222662 3.541733115567709
23.39546243841304 11.667240300121689 10.539136305713887 0.0 1.300579736651445 19.853132208105976 2.231643643369903 2.364345539508816 2.695175717447333 0.0 14.005171165999409 2.673909714622657 2.33322072049434 1.7132995480514883 5.994408881635532
14.46930949036867 13.569881229922707 8.530925603027745 0.0 1.441201431529109 22.15243412782674 4.279641975128456 4.4093127154020335 5.072181586735513 0.0 13.175035818024853 3.5764894963134797 9.759642029018693 5.4930697318415955 13.394641439897804
18.223833716871894 9.98311371299052 9.563195292093388 0.0 3.8340236684657327 18.64458072468538 0.0 2.282238252094412 5.331061329326608 0.9056202471315544 11.867781932014466 2.778666147066022 4.6879869877527 3.9788255070492466 8.246690772932366
22.2378442247528 13.016047049902221 6.223122277285021 0.0 1.8115976826015734 21.766744773550982 4.188250970419817 2.2846436195914968 5.628361214704662 1.243669636612217 11.38470766603864 3.3011009125250874 3.823011572293136 3.2120362181380027 2.7221703221188465
21.32803686923615 11.972480831138775 6.841520516118566 0.0 2.3652853562303413 24.42381283637822 4.488568092992331 0.5061283581841096 5.1345646727520124 1.3848780899543682 11.246538408698424 3.576677749150353 1.0466858400754924 0.12893159913661156 2.26672204875182
22.982444341507033 11.89042074940563 8.620594752077622 0.0 1.0592294382634728 22.99711126569761 2.182247417969857 1.4064636685279635 6.840623221110523 3.7872802828151286 10.97301896883343 2.30377584216754 3.2380798009278577 1.2423041423264958 6.215825660477336
0.0 0.0 0.0 0.0 0.0 0.0 0.0 0.0 0.0 0.0 0.0 0.0 0.0 0.0 0.0
16.428153623468493 17.365937727884155 13.597436072632933 0.0 3.0093236593912094 18.71962435470282 2.648309162989532 7.025489901487774 5.045549985041389 4.821691776006555 10.196680454152961 5.927276455290933 9.83514793619139 1.5015819340563374 10.423025483294174
22.041989000000925 10.258840355818478 8.30538149642199 0.0 2.1175434756737928 23.50321946814087 2.6475851396237715 4.7724211354010935 7.698864433546737 6.366884789538416 10.656210256712221 3.731749556492565 0.0 1.620416057544284 2.623910934470498
0.0 0.0 0.0 0.0 0.0 0.0 0.0 0.0 0.0 0.0 0.0 0.0 0.0 0.0 0.0
24.24543324985494 10.260854977840099 8.405770097717735 0.0 2.0147694417209334 19.9971112656976 2.533416883660743 0.6406854678237434 5.109868055803188 0.0 11.08061827798715 2.040911010197814 2.5187834946945764 2.0908117562057615 5.6518153978452315
0.0 0.0 0.0 0.0 0.0 0.0 0.0 0.0 0.0 0.0 0.0 0.0 0.0 0.0 0.0
20.358101084063936 13.457503529072017 9.376714408584794 0.0 0.5292406298632074 19.230095558891303 3.328451494004377 0.5967859172736734 4.482101391620328 1.1113118141174751 12.82704984593345 1.7397021433724318 6.454445172977782 1.462591138893569 8.411113748356401
11.93282379276213 12.931911606905357 7.5189434458752915 0.0 0.3481520729990395 22.97704145766967 3.315137672099282 2.5847905286391692 2.249773800335124 1.0127563221017843 13.450338063275252 2.9657853586275578 5.247218383389874 2.6735902319339595 6.4258640128556594
12.78104329071894 11.760283346318191 5.5088525314348775 0.0 1.9656374263265572 20.80164878751261 5.021637215837733 2.9121402839752824 6.142313594802001 4.742791070528344 10.316832018370265 1.6359168012329817 5.4151475414032575 1.7024465304970693 6.109643352676788
11.095112175716011 11.88217155194037 7.334053845900307 0.0 0.4133429384898476 21.423812836378218 1.7902089635533371 5.499515526463066 3.7986961982274257 2.3935460065690917 13.230559767035661 2.890287632861108 4.985775952709012 4.878510731664226 8.636709741410634
16.828328754817015 14.97766204081688 14.841343137743612 0.0 0.9218101666401696 25.55557548908329 0.686547546798071 1.3503574531477878 6.526779915710038 1.395078784270595 13.520949251256111 2.45561431220811 5.496288126739017 0.5723552976299995 7.3825204575577335
20.23988742381878 11.672743733879496 9.78110928829393 0.0 1.4593273537579412 22.71962435470285 3.5872535636357408 4.713877636131763 4.865310290395629 3.8050092712277164 11.349964795297579 3.3167432712798695 3.9278988749165484 2.02986399735675 6.174426384729382
25.455007096906904 14.058688384634127 10.592824052810107 0.0 0.9768183944465841 25.598332906186236 0.9230538718181757 2.7262306262740235 7.960468200677496 6.093586764888798 9.431339790390993 3.1161823326928753 5.4825200393901605 2.4248172789560067 7.700002377852013
19.80059962463604 13.598251396373158 9.837062863034246 0.0 1.0770176047393916 22.63672732154402 2.1856441638574733 3.2003635870661 4.740317777604188 4.9534567890700645 11.21179553795732 1.6808203510657445 3.865336495210349 2.9106686061711198 5.6030314667983125
10.320447844133987 14.886884771432019 9.04283651397462 0.0 1.3594126080525726 23.23096815924038 2.5106514306892787 3.0559559863095105 8.71828907422476 5.477837831830176 13.550020484966268 5.518182129413135 2.848437893669031 1.3156912419758418 2.129654371790803
21.070301901343555 13.350067171346941 10.812443000409116 0.0 2.0535030320245293 21.050339886989057 3.0847581539213365 3.8134677756743414 6.4141932356951665 4.405997459429849 11.644003424791984 2.080158749194636 3.2324539276364916 2.8960690815757326 4.957467942778656
15.603576857560725 11.241297736491344 8.89843562859656 0.0 2.2551442848173804 22.89676222555798 2.285684150623374 3.4805914490509147 6.677587251245172 6.48073427192987 10.804251918472328 7.368614109223877 2.152721397498144 0.03150284315672419 1.4677274038757802
22.218871661997397 14.808935415602539 8.342614392785848 0.0 0.7722430596486332 21.793795384371254 2.104639999375518 3.629006461610681 3.20422375128602 3.8356796310840497 14.416511618778488 5.558412411586318 4.603652574453917 0.9872827080089246 5.965785924966961
21.01484364098163 10.328532056275277 7.603468993843217 0.0 0.9502372201778004 24.255400969013486 0.9585471738361859 0.3418005396106113 4.761834370925442 0.69446675672942 12.167575733042893 2.772712032443511 5.469589758450007 3.897845705197666 8.601332143315895
21.900716378868395 14.121371457855728 8.850297709155676 0.0 0.8310879688233526 20.43341144021767 1.583734609502405 2.5968612453169944 4.324423255355737 2.754634911823389 10.46901875785056 4.470875398353385 5.062122224600919 3.750946129042581 7.1400013438958405
17.607371370111817 12.117772739375866 7.730465315653326 0.0 1.2570995319674454 20.7841967805318 1.2758116535978428 4.668822373398508 9.17470767302021 5.859038761889025 10.861909738577507 4.221779117269442 4.082198632713677 2.5901177880676007 4.801808066625725
21.630722216579997 13.629752212913123 10.680460837217705 0.0 1.6118916796677856 20.700427147023948 0.03707243259967523 1.9705564146597785 4.620237989604264 4.316921687159842 10.360611580507157 1.9097848787930505 4.060986002589969 0.32073071202956693 5.878446135200088
21.022432666083816 10.225405281701537 5.9604797687742765 0.0 1.7297488005819912 21.092224703742975 4.152289068865129 2.439564157669 4.750599209545431 2.4049378324639523 13.029467807936909 1.8191565761558406 2.6270436949558857 1.3359500200399768 4.885389822277208
23.850220173380922 13.871737100394526 9.076079388575275 0.0 1.0462565068505882 18.35749520985117 5.074619434924261 3.243100493535872 4.417281825474322 0.02359514034509161 12.854597341615664 3.1827484803642414 4.665552825641721 1.2376234492082263 6.955018981668776
23.10153365849478 12.70275069953106 7.935489544130755 0.0 0.645587910830486 20.354004808455013 2.343372968043872 2.9342461763172976 5.815839745518987 4.419905409751319 15.412397207175411 5.129963852377779 5.762499078024741 0.8233140943636557 6.826431890851485
21.652029863982197 13.482178030840927 8.410291365545904 0.0 0.9037417159756198 25.881928019624283 3.4179676637832883 2.0402606631661944 3.7508571242581157 0.26703724615018043 10.839512923928424 1.7679761846143862 3.6821958086722897 0.8003658108802973 4.503217727394223
22.75331416053796 12.701956936793403 8.889984619653331 0.0 1.291024255789333 24.849641806709794 2.5090766638701973 2.075539196109816 4.006640061903802 0.6776919142602965 13.235975157991872 3.3716869913736764 4.635898353584979 2.0574519295561546 7.592988863225901
21.29622134092327 16.271356752193586 12.158326455433299 0.0 3.9713049612433853 17.371456815435813 0.8271025380369827 4.722682218443852 5.936325172835263 3.3440558542864114 12.26726379729946 5.088628740417404 8.768891682059065 2.7288998782933582 11.087697696409158
21.928445509049354 11.89565545567082 7.936924930508212 0.0 0.9762967478472837 23.96046205103791 5.279465157121289 6.423430620363697 5.853285231698545 0.24205577987617286 13.013895921651773 4.753851925479706 1.902184404756619 3.0215022185844194 3.8652250577710188
14.012216670753967 10.662052250623008 8.493268227783684 0.0 2.7337156784029 23.070409695016973 2.7466687414764768 1.0448877710394755 6.095664287539874 0.949012718334734 12.9792087405794 2.33277959668686 3.7360221218867475 2.7561754262285056 5.920134902726554
0.0 0.0 0.0 0.0 0.0 0.0 0.0 0.0 0.0 0.0 0.0 0.0 0.0 0.0 0.0
21.027686606539152 14.19473229312188 7.32354558087847 0.0 1.7694158723278965 23.08262609990353 2.972741793196185 2.7438652258003238 6.17440461604595 1.771132948773581 11.958279974289553 2.0712084609634265 7.141941155357071 4.1088376481629 9.467044046822538
19.24806022008263 10.382435736908345 7.574431949941063 0.0 0.46146512323628985 21.253655768315387 3.248612106742705 1.6819454736789483 3.6849942534152937 1.6471222242102301 10.634794021824499 1.7344200696658396 1.9893636512328863 1.1964317324728735 3.785595640886041
20.203109840631377 9.880711984789743 7.852701959586118 0.0 1.628829482512736 22.195191544929717 1.8105676214221729 2.9889158417977613 8.606443934652335 4.2744575832638185 10.798925704584738 1.6363090671259628 2.3506410693562363 3.174422064725994 3.7521907301765456
21.506670844717775 11.394848804433199 7.733089448527787 0.0 2.431190301168094 19.408978630444537 4.123899491722498 3.4529897605594746 4.611589932161999 2.605442356255467 11.619105113636387 1.2522638309844412 3.0188494258874017 3.0376006533717805 3.6161347086707867
16.17450505370785 13.13491019606663 10.927729227476542 0.0 1.717598263990824 22.428175838123426 3.05422993020945 4.529166664613837 6.492708048191975 4.921456330530812 12.934476443515482 6.194772391486203 4.302634591944793 1.0972193422380567 4.371661052924983
15.140354440748144 13.674096363100663 7.642482562792865 0.0 2.326316860036258 23.210898351212432 2.8580422173789355 5.58761027126053 9.928884809381362 9.776029569390605 13.339941881574845 2.7725977841126657 4.843742101897202 2.501647401669524 5.537926015229461
17.98156868476448 10.860022803903423 7.968706337913698 0.0 0.7522210608059776 23.069537094667943 3.7624324057246166 2.6243153127063423 6.710139976633739 0.7542979821968534 11.131512501962654 2.8437717689214725 2.2071394966840034 0.5887166607268097 5.353023553517871
0.0 0.0 0.0 0.0 0.0 0.0 0.0 0.0 0.0 0.0 0.0 0.0 0.0 0.0 0.0
16.28921608698281 11.639757753690228 8.776015318613425 0.0 0.27300609539892295 23.93253883986862 4.504699105200591 4.279470962747795 8.769232623349035 6.512581622621294 13.423222346522246 1.9379270908025543 4.047103439196908 2.42899806037734 4.019325451642077
21.734341597782592 12.306031338175996 11.53884871410452 0.0 3.8894435867321544 22.06517409292273 2.810482843880084 3.231593404390375 6.6525544387635644 4.539334006177962 9.93651831625847 4.8527180312473694 3.8242470254387895 1.6037321706275924 4.703068331251029
19.753314160537975 13.004721750635321 9.60584420252073 0.0 1.7988209455318431 20.890654023114706 6.193839955671626 3.431920146680306 3.7350143651722587 0.5692413962109993 11.802469113086838 3.2912226069589705 2.8054086996589125 2.0380348971628415 3.4227722539404684
21.245433249854983 13.85218458713818 8.40447219988931 0.0 1.715079735744029 22.53376048035728 3.580627655130548 4.831579669915072 7.449478044209972 4.9696704819595325 11.351574889111339 2.979096015805768 6.832735116427694 2.726038198520844 9.049528151843813
0.0 0.0 0.0 0.0 0.0 0.0 0.0 0.0 0.0 0.0 0.0 0.0 0.0 0.0 0.0
16.283670260946586 9.213647030077478 4.379808587110319 0.0 1.7030574674100107 20.191701143533557 3.7458067639799 3.132907031455822 7.579341409021706 3.518544664812872 11.272127566140714 2.96330029035324 3.1255980485864585 3.151379635813614 6.771169827491997
23.736384796848537 15.501716825748533 9.772588930940884 0.0 0.938261079857256 21.746674965523084 4.201224636020068 2.033654050535849 3.761866760024804 0.0 11.320486806209793 3.043930082238658 4.617680089370268 2.4355750402924055 4.197883048295265
16.21361772154207 10.769596106737781 4.144363996528079 0.0 1.7013062831629382 24.114912312818024 3.0049468297024506 2.7507154094134854 3.6704210313662067 2.9071464281570707 11.12112196282778 4.553407132570787 6.164921625510227 1.5905655194685984 10.518961598856333
25.1056200566267 11.015546741026299 8.618851121969868 0.0 1.5848597869819543 22.13410952049691 4.652031878255557 3.2630027018315264 2.94745827595317 0.0 12.792969976644718 4.246550195280581 2.8386541746159675 1.7008221513111197 5.966312467400614
10.544324084647709 14.063781852146354 6.409295937366941 0.0 0.9780343420052532 17.917704633934946 4.41469299267944 3.997471734347832 4.5137484800001015 0.134412341296816 11.367464353705483 4.096740463659509 5.213801107082721 0.8884847256188076 4.914131448101594
22.204569268535636 12.06574099145777 7.9567697084300635 0.0 0.39478584212904466 20.963079852085045 0.8538899579812692 1.900820086264276 6.2679815543218576 5.090842732580682 12.679554163722742 1.7672152354313528 2.299028454653325 2.0014123774229815 4.1429467087160585
24.44741807180476 14.298520815196909 7.174241961066158 0.0 2.1845741623597634 20.99449346465046 2.358840581473532 3.9884547278144318 5.501445679797636 2.2312898330721653 10.43686656068458 2.2405049636019165 3.1377081073881197 2.818641746545086 1.7204264237008131
18.955882753649473 12.184363019620175 9.60440113326843 0.0 1.711253879738933 19.245802365174036 1.3230511248282084 3.1044217422560676 5.07944934681959 4.687844967956052 12.848321214083883 1.6727942948607397 3.156513277907446 1.845128584537805 4.317030311901956
23.05629139346268 14.833435717188918 9.756242156996196 0.0 2.6099732386397263 21.74754756587212 2.653810951718276 5.659073861203136 8.680172707893025 7.034519644278237 10.506956792667644 3.0910288578495737 6.044258928505756 1.137689759759884 7.39883246811301
16.07847469760745 12.550358338804534 9.906697748167717 0.0 0.693237139719917 22.850514407058846 3.4321268823727458 3.4304249905204496 5.500163913483477 4.450618893212542 11.694318181818199 3.301219729111741 4.009104194784631 1.8203790627350638 7.776751709578981
24.41618631465355 14.245654558968793 9.65517659019901 0.0 2.6915194495846317 23.696936745627802 3.4052305198662247 6.1057914202676375 8.816684166918908 6.18694587290218 12.784880377610325 2.1567702022313333 4.879279993503791 1.494439291296624 6.285281763577454
20.257400558669886 12.70057891285372 7.942170168017526 0.0 3.519741256748639 23.572154895715048 1.8440393749455146 1.9857979814779363 4.441225667945603 0.8246543711454709 13.164583946655695 3.2744252284555038 7.178900422365371 2.802619554426277 9.099860411558907
22.895170552832184 10.439752920777964 8.932257288985404 0.0 0.8417352714777347 21.139345122591145 2.578826211488596 1.6534920142644265 6.455705892001315 2.3551606507776848 14.100452263895454 4.369731037538927 0.9203275621681202 0.8628665686649886 3.9661617720171436
12.966682520141013 11.715283852119692 6.855368624583702 0.0 0.34793482750080207 20.686465541439308 0.9503580948930602 0.0 5.395073226434395 0.8654703974590513 11.351574889111356 2.9267066227974294 9.888933781528484 4.820707961101664 12.466250722152365
23.640354440748133 13.553599777918505 9.636234958833969 0.0 2.1784045643720957 21.258891370409625 0.9337203335686987 5.646750879945756 8.00809843424102 5.922414544911716 13.335657579682877 2.480057437330812 2.8506790155151602 2.833545025422694 3.374743614059
19.083728638062794 13.476949552823157 10.165856154598387 0.0 1.2479306698396573 21.840043202870373 2.3849160480235243 2.3703863914947156 3.4768313038540164 1.5564667310899192 12.021316876668267 1.3439709428782278 5.727569106078805 2.0976469472024495 8.771976469150083
