[31mWarning: [0m"smc_cp3-refactored.maude", line 140 (mod SMC_CP3): multiple distinct parses for statement
eq sumDiff (F F' FL) = (F' - F) + sumDiff (F' FL) .
[31mWarning: [0m"smc_cp3-refactored.maude", line 145 (mod SMC_CP3): multiple distinct parses for statement
eq avgDiff (FL) = if (len (FL) == 1) then 0.0 else sumDiff (FL) / float (len (FL) - 1) fi .
[31mWarning: [0m"smc_cp3-refactored.maude", line 150 (mod SMC_CP3): multiple distinct parses for statement
eq sumSquaredDiff (F FL, F') = (F - F') * (F - F') + sumSquaredDiff (FL, F') .
[31mWarning: [0m"smc_cp3-refactored.maude", line 232 (mod SMC_CP3): multiple distinct parses for statement
eq compLatency (Tsent, Trcvd) = Trcvd - Tsent .
[31mWarning: [0m"smc_cp3-refactored.maude", line 361 (mod SMC_CP3): multiple distinct parses for statement
eq getGoodput (< ADDR : IrcMonitor | msgRcvd: ircMTL, attrs >, Tstart, Tend) = collectGoodput (filterWindow (ircMTL, Tstart, Tend), Tstart, Tend) * 8.0 / (Tend - Tstart) .
[31mWarning: [0m"smc_cp3-refactored.maude", line 488 (mod SMC_CP3): multiple distinct parses for statement
eq normMED (NL, NL') = if max (lenMsgIdList (NL), lenMsgIdList (NL')) == 0 then 1.0 else 1.0 - (float (med (NL, NL')) / float (max (lenMsgIdList (NL), lenMsgIdList (NL')))) fi .
[31mWarning: [0m"smc_cp3-refactored.maude", line 613 (mod SMC_CP3): multiple distinct parses for statement
eq getMTBF (< ADDR : IrcMonitor | msgSent: ircMTL, msgRcvd: ircMTL', attrs >, Tn, Tstart, Tend) = getMTBFAux (filterWindow (ircMTL, Tstart - Tn, Tend + Tn), filterWindow (ircMTL', Tstart - Tn, Tend + Tn), Tn, Tstart, Tend) .
[31mWarning: [0m"smc_cp3-refactored.maude", line 673 (mod SMC_CP3): multiple distinct parses for statement
eq KsDistanceX (F FL, nil, I, J, invN, invN', D) = max2 (D, abs ((float (I) * invN) - 1.0)) .
[31mWarning: [0m"smc_cp3-refactored.maude", line 674 (mod SMC_CP3): multiple distinct parses for statement
eq KsDistanceX (nil, F' FL', I, J, invN, invN', D) = max2 (D, abs (1.0 - (float (J) * invN'))) .
[31mWarning: [0m"smc_cp3-refactored.maude", line 676 (mod SMC_CP3): multiple distinct parses for statement
ceq KsDistanceX (F FL, F' FL', I, J, invN, invN', D) = KsDistanceX (FL1, FL2, I + C1, J + C2, invN, invN', max2 (D, abs ((float (I + C1) * invN) - (float (J + C2) * invN')))) if F == F' /\ prefix (C1, FL1) := skipEqPrefix (F, F FL) /\ prefix (C2, FL2) := skipEqPrefix (F', F' FL') .
[31mWarning: [0m"smc_cp3-refactored.maude", line 682 (mod SMC_CP3): multiple distinct parses for statement
ceq KsDistanceX (F FL, F' FL', I, J, invN, invN', D) = KsDistanceX (FL, F' FL', I + 1, J, invN, invN', max2 (D, abs ((float (I + 1) * invN) - (float (J) * invN')))) if F < F' .
[31mWarning: [0m"smc_cp3-refactored.maude", line 686 (mod SMC_CP3): multiple distinct parses for statement
ceq KsDistanceX (F FL, F' FL', I, J, invN, invN', D) = KsDistanceX (F FL, FL', I, J + 1, invN, invN', max2 (D, abs ((float (I) * invN) - (float (J + 1) * invN')))) if F > F' .
[31mWarning: [0m"smc_cp3-refactored.maude", line 696 (mod SMC_CP3): multiple distinct parses for statement
eq KsStatisticZ (FL, FL', K) = KsDistance (FL, FL') - K .
[31mWarning: [0m"smc_cp3-refactored.maude", line 792 (mod SMC_CP3): multiple distinct parses for statement
eq compObsFeatureX (vp, dnsQueryRate, Fid, TOL, Tstart, Tend) = float (countDNSQuery (vp, Fid, TOL, Tstart, Tend)) / (Tend - Tstart) .
[31mWarning: [0m"smc_cp3-refactored.maude", line 806 (mod SMC_CP3): multiple distinct parses for statement
eq compObsFeatureX (vp, tcpUpRate, Fid, TOL, Tstart, Tend) = float (sizeTCPUpload (vp, Fid, TOL, Tstart, Tend)) / (Tend - Tstart) .
[31mWarning: [0m"smc_cp3-refactored.maude", line 808 (mod SMC_CP3): multiple distinct parses for statement
eq compObsFeatureX (vp, tcpDownRate, Fid, TOL, Tstart, Tend) = float (sizeTCPDownload (vp, Fid, TOL, Tstart, Tend)) / (Tend - Tstart) .
[31mWarning: [0m"smc_cp3-refactored.maude", line 816 (mod SMC_CP3): multiple distinct parses for statement
eq compObsFeatureX (vp, tcpOutPktRate, Fid, TOL, Tstart, Tend) = float (countTCPOutPkt (vp, Fid, TOL, Tstart, Tend)) / (Tend - Tstart) .
[31mWarning: [0m"smc_cp3-refactored.maude", line 818 (mod SMC_CP3): multiple distinct parses for statement
eq compObsFeatureX (vp, tcpInPktRate, Fid, TOL, Tstart, Tend) = float (countTCPInPkt (vp, Fid, TOL, Tstart, Tend)) / (Tend - Tstart) .
[31mWarning: [0m"smc_cp3-refactored.maude", line 837 (mod SMC_CP3): multiple distinct parses for statement
eq compObsFeatureX (vp, dnsQueryRate, TOL, Tstart, Tend) = float (countDNSQuery (vp, TOL, Tstart, Tend)) / (Tend - Tstart) .
[31mWarning: [0m"smc_cp3-refactored.maude", line 851 (mod SMC_CP3): multiple distinct parses for statement
eq compObsFeatureX (vp, tcpUpRate, TOL, Tstart, Tend) = float (sizeTCPUpload (vp, TOL, Tstart, Tend)) / (Tend - Tstart) .
[31mWarning: [0m"smc_cp3-refactored.maude", line 853 (mod SMC_CP3): multiple distinct parses for statement
eq compObsFeatureX (vp, tcpDownRate, TOL, Tstart, Tend) = float (sizeTCPDownload (vp, TOL, Tstart, Tend)) / (Tend - Tstart) .
[31mWarning: [0m"smc_cp3-refactored.maude", line 861 (mod SMC_CP3): multiple distinct parses for statement
eq compObsFeatureX (vp, tcpOutPktRate, TOL, Tstart, Tend) = float (countTCPOutPkt (vp, TOL, Tstart, Tend)) / (Tend - Tstart) .
[31mWarning: [0m"smc_cp3-refactored.maude", line 863 (mod SMC_CP3): multiple distinct parses for statement
eq compObsFeatureX (vp, tcpInPktRate, TOL, Tstart, Tend) = float (countTCPInPkt (vp, TOL, Tstart, Tend)) / (Tend - Tstart) .
[31mWarning: [0m"smc_cp3-refactored.maude", line 1024 (mod SMC_CP3): multiple distinct parses for statement
ceq expectedKObsFeature (vp, obsF, baselineCDF, binECDFs, T, Tend, winSize, binSize, Ksum, N) = if KD >= 0.0 then expectedKObsFeature (vp, obsF, baselineCDF, binECDFs, T + binSize, Tend, winSize, binSize, Ksum + KD, N + 1) else expectedKObsFeature (vp, obsF, baselineCDF, binECDFs, T + binSize, Tend, winSize, binSize, Ksum, N) fi if (T + winSize) <= (Tend + Tesp) /\ ECDF := sort (getECDFObsFeatureRange (binECDFs, floor (rat (T / binSize)), (floor (rat (T / binSize)) + floor (rat (winSize / binSize))) - 1)) /\ KD := KsDistance (baselineCDF, ECDF) .
[31mWarning: [0m"smc_cp3-refactored.maude", line 1192 (mod SMC_CP3): multiple distinct parses for statement
eq getCUSUMZt (< ADDR : Adversary | gt: (bl (vp, obsF, K, Zt) :; blList), attrs >, vp, obsF, Tstart, Tend, winSize, binSize) = cusumRange (Zt, floor (rat (Tstart / binSize)), floor (rat ((Tend - winSize) / binSize))) .
  step=250 n=250 250 250 250 250 250 250 250 250 250 250 250 250 250 250 250 250 250 250 250 250 250 250 250 250 250 250 250 250 250 250 250 250 250 250 250 250 250 250 250 250 250 250 250 250 250 250 250 250 250 250 250 250 250 250 250 250 250 250 250 250 250 250 250 250 250 250 250 250 250 250 250 250 250 250 250 250 250 250 250 250 250 250 250 250 250 250 250 250 250 250 250 250 250 250 250 250 250 250 250 250 250 250 250 250 250 250 250 250 250 250 250 250 250 250 250 250 250 250 250 250 250 250 250 250 250 250 250 250 250 250 250 250 250 250 250 250 250 250 250 250 250 250 250 250 250 250 250 250 250 250 250 250 250 250 250 250 250 250 250 250 250 250 250 250 250 250 250 250 250 250 250 250 250 250 250 250 250 250 250 μ=0.061556086206137534 1.7750463145432318 27.66643122067104 102.92933021186441 371.2516655805331 230.05518222222221 0.06134530819729228 0.7888636136947013 30.760458680065703 170.39397491787668 668.5602861440854 245.07311999999996 0.06145325925148154 0.5227427871282498 16.656378660685387 139.44676371598024 569.3713193108065 260.0910577777778 0.061242689417848266 0.5332841238086734 33.66942310957958 249.8713920733393 1003.5069911008909 253.97439999999997 0.06145176139581508 0.11833998488418637 13.205049444787337 73.68953746834565 421.3626029133086 271.77696000000003 0.061169622901837896 0.22975143090612402 37.22357004773815 339.5847873501835 1353.6676876237445 259.13975111111114 0.06145010844492208 0.06320543647580235 6.060727914495726 53.25625479342536 277.00606711461586 274.6358044444445 0.06113032689116682 0.13798181762969278 41.05125754208761 438.19073537120914 1721.571496708589 262.84584533333344 0.06147875168756764 0.08791854558556224 3.8549703756948874 34.00538746374324 218.97572208381473 277.67022222222226 0.061088070730681406 0.11688374321236782 44.423361562853906 541.3871750956769 2094.0966862921427 265.13073777777765 0.061443201738165955 0.13965970794083113 4.713172263266377 29.286178225358597 169.5729438513978 276.55519999999996 0.06106584145666642 0.15851295902585202 50.168359239982486 644.8509484095821 2470.847170942986 266.05214984126985 0.061440628316104265 0.12328445359056422 3.566809308582633 27.811216994210927 157.847907862458 271.58062222222253 0.061040165637084955 0.09117251295458743 55.60961646010223 747.1004788765198 2827.1660301196525 267.5471777777778 0.06143326435457493 0.06310645646251214 3.4138511373101066 24.95905618215036 155.19715579679848 278.01237333333347 0.6747708482609829 0.6554986575099889 0.6143106808863827 0.6472198259055554 0.5900862022952975 0.6408276885298723 0.5825620467743966 0.6336511850323595 0.5766643767404417 0.6269153896423247 0.5685107002246109 0.6223469652664967 0.5661960209427838 0.6171491501449217 0.5646134732648374 0.7336773139283765 0.7400876585389523 0.7323766676819634 0.49294175289464154 0.7224822814724454 0.7177161489770789 0.7221077189025233 0.45968848068791 0.7352339986645289 0.6717932126150032 0.7349665628884058 0.31524894937759435 0.7219374086951559 0.7031634906984032 0.7217913059353909 0.441987098293273 0.7442844679466312 0.5980092497092768 0.7443028380058737 0.2737482535194075 0.7216606959738948 0.6891577554730854 0.7216430642880848 0.43084923838442524 0.7467838573588076 0.5682631074551627 0.7467696236171918 0.26843159866642136 0.7170195907720935 0.681537739400614 0.7169283965943 0.4191190133624304 0.7397378100891063 0.5599577749198664 0.7398520447843758 0.2671098771684186 0.7125415190651647 0.6749154154855433 0.7124452443671204 0.40775937965146986 0.7346710001693101 0.5406647912553726 0.7346317942722707 0.26407521520148924 0.7097298096882061 0.6697741615299614 0.7097250546673977 0.4001588351804196 0.7269570213138556 0.5467757401457921 0.7271715007578545 0.2638798215536318 0.7062734479300071 0.6656173684960367 0.7062810482210506 0.39042473593259386 0.7253112276365168 0.545119671228391 0.7253223599625056 0.2627006342319373 20.633061281290527 22.775998989633546 29.922811179741164 23.003990886235954 27.97554394826166 22.872010154434495 31.694032258243713 22.81116664078047 28.476014422905447 22.53929750449888 30.16754271612235 22.479486272908026 30.47997234790899 22.26619145824547 29.106556446738097 σ=0.003919646887943076 4.017261456794075 13.646579289195365 44.12499683672558 127.58472653986554 47.04897028140488 0.003904041887738297 2.773880933744158 17.313402267403745 92.34656097358608 221.5395062434688 42.14871864774912 0.003912335357763229 2.3091904160659684 22.788141083974953 133.9704875135659 216.56740380660443 53.03284118463111 0.003895864335988394 2.1829312125908356 21.62381009737735 157.36974583827572 282.6364609959042 40.192787714408354 0.0039116258822748905 0.8706461205209385 39.171185696635945 111.17886850566568 315.60590420288503 50.117307798718535 0.0038905451740816293 1.0619316096081022 27.4604103048042 222.8614102617746 356.672262161044 38.3206259541909 0.003913577476946026 0.004028725639112285 12.14204307361457 99.56010674789161 292.9798795719092 50.62542602510427 0.003887507676133794 0.8576888579211494 36.52479504872893 291.0112344039411 408.60314709025647 37.3878830225021 0.003913615020624628 0.3917294180501047 6.5418062663004735 61.25339497590004 276.7829603630633 50.348672901952014 0.003884084141544474 0.7671761081578611 44.83644217071557 354.6531306877486 464.07438847293685 36.65254551353658 0.003911639846633508 0.9213040296603369 8.239543895142807 49.02401900101702 239.08765742704358 49.914857984568286 0.003882638992472003 0.8779116573834468 60.23128586753622 419.9184997829343 502.3900093695686 36.12902124766747 0.003911844571396586 0.9514652304182544 6.902416691314724 59.61900887546591 235.37591289734996 51.05699207524688 0.0038810644488683254 0.4344925048420296 76.48369776805313 488.2102199081226 543.9076584695531 35.878199594718495 0.003911325337922478 0.004018195550857548 6.564282774525184 43.727486656748425 224.53748701174612 52.11493947556767 0.08885019852661212 0.08542477848249058 0.09283274756633932 0.087681807064793 0.09523660766989585 0.08542968967617122 0.08151512807504689 0.08332534740040681 0.08717126090565927 0.08127314259577494 0.08742177461661885 0.08110876540715874 0.08779462782203422 0.07929661342614919 0.08875856843621767 0.13864716025299548 0.1393219131626171 0.13785140689466455 0.1339322093563211 0.13932487448167688 0.13721440772061522 0.13943809704220733 0.1325988477756482 0.17023419927415714 0.19968151228240807 0.17033929591985267 0.175914952193514 0.14084063447888218 0.13844178426734557 0.14111284894709183 0.13000382930593077 0.18400067548624607 0.2394027233472061 0.183634226466359 0.16668313779732688 0.13670484261880608 0.14175351989040316 0.13710140287361658 0.1332113902707179 0.17011667332489133 0.2430190562364785 0.17048804979750223 0.1638761851588207 0.1329840116323968 0.14083216918120156 0.13319054153152735 0.13269396547475987 0.18038793819343088 0.25013601959207243 0.18024536937704355 0.16437282933557096 0.12997041668274142 0.1452186097645836 0.13009894932026494 0.1288045761297686 0.1835966622957346 0.24214915490778105 0.18364763037027376 0.16029306165558416 0.12750501203808218 0.1460185332160531 0.12753747294058265 0.12866067056703462 0.19514036264121307 0.2403478886747739 0.19495735322332364 0.16211547958519867 0.12436283026189392 0.14601215991563107 0.12440692435302815 0.1266895498162157 0.19778010617698905 0.24585460018030555 0.19774035991408095 0.1575282513566481 13.187176566010496 11.457743572270926 24.067964734312348 9.978070783708974 20.82965960426088 8.30550047369704 34.18379025945789 7.7549380076198045 18.764193151737878 7.212213801390997 49.834123038341296 6.830353635047504 29.92071262861612 6.533321751850704 25.558717471330183 r=0.00048824865388459213 0.500407958843319 1.699878626458495 5.496405906986901 15.892521130140079 5.860629047278025 0.00048630482563636674 0.34552694940524176 2.1566344093965966 11.503098461475393 27.59594647118674 5.2502319038037735 0.0004873378971582329 0.28764303123209906 2.8385922321236716 16.68795992566743 26.976599272018685 6.606006627719353 0.0004852861934105295 0.27191562315182055 2.693557984617585 19.602675640003817 35.20645496012327 5.006592445302446 0.0004872495217351276 0.10845155405753071 4.879337153118482 13.848934467867217 39.313275478738994 6.242834818695908 0.0004846236149398104 0.1322789255592209 3.420590872019884 27.76060871652516 44.428683719897144 4.773387647673325 0.00048749262104951765 0.0005018359883941369 1.51246690214283 12.40164981437234 36.49487719321618 6.306128285464607 0.0004842452506823642 0.1068375397845011 4.549690960889307 36.24965399308725 50.89742577411554 4.657201038563643 0.0004874972976571468 0.04879555901790097 0.8148764913798483 7.629995379134458 34.47731688054566 6.2716546852397785 0.00048381879998347487 0.09556286900554489 5.58502670282991 44.17717172097578 57.80717037833263 4.565604127115409 0.0004872512611977609 0.11476172858422098 1.026354243235828 6.1066499022875345 29.78182224992044 6.217616769197088 0.0004836387857859034 0.10935658165166946 7.50267692149051 52.30691644467147 62.579934573770146 4.500391615531068 0.00048727676262501883 0.11851874193021758 0.8597957301846362 7.426408975492008 29.319470838684666 6.3598860725991 0.0004834426536298811 0.054122319350912516 9.527149650708598 60.81363691613827 67.75155764723479 4.469148154597344 0.000487212084593545 0.0005005243137554147 0.8176762652366459 5.446890270546212 27.96938829294519 6.491668707324749 0.011067576000643847 0.010640890441116494 0.01156366002639051 0.010922035962280138 0.011863095535058044 0.010641502201250019 0.010153886993314732 0.010379375965691696 0.010858440061407085 0.010123744205484128 0.010889645163716655 0.010103268651597358 0.010936089417713254 0.009877538939034775 0.011056162148945106 0.017270507087430644 0.01735455731165897 0.017171384509010547 0.01668319182811113 0.017354926186735217 0.017092037058041975 0.017369029692573562 0.01651710237783246 0.021205129190692472 0.024873217502683693 0.021218220496428828 0.021912749046567415 0.01754373599522181 0.017244924540992027 0.017577644240395655 0.016193855332660465 0.02291994271125782 0.029821068262584863 0.022874296191101234 0.02076279317535981 0.017028563362033754 0.01765744906327828 0.017077960671569706 0.016593403396065718 0.021190489635608555 0.0302715347754274 0.021236749941197418 0.02041314666728172 0.01656508010132611 0.01754268152008273 0.016590806384361348 0.016528950661588507 0.022469924081905894 0.031158055392578758 0.02245216507588391 0.020475010875382667 0.01618969330767165 0.018089076073318857 0.016205703904810933 0.016044471021862183 0.02286961703089472 0.030163175995952793 0.022875965841003452 0.019966816863304006 0.01588259153716819 0.018188718097091987 0.015886635011594034 0.016026545504768414 0.024307551700944726 0.029938802260589346 0.024284755233689583 0.020193825348095447 0.015491187396350366 0.018187924210438213 0.015496679952505558 0.01578101393502633 0.02463636989931553 0.030624742743691778 0.02463141892798658 0.019622419792523434 1.642653379491507 1.4272275119792273 2.9980127596229775 1.242912886744158 2.5946350662193467 1.0345700880847595 4.258084989796646 0.9659895779963478 2.3373513761527263 0.8983854364251015 6.2075600651256 0.8508192353055927 3.7270570747396605 0.8138196225145159 3.1837075525296137
  Query 1 has converged
  Query 7 has converged
  Query 8 has converged
  Query 13 has converged
  Query 14 has converged
  Query 19 has converged
  Query 20 has converged
  Query 25 has converged
  Query 26 has converged
  Query 31 has converged
  Query 32 has converged
  Query 37 has converged
  Query 38 has converged
  Query 43 has converged
  Query 44 has converged
  Query 49 has converged
  Query 50 has converged
  Query 55 has converged
  Query 56 has converged
  Query 61 has converged
  Query 62 has converged
  Query 67 has converged
  Query 68 has converged
  Query 73 has converged
  Query 74 has converged
  Query 79 has converged
  Query 80 has converged
  Query 85 has converged
  Query 86 has converged
  Query 91 has converged
  Query 92 has converged
  Query 93 has converged
  Query 94 has converged
  Query 95 has converged
  Query 96 has converged
  Query 97 has converged
  Query 98 has converged
  Query 99 has converged
  Query 100 has converged
  Query 101 has converged
  Query 102 has converged
  Query 103 has converged
  Query 104 has converged
  Query 105 has converged
  Query 106 has converged
  Query 107 has converged
  Query 108 has converged
  Query 109 has converged
  Query 110 has converged
  Query 111 has converged
  Query 112 has converged
  Query 113 has converged
  Query 114 has converged
  Query 115 has converged
  Query 116 has converged
  Query 117 has converged
  Query 118 has converged
  Query 119 has converged
  Query 120 has converged
  Query 121 has converged
  Query 122 has converged
  Query 123 has converged
  Query 124 has converged
  Query 125 has converged
  Query 126 has converged
  Query 127 has converged
  Query 128 has converged
  Query 129 has converged
  Query 130 has converged
  Query 131 has converged
  Query 132 has converged
  Query 133 has converged
  Query 134 has converged
  Query 135 has converged
  Query 136 has converged
  Query 137 has converged
  Query 138 has converged
  Query 139 has converged
  Query 140 has converged
  Query 141 has converged
  Query 142 has converged
  Query 143 has converged
  Query 144 has converged
  Query 145 has converged
  Query 146 has converged
  Query 147 has converged
  Query 148 has converged
  Query 149 has converged
  Query 150 has converged
  Query 151 has converged
  Query 152 has converged
  Query 153 has converged
  Query 154 has converged
  Query 155 has converged
  Query 156 has converged
  Query 157 has converged
  Query 158 has converged
  Query 159 has converged
  Query 160 has converged
  Query 161 has converged
  Query 162 has converged
  Query 163 has converged
  Query 164 has converged
  Query 165 has converged
{"nsims": 250, "queries": [{"mean": 0.061556086206137534, "std": 0.003919646887943076, "radius": 0.00048824865388459213, "file": "/home/dylan-l/maude-hcs/use-cases/challenge-problem-3/cp3_scenarios/scenario2/pwnd_cp3_scenario_2-quatex.maude", "line": 1, "column": 1, "nsims": 250, "discarded": 0}, {"mean": 1.7750463145432318, "std": 4.017261456794075, "radius": 0.500407958843319, "file": "/home/dylan-l/maude-hcs/use-cases/challenge-problem-3/cp3_scenarios/scenario2/pwnd_cp3_scenario_2-quatex.maude", "line": 2, "column": 1, "nsims": 250, "discarded": 0}, {"mean": 27.66643122067104, "std": 13.646579289195365, "radius": 1.699878626458495, "file": "/home/dylan-l/maude-hcs/use-cases/challenge-problem-3/cp3_scenarios/scenario2/pwnd_cp3_scenario_2-quatex.maude", "line": 3, "column": 1, "nsims": 250, "discarded": 0}, {"mean": 102.92933021186441, "std": 44.12499683672558, "radius": 5.496405906986901, "file": "/home/dylan-l/maude-hcs/use-cases/challenge-problem-3/cp3_scenarios/scenario2/pwnd_cp3_scenario_2-quatex.maude", "line": 4, "column": 1, "nsims": 250, "discarded": 0}, {"mean": 371.2516655805331, "std": 127.58472653986554, "radius": 15.892521130140079, "file": "/home/dylan-l/maude-hcs/use-cases/challenge-problem-3/cp3_scenarios/scenario2/pwnd_cp3_scenario_2-quatex.maude", "line": 5, "column": 1, "nsims": 250, "discarded": 0}, {"mean": 230.05518222222221, "std": 47.04897028140488, "radius": 5.860629047278025, "file": "/home/dylan-l/maude-hcs/use-cases/challenge-problem-3/cp3_scenarios/scenario2/pwnd_cp3_scenario_2-quatex.maude", "line": 6, "column": 1, "nsims": 250, "discarded": 0}, {"mean": 0.06134530819729228, "std": 0.003904041887738297, "radius": 0.00048630482563636674, "file": "/home/dylan-l/maude-hcs/use-cases/challenge-problem-3/cp3_scenarios/scenario2/pwnd_cp3_scenario_2-quatex.maude", "line": 7, "column": 1, "nsims": 250, "discarded": 0}, {"mean": 0.7888636136947013, "std": 2.773880933744158, "radius": 0.34552694940524176, "file": "/home/dylan-l/maude-hcs/use-cases/challenge-problem-3/cp3_scenarios/scenario2/pwnd_cp3_scenario_2-quatex.maude", "line": 8, "column": 1, "nsims": 250, "discarded": 0}, {"mean": 30.760458680065703, "std": 17.313402267403745, "radius": 2.1566344093965966, "file": "/home/dylan-l/maude-hcs/use-cases/challenge-problem-3/cp3_scenarios/scenario2/pwnd_cp3_scenario_2-quatex.maude", "line": 9, "column": 1, "nsims": 250, "discarded": 0}, {"mean": 170.39397491787668, "std": 92.34656097358608, "radius": 11.503098461475393, "file": "/home/dylan-l/maude-hcs/use-cases/challenge-problem-3/cp3_scenarios/scenario2/pwnd_cp3_scenario_2-quatex.maude", "line": 10, "column": 1, "nsims": 250, "discarded": 0}, {"mean": 668.5602861440854, "std": 221.5395062434688, "radius": 27.59594647118674, "file": "/home/dylan-l/maude-hcs/use-cases/challenge-problem-3/cp3_scenarios/scenario2/pwnd_cp3_scenario_2-quatex.maude", "line": 11, "column": 1, "nsims": 250, "discarded": 0}, {"mean": 245.07311999999996, "std": 42.14871864774912, "radius": 5.2502319038037735, "file": "/home/dylan-l/maude-hcs/use-cases/challenge-problem-3/cp3_scenarios/scenario2/pwnd_cp3_scenario_2-quatex.maude", "line": 12, "column": 1, "nsims": 250, "discarded": 0}, {"mean": 0.06145325925148154, "std": 0.003912335357763229, "radius": 0.0004873378971582329, "file": "/home/dylan-l/maude-hcs/use-cases/challenge-problem-3/cp3_scenarios/scenario2/pwnd_cp3_scenario_2-quatex.maude", "line": 13, "column": 1, "nsims": 250, "discarded": 0}, {"mean": 0.5227427871282498, "std": 2.3091904160659684, "radius": 0.28764303123209906, "file": "/home/dylan-l/maude-hcs/use-cases/challenge-problem-3/cp3_scenarios/scenario2/pwnd_cp3_scenario_2-quatex.maude", "line": 14, "column": 1, "nsims": 250, "discarded": 0}, {"mean": 16.656378660685387, "std": 22.788141083974953, "radius": 2.8385922321236716, "file": "/home/dylan-l/maude-hcs/use-cases/challenge-problem-3/cp3_scenarios/scenario2/pwnd_cp3_scenario_2-quatex.maude", "line": 15, "column": 1, "nsims": 250, "discarded": 0}, {"mean": 139.44676371598024, "std": 133.9704875135659, "radius": 16.68795992566743, "file": "/home/dylan-l/maude-hcs/use-cases/challenge-problem-3/cp3_scenarios/scenario2/pwnd_cp3_scenario_2-quatex.maude", "line": 16, "column": 1, "nsims": 250, "discarded": 0}, {"mean": 569.3713193108065, "std": 216.56740380660443, "radius": 26.976599272018685, "file": "/home/dylan-l/maude-hcs/use-cases/challenge-problem-3/cp3_scenarios/scenario2/pwnd_cp3_scenario_2-quatex.maude", "line": 17, "column": 1, "nsims": 250, "discarded": 0}, {"mean": 260.0910577777778, "std": 53.03284118463111, "radius": 6.606006627719353, "file": "/home/dylan-l/maude-hcs/use-cases/challenge-problem-3/cp3_scenarios/scenario2/pwnd_cp3_scenario_2-quatex.maude", "line": 18, "column": 1, "nsims": 250, "discarded": 0}, {"mean": 0.061242689417848266, "std": 0.003895864335988394, "radius": 0.0004852861934105295, "file": "/home/dylan-l/maude-hcs/use-cases/challenge-problem-3/cp3_scenarios/scenario2/pwnd_cp3_scenario_2-quatex.maude", "line": 19, "column": 1, "nsims": 250, "discarded": 0}, {"mean": 0.5332841238086734, "std": 2.1829312125908356, "radius": 0.27191562315182055, "file": "/home/dylan-l/maude-hcs/use-cases/challenge-problem-3/cp3_scenarios/scenario2/pwnd_cp3_scenario_2-quatex.maude", "line": 20, "column": 1, "nsims": 250, "discarded": 0}, {"mean": 33.66942310957958, "std": 21.62381009737735, "radius": 2.693557984617585, "file": "/home/dylan-l/maude-hcs/use-cases/challenge-problem-3/cp3_scenarios/scenario2/pwnd_cp3_scenario_2-quatex.maude", "line": 21, "column": 1, "nsims": 250, "discarded": 0}, {"mean": 249.8713920733393, "std": 157.36974583827572, "radius": 19.602675640003817, "file": "/home/dylan-l/maude-hcs/use-cases/challenge-problem-3/cp3_scenarios/scenario2/pwnd_cp3_scenario_2-quatex.maude", "line": 22, "column": 1, "nsims": 250, "discarded": 0}, {"mean": 1003.5069911008909, "std": 282.6364609959042, "radius": 35.20645496012327, "file": "/home/dylan-l/maude-hcs/use-cases/challenge-problem-3/cp3_scenarios/scenario2/pwnd_cp3_scenario_2-quatex.maude", "line": 23, "column": 1, "nsims": 250, "discarded": 0}, {"mean": 253.97439999999997, "std": 40.192787714408354, "radius": 5.006592445302446, "file": "/home/dylan-l/maude-hcs/use-cases/challenge-problem-3/cp3_scenarios/scenario2/pwnd_cp3_scenario_2-quatex.maude", "line": 24, "column": 1, "nsims": 250, "discarded": 0}, {"mean": 0.06145176139581508, "std": 0.0039116258822748905, "radius": 0.0004872495217351276, "file": "/home/dylan-l/maude-hcs/use-cases/challenge-problem-3/cp3_scenarios/scenario2/pwnd_cp3_scenario_2-quatex.maude", "line": 25, "column": 1, "nsims": 250, "discarded": 0}, {"mean": 0.11833998488418637, "std": 0.8706461205209385, "radius": 0.10845155405753071, "file": "/home/dylan-l/maude-hcs/use-cases/challenge-problem-3/cp3_scenarios/scenario2/pwnd_cp3_scenario_2-quatex.maude", "line": 26, "column": 1, "nsims": 250, "discarded": 0}, {"mean": 13.205049444787337, "std": 39.171185696635945, "radius": 4.879337153118482, "file": "/home/dylan-l/maude-hcs/use-cases/challenge-problem-3/cp3_scenarios/scenario2/pwnd_cp3_scenario_2-quatex.maude", "line": 27, "column": 1, "nsims": 250, "discarded": 0}, {"mean": 73.68953746834565, "std": 111.17886850566568, "radius": 13.848934467867217, "file": "/home/dylan-l/maude-hcs/use-cases/challenge-problem-3/cp3_scenarios/scenario2/pwnd_cp3_scenario_2-quatex.maude", "line": 28, "column": 1, "nsims": 250, "discarded": 0}, {"mean": 421.3626029133086, "std": 315.60590420288503, "radius": 39.313275478738994, "file": "/home/dylan-l/maude-hcs/use-cases/challenge-problem-3/cp3_scenarios/scenario2/pwnd_cp3_scenario_2-quatex.maude", "line": 29, "column": 1, "nsims": 250, "discarded": 0}, {"mean": 271.77696000000003, "std": 50.117307798718535, "radius": 6.242834818695908, "file": "/home/dylan-l/maude-hcs/use-cases/challenge-problem-3/cp3_scenarios/scenario2/pwnd_cp3_scenario_2-quatex.maude", "line": 30, "column": 1, "nsims": 250, "discarded": 0}, {"mean": 0.061169622901837896, "std": 0.0038905451740816293, "radius": 0.0004846236149398104, "file": "/home/dylan-l/maude-hcs/use-cases/challenge-problem-3/cp3_scenarios/scenario2/pwnd_cp3_scenario_2-quatex.maude", "line": 31, "column": 1, "nsims": 250, "discarded": 0}, {"mean": 0.22975143090612402, "std": 1.0619316096081022, "radius": 0.1322789255592209, "file": "/home/dylan-l/maude-hcs/use-cases/challenge-problem-3/cp3_scenarios/scenario2/pwnd_cp3_scenario_2-quatex.maude", "line": 32, "column": 1, "nsims": 250, "discarded": 0}, {"mean": 37.22357004773815, "std": 27.4604103048042, "radius": 3.420590872019884, "file": "/home/dylan-l/maude-hcs/use-cases/challenge-problem-3/cp3_scenarios/scenario2/pwnd_cp3_scenario_2-quatex.maude", "line": 33, "column": 1, "nsims": 250, "discarded": 0}, {"mean": 339.5847873501835, "std": 222.8614102617746, "radius": 27.76060871652516, "file": "/home/dylan-l/maude-hcs/use-cases/challenge-problem-3/cp3_scenarios/scenario2/pwnd_cp3_scenario_2-quatex.maude", "line": 34, "column": 1, "nsims": 250, "discarded": 0}, {"mean": 1353.6676876237445, "std": 356.672262161044, "radius": 44.428683719897144, "file": "/home/dylan-l/maude-hcs/use-cases/challenge-problem-3/cp3_scenarios/scenario2/pwnd_cp3_scenario_2-quatex.maude", "line": 35, "column": 1, "nsims": 250, "discarded": 0}, {"mean": 259.13975111111114, "std": 38.3206259541909, "radius": 4.773387647673325, "file": "/home/dylan-l/maude-hcs/use-cases/challenge-problem-3/cp3_scenarios/scenario2/pwnd_cp3_scenario_2-quatex.maude", "line": 36, "column": 1, "nsims": 250, "discarded": 0}, {"mean": 0.06145010844492208, "std": 0.003913577476946026, "radius": 0.00048749262104951765, "file": "/home/dylan-l/maude-hcs/use-cases/challenge-problem-3/cp3_scenarios/scenario2/pwnd_cp3_scenario_2-quatex.maude", "line": 37, "column": 1, "nsims": 250, "discarded": 0}, {"mean": 0.06320543647580235, "std": 0.004028725639112285, "radius": 0.0005018359883941369, "file": "/home/dylan-l/maude-hcs/use-cases/challenge-problem-3/cp3_scenarios/scenario2/pwnd_cp3_scenario_2-quatex.maude", "line": 38, "column": 1, "nsims": 250, "discarded": 0}, {"mean": 6.060727914495726, "std": 12.14204307361457, "radius": 1.51246690214283, "file": "/home/dylan-l/maude-hcs/use-cases/challenge-problem-3/cp3_scenarios/scenario2/pwnd_cp3_scenario_2-quatex.maude", "line": 39, "column": 1, "nsims": 250, "discarded": 0}, {"mean": 53.25625479342536, "std": 99.56010674789161, "radius": 12.40164981437234, "file": "/home/dylan-l/maude-hcs/use-cases/challenge-problem-3/cp3_scenarios/scenario2/pwnd_cp3_scenario_2-quatex.maude", "line": 40, "column": 1, "nsims": 250, "discarded": 0}, {"mean": 277.00606711461586, "std": 292.9798795719092, "radius": 36.49487719321618, "file": "/home/dylan-l/maude-hcs/use-cases/challenge-problem-3/cp3_scenarios/scenario2/pwnd_cp3_scenario_2-quatex.maude", "line": 41, "column": 1, "nsims": 250, "discarded": 0}, {"mean": 274.6358044444445, "std": 50.62542602510427, "radius": 6.306128285464607, "file": "/home/dylan-l/maude-hcs/use-cases/challenge-problem-3/cp3_scenarios/scenario2/pwnd_cp3_scenario_2-quatex.maude", "line": 42, "column": 1, "nsims": 250, "discarded": 0}, {"mean": 0.06113032689116682, "std": 0.003887507676133794, "radius": 0.0004842452506823642, "file": "/home/dylan-l/maude-hcs/use-cases/challenge-problem-3/cp3_scenarios/scenario2/pwnd_cp3_scenario_2-quatex.maude", "line": 43, "column": 1, "nsims": 250, "discarded": 0}, {"mean": 0.13798181762969278, "std": 0.8576888579211494, "radius": 0.1068375397845011, "file": "/home/dylan-l/maude-hcs/use-cases/challenge-problem-3/cp3_scenarios/scenario2/pwnd_cp3_scenario_2-quatex.maude", "line": 44, "column": 1, "nsims": 250, "discarded": 0}, {"mean": 41.05125754208761, "std": 36.52479504872893, "radius": 4.549690960889307, "file": "/home/dylan-l/maude-hcs/use-cases/challenge-problem-3/cp3_scenarios/scenario2/pwnd_cp3_scenario_2-quatex.maude", "line": 45, "column": 1, "nsims": 250, "discarded": 0}, {"mean": 438.19073537120914, "std": 291.0112344039411, "radius": 36.24965399308725, "file": "/home/dylan-l/maude-hcs/use-cases/challenge-problem-3/cp3_scenarios/scenario2/pwnd_cp3_scenario_2-quatex.maude", "line": 46, "column": 1, "nsims": 250, "discarded": 0}, {"mean": 1721.571496708589, "std": 408.60314709025647, "radius": 50.89742577411554, "file": "/home/dylan-l/maude-hcs/use-cases/challenge-problem-3/cp3_scenarios/scenario2/pwnd_cp3_scenario_2-quatex.maude", "line": 47, "column": 1, "nsims": 250, "discarded": 0}, {"mean": 262.84584533333344, "std": 37.3878830225021, "radius": 4.657201038563643, "file": "/home/dylan-l/maude-hcs/use-cases/challenge-problem-3/cp3_scenarios/scenario2/pwnd_cp3_scenario_2-quatex.maude", "line": 48, "column": 1, "nsims": 250, "discarded": 0}, {"mean": 0.06147875168756764, "std": 0.003913615020624628, "radius": 0.0004874972976571468, "file": "/home/dylan-l/maude-hcs/use-cases/challenge-problem-3/cp3_scenarios/scenario2/pwnd_cp3_scenario_2-quatex.maude", "line": 49, "column": 1, "nsims": 250, "discarded": 0}, {"mean": 0.08791854558556224, "std": 0.3917294180501047, "radius": 0.04879555901790097, "file": "/home/dylan-l/maude-hcs/use-cases/challenge-problem-3/cp3_scenarios/scenario2/pwnd_cp3_scenario_2-quatex.maude", "line": 50, "column": 1, "nsims": 250, "discarded": 0}, {"mean": 3.8549703756948874, "std": 6.5418062663004735, "radius": 0.8148764913798483, "file": "/home/dylan-l/maude-hcs/use-cases/challenge-problem-3/cp3_scenarios/scenario2/pwnd_cp3_scenario_2-quatex.maude", "line": 51, "column": 1, "nsims": 250, "discarded": 0}, {"mean": 34.00538746374324, "std": 61.25339497590004, "radius": 7.629995379134458, "file": "/home/dylan-l/maude-hcs/use-cases/challenge-problem-3/cp3_scenarios/scenario2/pwnd_cp3_scenario_2-quatex.maude", "line": 52, "column": 1, "nsims": 250, "discarded": 0}, {"mean": 218.97572208381473, "std": 276.7829603630633, "radius": 34.47731688054566, "file": "/home/dylan-l/maude-hcs/use-cases/challenge-problem-3/cp3_scenarios/scenario2/pwnd_cp3_scenario_2-quatex.maude", "line": 53, "column": 1, "nsims": 250, "discarded": 0}, {"mean": 277.67022222222226, "std": 50.348672901952014, "radius": 6.2716546852397785, "file": "/home/dylan-l/maude-hcs/use-cases/challenge-problem-3/cp3_scenarios/scenario2/pwnd_cp3_scenario_2-quatex.maude", "line": 54, "column": 1, "nsims": 250, "discarded": 0}, {"mean": 0.061088070730681406, "std": 0.003884084141544474, "radius": 0.00048381879998347487, "file": "/home/dylan-l/maude-hcs/use-cases/challenge-problem-3/cp3_scenarios/scenario2/pwnd_cp3_scenario_2-quatex.maude", "line": 55, "column": 1, "nsims": 250, "discarded": 0}, {"mean": 0.11688374321236782, "std": 0.7671761081578611, "radius": 0.09556286900554489, "file": "/home/dylan-l/maude-hcs/use-cases/challenge-problem-3/cp3_scenarios/scenario2/pwnd_cp3_scenario_2-quatex.maude", "line": 56, "column": 1, "nsims": 250, "discarded": 0}, {"mean": 44.423361562853906, "std": 44.83644217071557, "radius": 5.58502670282991, "file": "/home/dylan-l/maude-hcs/use-cases/challenge-problem-3/cp3_scenarios/scenario2/pwnd_cp3_scenario_2-quatex.maude", "line": 57, "column": 1, "nsims": 250, "discarded": 0}, {"mean": 541.3871750956769, "std": 354.6531306877486, "radius": 44.17717172097578, "file": "/home/dylan-l/maude-hcs/use-cases/challenge-problem-3/cp3_scenarios/scenario2/pwnd_cp3_scenario_2-quatex.maude", "line": 58, "column": 1, "nsims": 250, "discarded": 0}, {"mean": 2094.0966862921427, "std": 464.07438847293685, "radius": 57.80717037833263, "file": "/home/dylan-l/maude-hcs/use-cases/challenge-problem-3/cp3_scenarios/scenario2/pwnd_cp3_scenario_2-quatex.maude", "line": 59, "column": 1, "nsims": 250, "discarded": 0}, {"mean": 265.13073777777765, "std": 36.65254551353658, "radius": 4.565604127115409, "file": "/home/dylan-l/maude-hcs/use-cases/challenge-problem-3/cp3_scenarios/scenario2/pwnd_cp3_scenario_2-quatex.maude", "line": 60, "column": 1, "nsims": 250, "discarded": 0}, {"mean": 0.061443201738165955, "std": 0.003911639846633508, "radius": 0.0004872512611977609, "file": "/home/dylan-l/maude-hcs/use-cases/challenge-problem-3/cp3_scenarios/scenario2/pwnd_cp3_scenario_2-quatex.maude", "line": 61, "column": 1, "nsims": 250, "discarded": 0}, {"mean": 0.13965970794083113, "std": 0.9213040296603369, "radius": 0.11476172858422098, "file": "/home/dylan-l/maude-hcs/use-cases/challenge-problem-3/cp3_scenarios/scenario2/pwnd_cp3_scenario_2-quatex.maude", "line": 62, "column": 1, "nsims": 250, "discarded": 0}, {"mean": 4.713172263266377, "std": 8.239543895142807, "radius": 1.026354243235828, "file": "/home/dylan-l/maude-hcs/use-cases/challenge-problem-3/cp3_scenarios/scenario2/pwnd_cp3_scenario_2-quatex.maude", "line": 63, "column": 1, "nsims": 250, "discarded": 0}, {"mean": 29.286178225358597, "std": 49.02401900101702, "radius": 6.1066499022875345, "file": "/home/dylan-l/maude-hcs/use-cases/challenge-problem-3/cp3_scenarios/scenario2/pwnd_cp3_scenario_2-quatex.maude", "line": 64, "column": 1, "nsims": 250, "discarded": 0}, {"mean": 169.5729438513978, "std": 239.08765742704358, "radius": 29.78182224992044, "file": "/home/dylan-l/maude-hcs/use-cases/challenge-problem-3/cp3_scenarios/scenario2/pwnd_cp3_scenario_2-quatex.maude", "line": 65, "column": 1, "nsims": 250, "discarded": 0}, {"mean": 276.55519999999996, "std": 49.914857984568286, "radius": 6.217616769197088, "file": "/home/dylan-l/maude-hcs/use-cases/challenge-problem-3/cp3_scenarios/scenario2/pwnd_cp3_scenario_2-quatex.maude", "line": 66, "column": 1, "nsims": 250, "discarded": 0}, {"mean": 0.06106584145666642, "std": 0.003882638992472003, "radius": 0.0004836387857859034, "file": "/home/dylan-l/maude-hcs/use-cases/challenge-problem-3/cp3_scenarios/scenario2/pwnd_cp3_scenario_2-quatex.maude", "line": 67, "column": 1, "nsims": 250, "discarded": 0}, {"mean": 0.15851295902585202, "std": 0.8779116573834468, "radius": 0.10935658165166946, "file": "/home/dylan-l/maude-hcs/use-cases/challenge-problem-3/cp3_scenarios/scenario2/pwnd_cp3_scenario_2-quatex.maude", "line": 68, "column": 1, "nsims": 250, "discarded": 0}, {"mean": 50.168359239982486, "std": 60.23128586753622, "radius": 7.50267692149051, "file": "/home/dylan-l/maude-hcs/use-cases/challenge-problem-3/cp3_scenarios/scenario2/pwnd_cp3_scenario_2-quatex.maude", "line": 69, "column": 1, "nsims": 250, "discarded": 0}, {"mean": 644.8509484095821, "std": 419.9184997829343, "radius": 52.30691644467147, "file": "/home/dylan-l/maude-hcs/use-cases/challenge-problem-3/cp3_scenarios/scenario2/pwnd_cp3_scenario_2-quatex.maude", "line": 70, "column": 1, "nsims": 250, "discarded": 0}, {"mean": 2470.847170942986, "std": 502.3900093695686, "radius": 62.579934573770146, "file": "/home/dylan-l/maude-hcs/use-cases/challenge-problem-3/cp3_scenarios/scenario2/pwnd_cp3_scenario_2-quatex.maude", "line": 71, "column": 1, "nsims": 250, "discarded": 0}, {"mean": 266.05214984126985, "std": 36.12902124766747, "radius": 4.500391615531068, "file": "/home/dylan-l/maude-hcs/use-cases/challenge-problem-3/cp3_scenarios/scenario2/pwnd_cp3_scenario_2-quatex.maude", "line": 72, "column": 1, "nsims": 250, "discarded": 0}, {"mean": 0.061440628316104265, "std": 0.003911844571396586, "radius": 0.00048727676262501883, "file": "/home/dylan-l/maude-hcs/use-cases/challenge-problem-3/cp3_scenarios/scenario2/pwnd_cp3_scenario_2-quatex.maude", "line": 73, "column": 1, "nsims": 250, "discarded": 0}, {"mean": 0.12328445359056422, "std": 0.9514652304182544, "radius": 0.11851874193021758, "file": "/home/dylan-l/maude-hcs/use-cases/challenge-problem-3/cp3_scenarios/scenario2/pwnd_cp3_scenario_2-quatex.maude", "line": 74, "column": 1, "nsims": 250, "discarded": 0}, {"mean": 3.566809308582633, "std": 6.902416691314724, "radius": 0.8597957301846362, "file": "/home/dylan-l/maude-hcs/use-cases/challenge-problem-3/cp3_scenarios/scenario2/pwnd_cp3_scenario_2-quatex.maude", "line": 75, "column": 1, "nsims": 250, "discarded": 0}, {"mean": 27.811216994210927, "std": 59.61900887546591, "radius": 7.426408975492008, "file": "/home/dylan-l/maude-hcs/use-cases/challenge-problem-3/cp3_scenarios/scenario2/pwnd_cp3_scenario_2-quatex.maude", "line": 76, "column": 1, "nsims": 250, "discarded": 0}, {"mean": 157.847907862458, "std": 235.37591289734996, "radius": 29.319470838684666, "file": "/home/dylan-l/maude-hcs/use-cases/challenge-problem-3/cp3_scenarios/scenario2/pwnd_cp3_scenario_2-quatex.maude", "line": 77, "column": 1, "nsims": 250, "discarded": 0}, {"mean": 271.58062222222253, "std": 51.05699207524688, "radius": 6.3598860725991, "file": "/home/dylan-l/maude-hcs/use-cases/challenge-problem-3/cp3_scenarios/scenario2/pwnd_cp3_scenario_2-quatex.maude", "line": 78, "column": 1, "nsims": 250, "discarded": 0}, {"mean": 0.061040165637084955, "std": 0.0038810644488683254, "radius": 0.0004834426536298811, "file": "/home/dylan-l/maude-hcs/use-cases/challenge-problem-3/cp3_scenarios/scenario2/pwnd_cp3_scenario_2-quatex.maude", "line": 79, "column": 1, "nsims": 250, "discarded": 0}, {"mean": 0.09117251295458743, "std": 0.4344925048420296, "radius": 0.054122319350912516, "file": "/home/dylan-l/maude-hcs/use-cases/challenge-problem-3/cp3_scenarios/scenario2/pwnd_cp3_scenario_2-quatex.maude", "line": 80, "column": 1, "nsims": 250, "discarded": 0}, {"mean": 55.60961646010223, "std": 76.48369776805313, "radius": 9.527149650708598, "file": "/home/dylan-l/maude-hcs/use-cases/challenge-problem-3/cp3_scenarios/scenario2/pwnd_cp3_scenario_2-quatex.maude", "line": 81, "column": 1, "nsims": 250, "discarded": 0}, {"mean": 747.1004788765198, "std": 488.2102199081226, "radius": 60.81363691613827, "file": "/home/dylan-l/maude-hcs/use-cases/challenge-problem-3/cp3_scenarios/scenario2/pwnd_cp3_scenario_2-quatex.maude", "line": 82, "column": 1, "nsims": 250, "discarded": 0}, {"mean": 2827.1660301196525, "std": 543.9076584695531, "radius": 67.75155764723479, "file": "/home/dylan-l/maude-hcs/use-cases/challenge-problem-3/cp3_scenarios/scenario2/pwnd_cp3_scenario_2-quatex.maude", "line": 83, "column": 1, "nsims": 250, "discarded": 0}, {"mean": 267.5471777777778, "std": 35.878199594718495, "radius": 4.469148154597344, "file": "/home/dylan-l/maude-hcs/use-cases/challenge-problem-3/cp3_scenarios/scenario2/pwnd_cp3_scenario_2-quatex.maude", "line": 84, "column": 1, "nsims": 250, "discarded": 0}, {"mean": 0.06143326435457493, "std": 0.003911325337922478, "radius": 0.000487212084593545, "file": "/home/dylan-l/maude-hcs/use-cases/challenge-problem-3/cp3_scenarios/scenario2/pwnd_cp3_scenario_2-quatex.maude", "line": 85, "column": 1, "nsims": 250, "discarded": 0}, {"mean": 0.06310645646251214, "std": 0.004018195550857548, "radius": 0.0005005243137554147, "file": "/home/dylan-l/maude-hcs/use-cases/challenge-problem-3/cp3_scenarios/scenario2/pwnd_cp3_scenario_2-quatex.maude", "line": 86, "column": 1, "nsims": 250, "discarded": 0}, {"mean": 3.4138511373101066, "std": 6.564282774525184, "radius": 0.8176762652366459, "file": "/home/dylan-l/maude-hcs/use-cases/challenge-problem-3/cp3_scenarios/scenario2/pwnd_cp3_scenario_2-quatex.maude", "line": 87, "column": 1, "nsims": 250, "discarded": 0}, {"mean": 24.95905618215036, "std": 43.727486656748425, "radius": 5.446890270546212, "file": "/home/dylan-l/maude-hcs/use-cases/challenge-problem-3/cp3_scenarios/scenario2/pwnd_cp3_scenario_2-quatex.maude", "line": 88, "column": 1, "nsims": 250, "discarded": 0}, {"mean": 155.19715579679848, "std": 224.53748701174612, "radius": 27.96938829294519, "file": "/home/dylan-l/maude-hcs/use-cases/challenge-problem-3/cp3_scenarios/scenario2/pwnd_cp3_scenario_2-quatex.maude", "line": 89, "column": 1, "nsims": 250, "discarded": 0}, {"mean": 278.01237333333347, "std": 52.11493947556767, "radius": 6.491668707324749, "file": "/home/dylan-l/maude-hcs/use-cases/challenge-problem-3/cp3_scenarios/scenario2/pwnd_cp3_scenario_2-quatex.maude", "line": 90, "column": 1, "nsims": 250, "discarded": 0}, {"mean": 0.6747708482609829, "std": 0.08885019852661212, "radius": 0.011067576000643847, "file": "/home/dylan-l/maude-hcs/use-cases/challenge-problem-3/cp3_scenarios/scenario2/pwnd_cp3_scenario_2-quatex.maude", "line": 91, "column": 1, "nsims": 250, "discarded": 0}, {"mean": 0.6554986575099889, "std": 0.08542477848249058, "radius": 0.010640890441116494, "file": "/home/dylan-l/maude-hcs/use-cases/challenge-problem-3/cp3_scenarios/scenario2/pwnd_cp3_scenario_2-quatex.maude", "line": 92, "column": 1, "nsims": 250, "discarded": 0}, {"mean": 0.6143106808863827, "std": 0.09283274756633932, "radius": 0.01156366002639051, "file": "/home/dylan-l/maude-hcs/use-cases/challenge-problem-3/cp3_scenarios/scenario2/pwnd_cp3_scenario_2-quatex.maude", "line": 93, "column": 1, "nsims": 250, "discarded": 0}, {"mean": 0.6472198259055554, "std": 0.087681807064793, "radius": 0.010922035962280138, "file": "/home/dylan-l/maude-hcs/use-cases/challenge-problem-3/cp3_scenarios/scenario2/pwnd_cp3_scenario_2-quatex.maude", "line": 94, "column": 1, "nsims": 250, "discarded": 0}, {"mean": 0.5900862022952975, "std": 0.09523660766989585, "radius": 0.011863095535058044, "file": "/home/dylan-l/maude-hcs/use-cases/challenge-problem-3/cp3_scenarios/scenario2/pwnd_cp3_scenario_2-quatex.maude", "line": 95, "column": 1, "nsims": 250, "discarded": 0}, {"mean": 0.6408276885298723, "std": 0.08542968967617122, "radius": 0.010641502201250019, "file": "/home/dylan-l/maude-hcs/use-cases/challenge-problem-3/cp3_scenarios/scenario2/pwnd_cp3_scenario_2-quatex.maude", "line": 96, "column": 1, "nsims": 250, "discarded": 0}, {"mean": 0.5825620467743966, "std": 0.08151512807504689, "radius": 0.010153886993314732, "file": "/home/dylan-l/maude-hcs/use-cases/challenge-problem-3/cp3_scenarios/scenario2/pwnd_cp3_scenario_2-quatex.maude", "line": 97, "column": 1, "nsims": 250, "discarded": 0}, {"mean": 0.6336511850323595, "std": 0.08332534740040681, "radius": 0.010379375965691696, "file": "/home/dylan-l/maude-hcs/use-cases/challenge-problem-3/cp3_scenarios/scenario2/pwnd_cp3_scenario_2-quatex.maude", "line": 98, "column": 1, "nsims": 250, "discarded": 0}, {"mean": 0.5766643767404417, "std": 0.08717126090565927, "radius": 0.010858440061407085, "file": "/home/dylan-l/maude-hcs/use-cases/challenge-problem-3/cp3_scenarios/scenario2/pwnd_cp3_scenario_2-quatex.maude", "line": 99, "column": 1, "nsims": 250, "discarded": 0}, {"mean": 0.6269153896423247, "std": 0.08127314259577494, "radius": 0.010123744205484128, "file": "/home/dylan-l/maude-hcs/use-cases/challenge-problem-3/cp3_scenarios/scenario2/pwnd_cp3_scenario_2-quatex.maude", "line": 100, "column": 1, "nsims": 250, "discarded": 0}, {"mean": 0.5685107002246109, "std": 0.08742177461661885, "radius": 0.010889645163716655, "file": "/home/dylan-l/maude-hcs/use-cases/challenge-problem-3/cp3_scenarios/scenario2/pwnd_cp3_scenario_2-quatex.maude", "line": 101, "column": 1, "nsims": 250, "discarded": 0}, {"mean": 0.6223469652664967, "std": 0.08110876540715874, "radius": 0.010103268651597358, "file": "/home/dylan-l/maude-hcs/use-cases/challenge-problem-3/cp3_scenarios/scenario2/pwnd_cp3_scenario_2-quatex.maude", "line": 102, "column": 1, "nsims": 250, "discarded": 0}, {"mean": 0.5661960209427838, "std": 0.08779462782203422, "radius": 0.010936089417713254, "file": "/home/dylan-l/maude-hcs/use-cases/challenge-problem-3/cp3_scenarios/scenario2/pwnd_cp3_scenario_2-quatex.maude", "line": 103, "column": 1, "nsims": 250, "discarded": 0}, {"mean": 0.6171491501449217, "std": 0.07929661342614919, "radius": 0.009877538939034775, "file": "/home/dylan-l/maude-hcs/use-cases/challenge-problem-3/cp3_scenarios/scenario2/pwnd_cp3_scenario_2-quatex.maude", "line": 104, "column": 1, "nsims": 250, "discarded": 0}, {"mean": 0.5646134732648374, "std": 0.08875856843621767, "radius": 0.011056162148945106, "file": "/home/dylan-l/maude-hcs/use-cases/challenge-problem-3/cp3_scenarios/scenario2/pwnd_cp3_scenario_2-quatex.maude", "line": 105, "column": 1, "nsims": 250, "discarded": 0}, {"mean": 0.7336773139283765, "std": 0.13864716025299548, "radius": 0.017270507087430644, "file": "/home/dylan-l/maude-hcs/use-cases/challenge-problem-3/cp3_scenarios/scenario2/pwnd_cp3_scenario_2-quatex.maude", "line": 106, "column": 1, "nsims": 250, "discarded": 0}, {"mean": 0.7400876585389523, "std": 0.1393219131626171, "radius": 0.01735455731165897, "file": "/home/dylan-l/maude-hcs/use-cases/challenge-problem-3/cp3_scenarios/scenario2/pwnd_cp3_scenario_2-quatex.maude", "line": 107, "column": 1, "nsims": 250, "discarded": 0}, {"mean": 0.7323766676819634, "std": 0.13785140689466455, "radius": 0.017171384509010547, "file": "/home/dylan-l/maude-hcs/use-cases/challenge-problem-3/cp3_scenarios/scenario2/pwnd_cp3_scenario_2-quatex.maude", "line": 108, "column": 1, "nsims": 250, "discarded": 0}, {"mean": 0.49294175289464154, "std": 0.1339322093563211, "radius": 0.01668319182811113, "file": "/home/dylan-l/maude-hcs/use-cases/challenge-problem-3/cp3_scenarios/scenario2/pwnd_cp3_scenario_2-quatex.maude", "line": 109, "column": 1, "nsims": 250, "discarded": 0}, {"mean": 0.7224822814724454, "std": 0.13932487448167688, "radius": 0.017354926186735217, "file": "/home/dylan-l/maude-hcs/use-cases/challenge-problem-3/cp3_scenarios/scenario2/pwnd_cp3_scenario_2-quatex.maude", "line": 110, "column": 1, "nsims": 250, "discarded": 0}, {"mean": 0.7177161489770789, "std": 0.13721440772061522, "radius": 0.017092037058041975, "file": "/home/dylan-l/maude-hcs/use-cases/challenge-problem-3/cp3_scenarios/scenario2/pwnd_cp3_scenario_2-quatex.maude", "line": 111, "column": 1, "nsims": 250, "discarded": 0}, {"mean": 0.7221077189025233, "std": 0.13943809704220733, "radius": 0.017369029692573562, "file": "/home/dylan-l/maude-hcs/use-cases/challenge-problem-3/cp3_scenarios/scenario2/pwnd_cp3_scenario_2-quatex.maude", "line": 112, "column": 1, "nsims": 250, "discarded": 0}, {"mean": 0.45968848068791, "std": 0.1325988477756482, "radius": 0.01651710237783246, "file": "/home/dylan-l/maude-hcs/use-cases/challenge-problem-3/cp3_scenarios/scenario2/pwnd_cp3_scenario_2-quatex.maude", "line": 113, "column": 1, "nsims": 250, "discarded": 0}, {"mean": 0.7352339986645289, "std": 0.17023419927415714, "radius": 0.021205129190692472, "file": "/home/dylan-l/maude-hcs/use-cases/challenge-problem-3/cp3_scenarios/scenario2/pwnd_cp3_scenario_2-quatex.maude", "line": 114, "column": 1, "nsims": 250, "discarded": 0}, {"mean": 0.6717932126150032, "std": 0.19968151228240807, "radius": 0.024873217502683693, "file": "/home/dylan-l/maude-hcs/use-cases/challenge-problem-3/cp3_scenarios/scenario2/pwnd_cp3_scenario_2-quatex.maude", "line": 115, "column": 1, "nsims": 250, "discarded": 0}, {"mean": 0.7349665628884058, "std": 0.17033929591985267, "radius": 0.021218220496428828, "file": "/home/dylan-l/maude-hcs/use-cases/challenge-problem-3/cp3_scenarios/scenario2/pwnd_cp3_scenario_2-quatex.maude", "line": 116, "column": 1, "nsims": 250, "discarded": 0}, {"mean": 0.31524894937759435, "std": 0.175914952193514, "radius": 0.021912749046567415, "file": "/home/dylan-l/maude-hcs/use-cases/challenge-problem-3/cp3_scenarios/scenario2/pwnd_cp3_scenario_2-quatex.maude", "line": 117, "column": 1, "nsims": 250, "discarded": 0}, {"mean": 0.7219374086951559, "std": 0.14084063447888218, "radius": 0.01754373599522181, "file": "/home/dylan-l/maude-hcs/use-cases/challenge-problem-3/cp3_scenarios/scenario2/pwnd_cp3_scenario_2-quatex.maude", "line": 118, "column": 1, "nsims": 250, "discarded": 0}, {"mean": 0.7031634906984032, "std": 0.13844178426734557, "radius": 0.017244924540992027, "file": "/home/dylan-l/maude-hcs/use-cases/challenge-problem-3/cp3_scenarios/scenario2/pwnd_cp3_scenario_2-quatex.maude", "line": 119, "column": 1, "nsims": 250, "discarded": 0}, {"mean": 0.7217913059353909, "std": 0.14111284894709183, "radius": 0.017577644240395655, "file": "/home/dylan-l/maude-hcs/use-cases/challenge-problem-3/cp3_scenarios/scenario2/pwnd_cp3_scenario_2-quatex.maude", "line": 120, "column": 1, "nsims": 250, "discarded": 0}, {"mean": 0.441987098293273, "std": 0.13000382930593077, "radius": 0.016193855332660465, "file": "/home/dylan-l/maude-hcs/use-cases/challenge-problem-3/cp3_scenarios/scenario2/pwnd_cp3_scenario_2-quatex.maude", "line": 121, "column": 1, "nsims": 250, "discarded": 0}, {"mean": 0.7442844679466312, "std": 0.18400067548624607, "radius": 0.02291994271125782, "file": "/home/dylan-l/maude-hcs/use-cases/challenge-problem-3/cp3_scenarios/scenario2/pwnd_cp3_scenario_2-quatex.maude", "line": 122, "column": 1, "nsims": 250, "discarded": 0}, {"mean": 0.5980092497092768, "std": 0.2394027233472061, "radius": 0.029821068262584863, "file": "/home/dylan-l/maude-hcs/use-cases/challenge-problem-3/cp3_scenarios/scenario2/pwnd_cp3_scenario_2-quatex.maude", "line": 123, "column": 1, "nsims": 250, "discarded": 0}, {"mean": 0.7443028380058737, "std": 0.183634226466359, "radius": 0.022874296191101234, "file": "/home/dylan-l/maude-hcs/use-cases/challenge-problem-3/cp3_scenarios/scenario2/pwnd_cp3_scenario_2-quatex.maude", "line": 124, "column": 1, "nsims": 250, "discarded": 0}, {"mean": 0.2737482535194075, "std": 0.16668313779732688, "radius": 0.02076279317535981, "file": "/home/dylan-l/maude-hcs/use-cases/challenge-problem-3/cp3_scenarios/scenario2/pwnd_cp3_scenario_2-quatex.maude", "line": 125, "column": 1, "nsims": 250, "discarded": 0}, {"mean": 0.7216606959738948, "std": 0.13670484261880608, "radius": 0.017028563362033754, "file": "/home/dylan-l/maude-hcs/use-cases/challenge-problem-3/cp3_scenarios/scenario2/pwnd_cp3_scenario_2-quatex.maude", "line": 126, "column": 1, "nsims": 250, "discarded": 0}, {"mean": 0.6891577554730854, "std": 0.14175351989040316, "radius": 0.01765744906327828, "file": "/home/dylan-l/maude-hcs/use-cases/challenge-problem-3/cp3_scenarios/scenario2/pwnd_cp3_scenario_2-quatex.maude", "line": 127, "column": 1, "nsims": 250, "discarded": 0}, {"mean": 0.7216430642880848, "std": 0.13710140287361658, "radius": 0.017077960671569706, "file": "/home/dylan-l/maude-hcs/use-cases/challenge-problem-3/cp3_scenarios/scenario2/pwnd_cp3_scenario_2-quatex.maude", "line": 128, "column": 1, "nsims": 250, "discarded": 0}, {"mean": 0.43084923838442524, "std": 0.1332113902707179, "radius": 0.016593403396065718, "file": "/home/dylan-l/maude-hcs/use-cases/challenge-problem-3/cp3_scenarios/scenario2/pwnd_cp3_scenario_2-quatex.maude", "line": 129, "column": 1, "nsims": 250, "discarded": 0}, {"mean": 0.7467838573588076, "std": 0.17011667332489133, "radius": 0.021190489635608555, "file": "/home/dylan-l/maude-hcs/use-cases/challenge-problem-3/cp3_scenarios/scenario2/pwnd_cp3_scenario_2-quatex.maude", "line": 130, "column": 1, "nsims": 250, "discarded": 0}, {"mean": 0.5682631074551627, "std": 0.2430190562364785, "radius": 0.0302715347754274, "file": "/home/dylan-l/maude-hcs/use-cases/challenge-problem-3/cp3_scenarios/scenario2/pwnd_cp3_scenario_2-quatex.maude", "line": 131, "column": 1, "nsims": 250, "discarded": 0}, {"mean": 0.7467696236171918, "std": 0.17048804979750223, "radius": 0.021236749941197418, "file": "/home/dylan-l/maude-hcs/use-cases/challenge-problem-3/cp3_scenarios/scenario2/pwnd_cp3_scenario_2-quatex.maude", "line": 132, "column": 1, "nsims": 250, "discarded": 0}, {"mean": 0.26843159866642136, "std": 0.1638761851588207, "radius": 0.02041314666728172, "file": "/home/dylan-l/maude-hcs/use-cases/challenge-problem-3/cp3_scenarios/scenario2/pwnd_cp3_scenario_2-quatex.maude", "line": 133, "column": 1, "nsims": 250, "discarded": 0}, {"mean": 0.7170195907720935, "std": 0.1329840116323968, "radius": 0.01656508010132611, "file": "/home/dylan-l/maude-hcs/use-cases/challenge-problem-3/cp3_scenarios/scenario2/pwnd_cp3_scenario_2-quatex.maude", "line": 134, "column": 1, "nsims": 250, "discarded": 0}, {"mean": 0.681537739400614, "std": 0.14083216918120156, "radius": 0.01754268152008273, "file": "/home/dylan-l/maude-hcs/use-cases/challenge-problem-3/cp3_scenarios/scenario2/pwnd_cp3_scenario_2-quatex.maude", "line": 135, "column": 1, "nsims": 250, "discarded": 0}, {"mean": 0.7169283965943, "std": 0.13319054153152735, "radius": 0.016590806384361348, "file": "/home/dylan-l/maude-hcs/use-cases/challenge-problem-3/cp3_scenarios/scenario2/pwnd_cp3_scenario_2-quatex.maude", "line": 136, "column": 1, "nsims": 250, "discarded": 0}, {"mean": 0.4191190133624304, "std": 0.13269396547475987, "radius": 0.016528950661588507, "file": "/home/dylan-l/maude-hcs/use-cases/challenge-problem-3/cp3_scenarios/scenario2/pwnd_cp3_scenario_2-quatex.maude", "line": 137, "column": 1, "nsims": 250, "discarded": 0}, {"mean": 0.7397378100891063, "std": 0.18038793819343088, "radius": 0.022469924081905894, "file": "/home/dylan-l/maude-hcs/use-cases/challenge-problem-3/cp3_scenarios/scenario2/pwnd_cp3_scenario_2-quatex.maude", "line": 138, "column": 1, "nsims": 250, "discarded": 0}, {"mean": 0.5599577749198664, "std": 0.25013601959207243, "radius": 0.031158055392578758, "file": "/home/dylan-l/maude-hcs/use-cases/challenge-problem-3/cp3_scenarios/scenario2/pwnd_cp3_scenario_2-quatex.maude", "line": 139, "column": 1, "nsims": 250, "discarded": 0}, {"mean": 0.7398520447843758, "std": 0.18024536937704355, "radius": 0.02245216507588391, "file": "/home/dylan-l/maude-hcs/use-cases/challenge-problem-3/cp3_scenarios/scenario2/pwnd_cp3_scenario_2-quatex.maude", "line": 140, "column": 1, "nsims": 250, "discarded": 0}, {"mean": 0.2671098771684186, "std": 0.16437282933557096, "radius": 0.020475010875382667, "file": "/home/dylan-l/maude-hcs/use-cases/challenge-problem-3/cp3_scenarios/scenario2/pwnd_cp3_scenario_2-quatex.maude", "line": 141, "column": 1, "nsims": 250, "discarded": 0}, {"mean": 0.7125415190651647, "std": 0.12997041668274142, "radius": 0.01618969330767165, "file": "/home/dylan-l/maude-hcs/use-cases/challenge-problem-3/cp3_scenarios/scenario2/pwnd_cp3_scenario_2-quatex.maude", "line": 142, "column": 1, "nsims": 250, "discarded": 0}, {"mean": 0.6749154154855433, "std": 0.1452186097645836, "radius": 0.018089076073318857, "file": "/home/dylan-l/maude-hcs/use-cases/challenge-problem-3/cp3_scenarios/scenario2/pwnd_cp3_scenario_2-quatex.maude", "line": 143, "column": 1, "nsims": 250, "discarded": 0}, {"mean": 0.7124452443671204, "std": 0.13009894932026494, "radius": 0.016205703904810933, "file": "/home/dylan-l/maude-hcs/use-cases/challenge-problem-3/cp3_scenarios/scenario2/pwnd_cp3_scenario_2-quatex.maude", "line": 144, "column": 1, "nsims": 250, "discarded": 0}, {"mean": 0.40775937965146986, "std": 0.1288045761297686, "radius": 0.016044471021862183, "file": "/home/dylan-l/maude-hcs/use-cases/challenge-problem-3/cp3_scenarios/scenario2/pwnd_cp3_scenario_2-quatex.maude", "line": 145, "column": 1, "nsims": 250, "discarded": 0}, {"mean": 0.7346710001693101, "std": 0.1835966622957346, "radius": 0.02286961703089472, "file": "/home/dylan-l/maude-hcs/use-cases/challenge-problem-3/cp3_scenarios/scenario2/pwnd_cp3_scenario_2-quatex.maude", "line": 146, "column": 1, "nsims": 250, "discarded": 0}, {"mean": 0.5406647912553726, "std": 0.24214915490778105, "radius": 0.030163175995952793, "file": "/home/dylan-l/maude-hcs/use-cases/challenge-problem-3/cp3_scenarios/scenario2/pwnd_cp3_scenario_2-quatex.maude", "line": 147, "column": 1, "nsims": 250, "discarded": 0}, {"mean": 0.7346317942722707, "std": 0.18364763037027376, "radius": 0.022875965841003452, "file": "/home/dylan-l/maude-hcs/use-cases/challenge-problem-3/cp3_scenarios/scenario2/pwnd_cp3_scenario_2-quatex.maude", "line": 148, "column": 1, "nsims": 250, "discarded": 0}, {"mean": 0.26407521520148924, "std": 0.16029306165558416, "radius": 0.019966816863304006, "file": "/home/dylan-l/maude-hcs/use-cases/challenge-problem-3/cp3_scenarios/scenario2/pwnd_cp3_scenario_2-quatex.maude", "line": 149, "column": 1, "nsims": 250, "discarded": 0}, {"mean": 0.7097298096882061, "std": 0.12750501203808218, "radius": 0.01588259153716819, "file": "/home/dylan-l/maude-hcs/use-cases/challenge-problem-3/cp3_scenarios/scenario2/pwnd_cp3_scenario_2-quatex.maude", "line": 150, "column": 1, "nsims": 250, "discarded": 0}, {"mean": 0.6697741615299614, "std": 0.1460185332160531, "radius": 0.018188718097091987, "file": "/home/dylan-l/maude-hcs/use-cases/challenge-problem-3/cp3_scenarios/scenario2/pwnd_cp3_scenario_2-quatex.maude", "line": 151, "column": 1, "nsims": 250, "discarded": 0}, {"mean": 0.7097250546673977, "std": 0.12753747294058265, "radius": 0.015886635011594034, "file": "/home/dylan-l/maude-hcs/use-cases/challenge-problem-3/cp3_scenarios/scenario2/pwnd_cp3_scenario_2-quatex.maude", "line": 152, "column": 1, "nsims": 250, "discarded": 0}, {"mean": 0.4001588351804196, "std": 0.12866067056703462, "radius": 0.016026545504768414, "file": "/home/dylan-l/maude-hcs/use-cases/challenge-problem-3/cp3_scenarios/scenario2/pwnd_cp3_scenario_2-quatex.maude", "line": 153, "column": 1, "nsims": 250, "discarded": 0}, {"mean": 0.7269570213138556, "std": 0.19514036264121307, "radius": 0.024307551700944726, "file": "/home/dylan-l/maude-hcs/use-cases/challenge-problem-3/cp3_scenarios/scenario2/pwnd_cp3_scenario_2-quatex.maude", "line": 154, "column": 1, "nsims": 250, "discarded": 0}, {"mean": 0.5467757401457921, "std": 0.2403478886747739, "radius": 0.029938802260589346, "file": "/home/dylan-l/maude-hcs/use-cases/challenge-problem-3/cp3_scenarios/scenario2/pwnd_cp3_scenario_2-quatex.maude", "line": 155, "column": 1, "nsims": 250, "discarded": 0}, {"mean": 0.7271715007578545, "std": 0.19495735322332364, "radius": 0.024284755233689583, "file": "/home/dylan-l/maude-hcs/use-cases/challenge-problem-3/cp3_scenarios/scenario2/pwnd_cp3_scenario_2-quatex.maude", "line": 156, "column": 1, "nsims": 250, "discarded": 0}, {"mean": 0.2638798215536318, "std": 0.16211547958519867, "radius": 0.020193825348095447, "file": "/home/dylan-l/maude-hcs/use-cases/challenge-problem-3/cp3_scenarios/scenario2/pwnd_cp3_scenario_2-quatex.maude", "line": 157, "column": 1, "nsims": 250, "discarded": 0}, {"mean": 0.7062734479300071, "std": 0.12436283026189392, "radius": 0.015491187396350366, "file": "/home/dylan-l/maude-hcs/use-cases/challenge-problem-3/cp3_scenarios/scenario2/pwnd_cp3_scenario_2-quatex.maude", "line": 158, "column": 1, "nsims": 250, "discarded": 0}, {"mean": 0.6656173684960367, "std": 0.14601215991563107, "radius": 0.018187924210438213, "file": "/home/dylan-l/maude-hcs/use-cases/challenge-problem-3/cp3_scenarios/scenario2/pwnd_cp3_scenario_2-quatex.maude", "line": 159, "column": 1, "nsims": 250, "discarded": 0}, {"mean": 0.7062810482210506, "std": 0.12440692435302815, "radius": 0.015496679952505558, "file": "/home/dylan-l/maude-hcs/use-cases/challenge-problem-3/cp3_scenarios/scenario2/pwnd_cp3_scenario_2-quatex.maude", "line": 160, "column": 1, "nsims": 250, "discarded": 0}, {"mean": 0.39042473593259386, "std": 0.1266895498162157, "radius": 0.01578101393502633, "file": "/home/dylan-l/maude-hcs/use-cases/challenge-problem-3/cp3_scenarios/scenario2/pwnd_cp3_scenario_2-quatex.maude", "line": 161, "column": 1, "nsims": 250, "discarded": 0}, {"mean": 0.7253112276365168, "std": 0.19778010617698905, "radius": 0.02463636989931553, "file": "/home/dylan-l/maude-hcs/use-cases/challenge-problem-3/cp3_scenarios/scenario2/pwnd_cp3_scenario_2-quatex.maude", "line": 162, "column": 1, "nsims": 250, "discarded": 0}, {"mean": 0.545119671228391, "std": 0.24585460018030555, "radius": 0.030624742743691778, "file": "/home/dylan-l/maude-hcs/use-cases/challenge-problem-3/cp3_scenarios/scenario2/pwnd_cp3_scenario_2-quatex.maude", "line": 163, "column": 1, "nsims": 250, "discarded": 0}, {"mean": 0.7253223599625056, "std": 0.19774035991408095, "radius": 0.02463141892798658, "file": "/home/dylan-l/maude-hcs/use-cases/challenge-problem-3/cp3_scenarios/scenario2/pwnd_cp3_scenario_2-quatex.maude", "line": 164, "column": 1, "nsims": 250, "discarded": 0}, {"mean": 0.2627006342319373, "std": 0.1575282513566481, "radius": 0.019622419792523434, "file": "/home/dylan-l/maude-hcs/use-cases/challenge-problem-3/cp3_scenarios/scenario2/pwnd_cp3_scenario_2-quatex.maude", "line": 165, "column": 1, "nsims": 250, "discarded": 0}, {"mean": 20.633061281290527, "std": 13.187176566010496, "radius": 1.642653379491507, "file": "/home/dylan-l/maude-hcs/use-cases/challenge-problem-3/cp3_scenarios/scenario2/pwnd_cp3_scenario_2-quatex.maude", "line": 166, "column": 1, "nsims": 250, "discarded": 0}, {"mean": 22.775998989633546, "std": 11.457743572270926, "radius": 1.4272275119792273, "file": "/home/dylan-l/maude-hcs/use-cases/challenge-problem-3/cp3_scenarios/scenario2/pwnd_cp3_scenario_2-quatex.maude", "line": 167, "column": 1, "nsims": 250, "discarded": 0}, {"mean": 29.922811179741164, "std": 24.067964734312348, "radius": 2.9980127596229775, "file": "/home/dylan-l/maude-hcs/use-cases/challenge-problem-3/cp3_scenarios/scenario2/pwnd_cp3_scenario_2-quatex.maude", "line": 168, "column": 1, "nsims": 250, "discarded": 0}, {"mean": 23.003990886235954, "std": 9.978070783708974, "radius": 1.242912886744158, "file": "/home/dylan-l/maude-hcs/use-cases/challenge-problem-3/cp3_scenarios/scenario2/pwnd_cp3_scenario_2-quatex.maude", "line": 169, "column": 1, "nsims": 250, "discarded": 0}, {"mean": 27.97554394826166, "std": 20.82965960426088, "radius": 2.5946350662193467, "file": "/home/dylan-l/maude-hcs/use-cases/challenge-problem-3/cp3_scenarios/scenario2/pwnd_cp3_scenario_2-quatex.maude", "line": 170, "column": 1, "nsims": 250, "discarded": 0}, {"mean": 22.872010154434495, "std": 8.30550047369704, "radius": 1.0345700880847595, "file": "/home/dylan-l/maude-hcs/use-cases/challenge-problem-3/cp3_scenarios/scenario2/pwnd_cp3_scenario_2-quatex.maude", "line": 171, "column": 1, "nsims": 250, "discarded": 0}, {"mean": 31.694032258243713, "std": 34.18379025945789, "radius": 4.258084989796646, "file": "/home/dylan-l/maude-hcs/use-cases/challenge-problem-3/cp3_scenarios/scenario2/pwnd_cp3_scenario_2-quatex.maude", "line": 172, "column": 1, "nsims": 250, "discarded": 0}, {"mean": 22.81116664078047, "std": 7.7549380076198045, "radius": 0.9659895779963478, "file": "/home/dylan-l/maude-hcs/use-cases/challenge-problem-3/cp3_scenarios/scenario2/pwnd_cp3_scenario_2-quatex.maude", "line": 173, "column": 1, "nsims": 250, "discarded": 0}, {"mean": 28.476014422905447, "std": 18.764193151737878, "radius": 2.3373513761527263, "file": "/home/dylan-l/maude-hcs/use-cases/challenge-problem-3/cp3_scenarios/scenario2/pwnd_cp3_scenario_2-quatex.maude", "line": 174, "column": 1, "nsims": 250, "discarded": 0}, {"mean": 22.53929750449888, "std": 7.212213801390997, "radius": 0.8983854364251015, "file": "/home/dylan-l/maude-hcs/use-cases/challenge-problem-3/cp3_scenarios/scenario2/pwnd_cp3_scenario_2-quatex.maude", "line": 175, "column": 1, "nsims": 250, "discarded": 0}, {"mean": 30.16754271612235, "std": 49.834123038341296, "radius": 6.2075600651256, "file": "/home/dylan-l/maude-hcs/use-cases/challenge-problem-3/cp3_scenarios/scenario2/pwnd_cp3_scenario_2-quatex.maude", "line": 176, "column": 1, "nsims": 250, "discarded": 0}, {"mean": 22.479486272908026, "std": 6.830353635047504, "radius": 0.8508192353055927, "file": "/home/dylan-l/maude-hcs/use-cases/challenge-problem-3/cp3_scenarios/scenario2/pwnd_cp3_scenario_2-quatex.maude", "line": 177, "column": 1, "nsims": 250, "discarded": 0}, {"mean": 30.47997234790899, "std": 29.92071262861612, "radius": 3.7270570747396605, "file": "/home/dylan-l/maude-hcs/use-cases/challenge-problem-3/cp3_scenarios/scenario2/pwnd_cp3_scenario_2-quatex.maude", "line": 178, "column": 1, "nsims": 250, "discarded": 0}, {"mean": 22.26619145824547, "std": 6.533321751850704, "radius": 0.8138196225145159, "file": "/home/dylan-l/maude-hcs/use-cases/challenge-problem-3/cp3_scenarios/scenario2/pwnd_cp3_scenario_2-quatex.maude", "line": 179, "column": 1, "nsims": 250, "discarded": 0}, {"mean": 29.106556446738097, "std": 25.558717471330183, "radius": 3.1837075525296137, "file": "/home/dylan-l/maude-hcs/use-cases/challenge-problem-3/cp3_scenarios/scenario2/pwnd_cp3_scenario_2-quatex.maude", "line": 180, "column": 1, "nsims": 250, "discarded": 0}]}
